Archive member included because of file (symbol)

c:/winavr-20080610/bin/../lib/gcc/avr/4.3.0/avr51\libgcc.a(_udivmodhi4.o)
                              main.o (__udivmodhi4)
c:/winavr-20080610/bin/../lib/gcc/avr/4.3.0/avr51\libgcc.a(_divmodhi4.o)
                              main.o (__divmodhi4)
c:/winavr-20080610/bin/../lib/gcc/avr/4.3.0/avr51\libgcc.a(_exit.o)
                              c:/winavr-20080610/bin/../lib/gcc/avr/4.3.0/../../../../avr/lib/avr51/crtm1284p.o (exit)
c:/winavr-20080610/bin/../lib/gcc/avr/4.3.0/avr51\libgcc.a(_clear_bss.o)
                              main.o (__do_clear_bss)
c:/winavr-20080610/bin/../lib/gcc/avr/4.3.0/avr51\libgcc.a(_sf_to_si.o)
                              main.o (__fixsfsi)
c:/winavr-20080610/bin/../lib/gcc/avr/4.3.0/avr51\libgcc.a(_prologue.o)
                              c:/winavr-20080610/bin/../lib/gcc/avr/4.3.0/avr51\libgcc.a(_sf_to_si.o) (__prologue_saves__)
c:/winavr-20080610/bin/../lib/gcc/avr/4.3.0/avr51\libgcc.a(_epilogue.o)
                              c:/winavr-20080610/bin/../lib/gcc/avr/4.3.0/avr51\libgcc.a(_sf_to_si.o) (__epilogue_restores__)
c:/winavr-20080610/bin/../lib/gcc/avr/4.3.0/avr51\libgcc.a(_unpack_sf.o)
                              c:/winavr-20080610/bin/../lib/gcc/avr/4.3.0/avr51\libgcc.a(_sf_to_si.o) (__unpack_f)
c:/winavr-20080610/bin/../lib/gcc/avr/4.3.0/../../../../avr/lib/avr51\libc.a(fprintf.o)
                              main.o (fprintf)
c:/winavr-20080610/bin/../lib/gcc/avr/4.3.0/../../../../avr/lib/avr51\libc.a(fputc.o)
                              main.o (fputc)
c:/winavr-20080610/bin/../lib/gcc/avr/4.3.0/../../../../avr/lib/avr51\libc.a(fputs.o)
                              main.o (fputs)
c:/winavr-20080610/bin/../lib/gcc/avr/4.3.0/../../../../avr/lib/avr51\libc.a(fscanf.o)
                              main.o (fscanf)
c:/winavr-20080610/bin/../lib/gcc/avr/4.3.0/../../../../avr/lib/avr51\libc.a(iob.o)
                              main.o (__iob)
c:/winavr-20080610/bin/../lib/gcc/avr/4.3.0/../../../../avr/lib/avr51\libc.a(sprintf.o)
                              main.o (sprintf)
c:/winavr-20080610/bin/../lib/gcc/avr/4.3.0/../../../../avr/lib/avr51\libc.a(vfprintf_std.o)
                              c:/winavr-20080610/bin/../lib/gcc/avr/4.3.0/../../../../avr/lib/avr51\libc.a(fprintf.o) (vfprintf)
c:/winavr-20080610/bin/../lib/gcc/avr/4.3.0/../../../../avr/lib/avr51\libc.a(vfscanf_std.o)
                              c:/winavr-20080610/bin/../lib/gcc/avr/4.3.0/../../../../avr/lib/avr51\libc.a(fscanf.o) (vfscanf)
c:/winavr-20080610/bin/../lib/gcc/avr/4.3.0/../../../../avr/lib/avr51\libc.a(isspace.o)
                              c:/winavr-20080610/bin/../lib/gcc/avr/4.3.0/../../../../avr/lib/avr51\libc.a(vfscanf_std.o) (isspace)
c:/winavr-20080610/bin/../lib/gcc/avr/4.3.0/../../../../avr/lib/avr51\libc.a(strchr_P.o)
                              c:/winavr-20080610/bin/../lib/gcc/avr/4.3.0/../../../../avr/lib/avr51\libc.a(vfscanf_std.o) (strchr_P)
c:/winavr-20080610/bin/../lib/gcc/avr/4.3.0/../../../../avr/lib/avr51\libc.a(strnlen_P.o)
                              c:/winavr-20080610/bin/../lib/gcc/avr/4.3.0/../../../../avr/lib/avr51\libc.a(vfprintf_std.o) (strnlen_P)
c:/winavr-20080610/bin/../lib/gcc/avr/4.3.0/../../../../avr/lib/avr51\libc.a(strnlen.o)
                              c:/winavr-20080610/bin/../lib/gcc/avr/4.3.0/../../../../avr/lib/avr51\libc.a(vfprintf_std.o) (strnlen)
c:/winavr-20080610/bin/../lib/gcc/avr/4.3.0/../../../../avr/lib/avr51\libc.a(fgetc.o)
                              c:/winavr-20080610/bin/../lib/gcc/avr/4.3.0/../../../../avr/lib/avr51\libc.a(vfscanf_std.o) (fgetc)
c:/winavr-20080610/bin/../lib/gcc/avr/4.3.0/../../../../avr/lib/avr51\libc.a(ungetc.o)
                              c:/winavr-20080610/bin/../lib/gcc/avr/4.3.0/../../../../avr/lib/avr51\libc.a(vfscanf_std.o) (ungetc)
c:/winavr-20080610/bin/../lib/gcc/avr/4.3.0/../../../../avr/lib/avr51\libc.a(ultoa_invert.o)
                              c:/winavr-20080610/bin/../lib/gcc/avr/4.3.0/../../../../avr/lib/avr51\libc.a(vfprintf_std.o) (__ultoa_invert)
c:/winavr-20080610/bin/../lib/gcc/avr/4.3.0/../../../../avr/lib/avr51\libc.a(cty_isfalse.o)
                              c:/winavr-20080610/bin/../lib/gcc/avr/4.3.0/../../../../avr/lib/avr51\libc.a(isspace.o) (__ctype_isfalse)

Allocating common symbols
Common symbol       size              file

int_gain            0x4               main.o
args                0x4               main.o
lcd_buffer          0x11              main.o
diff_gain           0x2               main.o
motor_period_ovlf   0x2               main.o
kernel              0x40              main.o
prop_gain           0x2               main.o
speed               0x2               main.o
trt_rx_c            0x1               main.o
__iob               0x6               c:/winavr-20080610/bin/../lib/gcc/avr/4.3.0/../../../../avr/lib/avr51\libc.a(iob.o)
motor_period        0x2               main.o

Memory Configuration

Name             Origin             Length             Attributes
text             0x00000000         0x00020000         xr
data             0x00800060         0x0000ffa0         rw !x
eeprom           0x00810000         0x00010000         rw !x
fuse             0x00820000         0x00000400         rw !x
lock             0x00830000         0x00000400         rw !x
signature        0x00840000         0x00000400         rw !x
*default*        0x00000000         0xffffffff

Linker script and memory map

Address of section .data set to 0x800100
LOAD c:/winavr-20080610/bin/../lib/gcc/avr/4.3.0/../../../../avr/lib/avr51/crtm1284p.o
LOAD main.o
LOAD c:/winavr-20080610/bin/../lib/gcc/avr/4.3.0/avr51\libgcc.a
LOAD c:/winavr-20080610/bin/../lib/gcc/avr/4.3.0/../../../../avr/lib/avr51\libc.a
LOAD c:/winavr-20080610/bin/../lib/gcc/avr/4.3.0/avr51\libgcc.a

.hash
 *(.hash)

.dynsym
 *(.dynsym)

.dynstr
 *(.dynstr)

.gnu.version
 *(.gnu.version)

.gnu.version_d
 *(.gnu.version_d)

.gnu.version_r
 *(.gnu.version_r)

.rel.init
 *(.rel.init)

.rela.init
 *(.rela.init)

.rel.text
 *(.rel.text)
 *(.rel.text.*)
 *(.rel.gnu.linkonce.t*)

.rela.text
 *(.rela.text)
 *(.rela.text.*)
 *(.rela.gnu.linkonce.t*)

.rel.fini
 *(.rel.fini)

.rela.fini
 *(.rela.fini)

.rel.rodata
 *(.rel.rodata)
 *(.rel.rodata.*)
 *(.rel.gnu.linkonce.r*)

.rela.rodata
 *(.rela.rodata)
 *(.rela.rodata.*)
 *(.rela.gnu.linkonce.r*)

.rel.data
 *(.rel.data)
 *(.rel.data.*)
 *(.rel.gnu.linkonce.d*)

.rela.data
 *(.rela.data)
 *(.rela.data.*)
 *(.rela.gnu.linkonce.d*)

.rel.ctors
 *(.rel.ctors)

.rela.ctors
 *(.rela.ctors)

.rel.dtors
 *(.rel.dtors)

.rela.dtors
 *(.rela.dtors)

.rel.got
 *(.rel.got)

.rela.got
 *(.rela.got)

.rel.bss
 *(.rel.bss)

.rela.bss
 *(.rela.bss)

.rel.plt
 *(.rel.plt)

.rela.plt
 *(.rela.plt)

.text           0x00000000     0x1fb2
 *(.vectors)
 .vectors       0x00000000       0x8c c:/winavr-20080610/bin/../lib/gcc/avr/4.3.0/../../../../avr/lib/avr51/crtm1284p.o
                0x00000000                __vectors
                0x00000000                __vector_default
 *(.vectors)
 *(.progmem.gcc*)
 *(.progmem*)
 .progmem.data  0x0000008c       0x4f main.o
                0x000000cc                LCD_initialize
                0x000000d2                LCD_number
                0x0000008c                LcdCustomChar
 .progmem.data  0x000000db        0xc c:/winavr-20080610/bin/../lib/gcc/avr/4.3.0/../../../../avr/lib/avr51\libc.a(vfscanf_std.o)
                0x000000e8                . = ALIGN (0x2)
 *fill*         0x000000e7        0x1 00
                0x000000e8                __trampolines_start = .
 *(.trampolines)
 .trampolines   0x000000e8        0x0 linker stubs
 *(.trampolines*)
                0x000000e8                __trampolines_end = .
 *(.jumptables)
 *(.jumptables*)
 *(.lowtext)
 *(.lowtext*)
                0x000000e8                __ctors_start = .
 *(.ctors)
                0x000000e8                __ctors_end = .
                0x000000e8                __dtors_start = .
 *(.dtors)
                0x000000e8                __dtors_end = .
 SORT(*)(.ctors)
 SORT(*)(.dtors)
 *(.init0)
 .init0         0x000000e8        0x0 c:/winavr-20080610/bin/../lib/gcc/avr/4.3.0/../../../../avr/lib/avr51/crtm1284p.o
                0x000000e8                __init
 *(.init0)
 *(.init1)
 *(.init1)
 *(.init2)
 .init2         0x000000e8        0xc c:/winavr-20080610/bin/../lib/gcc/avr/4.3.0/../../../../avr/lib/avr51/crtm1284p.o
 *(.init2)
 *(.init3)
 *(.init3)
 *(.init4)
 .init4         0x000000f4       0x1a c:/winavr-20080610/bin/../lib/gcc/avr/4.3.0/../../../../avr/lib/avr51/crtm1284p.o
                0x000000f4                __do_copy_data
 .init4         0x0000010e       0x10 c:/winavr-20080610/bin/../lib/gcc/avr/4.3.0/avr51\libgcc.a(_clear_bss.o)
                0x0000010e                __do_clear_bss
 *(.init4)
 *(.init5)
 *(.init5)
 *(.init6)
 *(.init6)
 *(.init7)
 *(.init7)
 *(.init8)
 *(.init8)
 *(.init9)
 .init9         0x0000011e        0x8 c:/winavr-20080610/bin/../lib/gcc/avr/4.3.0/../../../../avr/lib/avr51/crtm1284p.o
 *(.init9)
 *(.text)
 .text          0x00000126        0x4 c:/winavr-20080610/bin/../lib/gcc/avr/4.3.0/../../../../avr/lib/avr51/crtm1284p.o
                0x00000126                __vector_22
                0x00000126                __vector_28
                0x00000126                __vector_32
                0x00000126                __vector_34
                0x00000126                __vector_24
                0x00000126                __vector_12
                0x00000126                __bad_interrupt
                0x00000126                __vector_6
                0x00000126                __vector_31
                0x00000126                __vector_3
                0x00000126                __vector_23
                0x00000126                __vector_30
                0x00000126                __vector_25
                0x00000126                __vector_17
                0x00000126                __vector_19
                0x00000126                __vector_7
                0x00000126                __vector_27
                0x00000126                __vector_5
                0x00000126                __vector_33
                0x00000126                __vector_4
                0x00000126                __vector_9
                0x00000126                __vector_2
                0x00000126                __vector_15
                0x00000126                __vector_29
                0x00000126                __vector_8
                0x00000126                __vector_26
                0x00000126                __vector_14
                0x00000126                __vector_10
                0x00000126                __vector_16
                0x00000126                __vector_18
 .text          0x0000012a     0x1040 main.o
                0x00000b30                LCDinit
                0x00000cd0                __vector_1
                0x00000c18                LCDcursorLeft
                0x00000c00                LCDcursorOFF
                0x000005e2                trtCurrentTime
                0x00000f14                lcdComm
                0x00000bf0                LCDcursorOn
                0x000006e6                trt_uart_init
                0x00000612                trtSleepUntil
                0x00000a28                LCDsendCommand
                0x000004fa                trtWait
                0x0000053a                trtSignal
                0x00000bd4                LCDshiftRight
                0x00000d24                __vector_11
                0x0000042e                trtCreateTask
                0x0000084e                uart_getchar
                0x0000012a                __vector_13
                0x00000c34                LCDcursorRight
                0x00000ae8                LCDdefinechar
                0x00000bb8                LCDshiftLeft
                0x000006cc                trtAccept
                0x000009e6                LCDsendChar
                0x00000672                trtGetDeadline
                0x00000de4                main
                0x00000c10                LCDvisible
                0x00000a6a                LCDhome
                0x0000063e                trtGetRelease
                0x00000aba                CopyStringtoLCD
                0x000004ea                trtCreateSemaphore
                0x0000070c                __vector_21
                0x00000c50                LCDprogressBar
                0x00000bf8                LCDcursorOnBlink
                0x00000a9c                LCDGotoXY
                0x000006a6                trtTerminate
                0x00000d76                initialize
                0x00000a62                LCDclr
                0x000003b2                trtInitKernel
                0x00000a72                LCDstring
                0x00000d54                init_lcd
                0x00000f6c                serialComm
                0x00000c08                LCDblank
                0x000007f4                __vector_20
                0x0000079c                uart_putchar
 .text          0x0000116a        0x0 c:/winavr-20080610/bin/../lib/gcc/avr/4.3.0/avr51\libgcc.a(_udivmodhi4.o)
 .text          0x0000116a        0x0 c:/winavr-20080610/bin/../lib/gcc/avr/4.3.0/avr51\libgcc.a(_divmodhi4.o)
 .text          0x0000116a        0x0 c:/winavr-20080610/bin/../lib/gcc/avr/4.3.0/avr51\libgcc.a(_exit.o)
 .text          0x0000116a        0x0 c:/winavr-20080610/bin/../lib/gcc/avr/4.3.0/avr51\libgcc.a(_clear_bss.o)
 .text          0x0000116a       0xa8 c:/winavr-20080610/bin/../lib/gcc/avr/4.3.0/avr51\libgcc.a(_sf_to_si.o)
                0x0000116a                __fixsfsi
 .text          0x00001212        0x0 c:/winavr-20080610/bin/../lib/gcc/avr/4.3.0/avr51\libgcc.a(_prologue.o)
 .text          0x00001212        0x0 c:/winavr-20080610/bin/../lib/gcc/avr/4.3.0/avr51\libgcc.a(_epilogue.o)
 .text          0x00001212       0xf0 c:/winavr-20080610/bin/../lib/gcc/avr/4.3.0/avr51\libgcc.a(_unpack_sf.o)
                0x00001212                __unpack_f
 .text          0x00001302       0x26 c:/winavr-20080610/bin/../lib/gcc/avr/4.3.0/../../../../avr/lib/avr51\libc.a(fprintf.o)
                0x00001302                fprintf
 .text          0x00001328       0x58 c:/winavr-20080610/bin/../lib/gcc/avr/4.3.0/../../../../avr/lib/avr51\libc.a(fputc.o)
                0x00001328                fputc
 .text          0x00001380       0x52 c:/winavr-20080610/bin/../lib/gcc/avr/4.3.0/../../../../avr/lib/avr51\libc.a(fputs.o)
                0x00001380                fputs
 .text          0x000013d2       0x26 c:/winavr-20080610/bin/../lib/gcc/avr/4.3.0/../../../../avr/lib/avr51\libc.a(fscanf.o)
                0x000013d2                fscanf
 .text          0x000013f8        0x0 c:/winavr-20080610/bin/../lib/gcc/avr/4.3.0/../../../../avr/lib/avr51\libc.a(iob.o)
 .text          0x000013f8       0x46 c:/winavr-20080610/bin/../lib/gcc/avr/4.3.0/../../../../avr/lib/avr51\libc.a(sprintf.o)
                0x000013f8                sprintf
 .text          0x0000143e      0x3be c:/winavr-20080610/bin/../lib/gcc/avr/4.3.0/../../../../avr/lib/avr51\libc.a(vfprintf_std.o)
                0x0000143e                vfprintf
 .text          0x000017fc      0x52a c:/winavr-20080610/bin/../lib/gcc/avr/4.3.0/../../../../avr/lib/avr51\libc.a(vfscanf_std.o)
                0x00001b04                vfscanf
 .text          0x00001d26        0x0 c:/winavr-20080610/bin/../lib/gcc/avr/4.3.0/../../../../avr/lib/avr51\libc.a(isspace.o)
 .text          0x00001d26       0x16 c:/winavr-20080610/bin/../lib/gcc/avr/4.3.0/../../../../avr/lib/avr51\libc.a(strchr_P.o)
                0x00001d26                strchr_P
 .text          0x00001d3c       0x16 c:/winavr-20080610/bin/../lib/gcc/avr/4.3.0/../../../../avr/lib/avr51\libc.a(strnlen_P.o)
                0x00001d3c                strnlen_P
 .text          0x00001d52       0x16 c:/winavr-20080610/bin/../lib/gcc/avr/4.3.0/../../../../avr/lib/avr51\libc.a(strnlen.o)
                0x00001d52                strnlen
 .text          0x00001d68       0x84 c:/winavr-20080610/bin/../lib/gcc/avr/4.3.0/../../../../avr/lib/avr51\libc.a(fgetc.o)
                0x00001d68                fgetc
 .text          0x00001dec       0x34 c:/winavr-20080610/bin/../lib/gcc/avr/4.3.0/../../../../avr/lib/avr51\libc.a(ungetc.o)
                0x00001dec                ungetc
 .text          0x00001e20       0xbc c:/winavr-20080610/bin/../lib/gcc/avr/4.3.0/../../../../avr/lib/avr51\libc.a(ultoa_invert.o)
                0x00001e20                __ultoa_invert
 .text          0x00001edc        0x0 c:/winavr-20080610/bin/../lib/gcc/avr/4.3.0/../../../../avr/lib/avr51\libc.a(cty_isfalse.o)
                0x00001edc                . = ALIGN (0x2)
 *(.text.*)
 .text.libgcc   0x00001edc       0x28 c:/winavr-20080610/bin/../lib/gcc/avr/4.3.0/avr51\libgcc.a(_udivmodhi4.o)
                0x00001edc                __udivmodhi4
 .text.libgcc   0x00001f04       0x26 c:/winavr-20080610/bin/../lib/gcc/avr/4.3.0/avr51\libgcc.a(_divmodhi4.o)
                0x00001f04                __divmodhi4
                0x00001f04                _div
 .text.libgcc   0x00001f2a        0x0 c:/winavr-20080610/bin/../lib/gcc/avr/4.3.0/avr51\libgcc.a(_exit.o)
 .text.libgcc   0x00001f2a        0x0 c:/winavr-20080610/bin/../lib/gcc/avr/4.3.0/avr51\libgcc.a(_clear_bss.o)
 .text.libgcc   0x00001f2a       0x38 c:/winavr-20080610/bin/../lib/gcc/avr/4.3.0/avr51\libgcc.a(_prologue.o)
                0x00001f2a                __prologue_saves__
 .text.libgcc   0x00001f62       0x36 c:/winavr-20080610/bin/../lib/gcc/avr/4.3.0/avr51\libgcc.a(_epilogue.o)
                0x00001f62                __epilogue_restores__
 .text.ctype    0x00001f98       0x10 c:/winavr-20080610/bin/../lib/gcc/avr/4.3.0/../../../../avr/lib/avr51\libc.a(isspace.o)
                0x00001f98                isspace
 .text.ctype    0x00001fa8        0x6 c:/winavr-20080610/bin/../lib/gcc/avr/4.3.0/../../../../avr/lib/avr51\libc.a(cty_isfalse.o)
                0x00001fac                __ctype_istrue
                0x00001fa8                __ctype_isfalse
                0x00001fae                . = ALIGN (0x2)
 *(.fini9)
 .fini9         0x00001fae        0x0 c:/winavr-20080610/bin/../lib/gcc/avr/4.3.0/avr51\libgcc.a(_exit.o)
                0x00001fae                exit
                0x00001fae                _exit
 *(.fini9)
 *(.fini8)
 *(.fini8)
 *(.fini7)
 *(.fini7)
 *(.fini6)
 *(.fini6)
 *(.fini5)
 *(.fini5)
 *(.fini4)
 *(.fini4)
 *(.fini3)
 *(.fini3)
 *(.fini2)
 *(.fini2)
 *(.fini1)
 *(.fini1)
 *(.fini0)
 .fini0         0x00001fae        0x4 c:/winavr-20080610/bin/../lib/gcc/avr/4.3.0/avr51\libgcc.a(_exit.o)
 *(.fini0)
                0x00001fb2                _etext = .

.data           0x00800100       0x38 load address 0x00001fb2
                0x00800100                PROVIDE (__data_start, .)
 *(.data)
 .data          0x00800100        0x0 c:/winavr-20080610/bin/../lib/gcc/avr/4.3.0/../../../../avr/lib/avr51/crtm1284p.o
 .data          0x00800100       0x38 main.o
                0x0080012a                uart0
 .data          0x00800138        0x0 c:/winavr-20080610/bin/../lib/gcc/avr/4.3.0/avr51\libgcc.a(_udivmodhi4.o)
 .data          0x00800138        0x0 c:/winavr-20080610/bin/../lib/gcc/avr/4.3.0/avr51\libgcc.a(_divmodhi4.o)
 .data          0x00800138        0x0 c:/winavr-20080610/bin/../lib/gcc/avr/4.3.0/avr51\libgcc.a(_exit.o)
 .data          0x00800138        0x0 c:/winavr-20080610/bin/../lib/gcc/avr/4.3.0/avr51\libgcc.a(_clear_bss.o)
 .data          0x00800138        0x0 c:/winavr-20080610/bin/../lib/gcc/avr/4.3.0/avr51\libgcc.a(_sf_to_si.o)
 .data          0x00800138        0x0 c:/winavr-20080610/bin/../lib/gcc/avr/4.3.0/avr51\libgcc.a(_prologue.o)
 .data          0x00800138        0x0 c:/winavr-20080610/bin/../lib/gcc/avr/4.3.0/avr51\libgcc.a(_epilogue.o)
 .data          0x00800138        0x0 c:/winavr-20080610/bin/../lib/gcc/avr/4.3.0/avr51\libgcc.a(_unpack_sf.o)
 .data          0x00800138        0x0 c:/winavr-20080610/bin/../lib/gcc/avr/4.3.0/../../../../avr/lib/avr51\libc.a(fprintf.o)
 .data          0x00800138        0x0 c:/winavr-20080610/bin/../lib/gcc/avr/4.3.0/../../../../avr/lib/avr51\libc.a(fputc.o)
 .data          0x00800138        0x0 c:/winavr-20080610/bin/../lib/gcc/avr/4.3.0/../../../../avr/lib/avr51\libc.a(fputs.o)
 .data          0x00800138        0x0 c:/winavr-20080610/bin/../lib/gcc/avr/4.3.0/../../../../avr/lib/avr51\libc.a(fscanf.o)
 .data          0x00800138        0x0 c:/winavr-20080610/bin/../lib/gcc/avr/4.3.0/../../../../avr/lib/avr51\libc.a(iob.o)
 .data          0x00800138        0x0 c:/winavr-20080610/bin/../lib/gcc/avr/4.3.0/../../../../avr/lib/avr51\libc.a(sprintf.o)
 .data          0x00800138        0x0 c:/winavr-20080610/bin/../lib/gcc/avr/4.3.0/../../../../avr/lib/avr51\libc.a(vfprintf_std.o)
 .data          0x00800138        0x0 c:/winavr-20080610/bin/../lib/gcc/avr/4.3.0/../../../../avr/lib/avr51\libc.a(vfscanf_std.o)
 .data          0x00800138        0x0 c:/winavr-20080610/bin/../lib/gcc/avr/4.3.0/../../../../avr/lib/avr51\libc.a(isspace.o)
 .data          0x00800138        0x0 c:/winavr-20080610/bin/../lib/gcc/avr/4.3.0/../../../../avr/lib/avr51\libc.a(strchr_P.o)
 .data          0x00800138        0x0 c:/winavr-20080610/bin/../lib/gcc/avr/4.3.0/../../../../avr/lib/avr51\libc.a(strnlen_P.o)
 .data          0x00800138        0x0 c:/winavr-20080610/bin/../lib/gcc/avr/4.3.0/../../../../avr/lib/avr51\libc.a(strnlen.o)
 .data          0x00800138        0x0 c:/winavr-20080610/bin/../lib/gcc/avr/4.3.0/../../../../avr/lib/avr51\libc.a(fgetc.o)
 .data          0x00800138        0x0 c:/winavr-20080610/bin/../lib/gcc/avr/4.3.0/../../../../avr/lib/avr51\libc.a(ungetc.o)
 .data          0x00800138        0x0 c:/winavr-20080610/bin/../lib/gcc/avr/4.3.0/../../../../avr/lib/avr51\libc.a(ultoa_invert.o)
 .data          0x00800138        0x0 c:/winavr-20080610/bin/../lib/gcc/avr/4.3.0/../../../../avr/lib/avr51\libc.a(cty_isfalse.o)
 *(.data*)
 *(.rodata)
 *(.rodata*)
 *(.gnu.linkonce.d*)
                0x00800138                . = ALIGN (0x2)
                0x00800138                _edata = .
                0x00800138                PROVIDE (__data_end, .)

.bss            0x00800138      0x188 load address 0x00001fea
                0x00800138                PROVIDE (__bss_start, .)
 *(.bss)
 .bss           0x00800138        0x0 c:/winavr-20080610/bin/../lib/gcc/avr/4.3.0/../../../../avr/lib/avr51/crtm1284p.o
 .bss           0x00800138      0x11e main.o
 .bss           0x00800256        0x0 c:/winavr-20080610/bin/../lib/gcc/avr/4.3.0/avr51\libgcc.a(_udivmodhi4.o)
 .bss           0x00800256        0x0 c:/winavr-20080610/bin/../lib/gcc/avr/4.3.0/avr51\libgcc.a(_divmodhi4.o)
 .bss           0x00800256        0x0 c:/winavr-20080610/bin/../lib/gcc/avr/4.3.0/avr51\libgcc.a(_exit.o)
 .bss           0x00800256        0x0 c:/winavr-20080610/bin/../lib/gcc/avr/4.3.0/avr51\libgcc.a(_clear_bss.o)
 .bss           0x00800256        0x0 c:/winavr-20080610/bin/../lib/gcc/avr/4.3.0/avr51\libgcc.a(_sf_to_si.o)
 .bss           0x00800256        0x0 c:/winavr-20080610/bin/../lib/gcc/avr/4.3.0/avr51\libgcc.a(_prologue.o)
 .bss           0x00800256        0x0 c:/winavr-20080610/bin/../lib/gcc/avr/4.3.0/avr51\libgcc.a(_epilogue.o)
 .bss           0x00800256        0x0 c:/winavr-20080610/bin/../lib/gcc/avr/4.3.0/avr51\libgcc.a(_unpack_sf.o)
 .bss           0x00800256        0x0 c:/winavr-20080610/bin/../lib/gcc/avr/4.3.0/../../../../avr/lib/avr51\libc.a(fprintf.o)
 .bss           0x00800256        0x0 c:/winavr-20080610/bin/../lib/gcc/avr/4.3.0/../../../../avr/lib/avr51\libc.a(fputc.o)
 .bss           0x00800256        0x0 c:/winavr-20080610/bin/../lib/gcc/avr/4.3.0/../../../../avr/lib/avr51\libc.a(fputs.o)
 .bss           0x00800256        0x0 c:/winavr-20080610/bin/../lib/gcc/avr/4.3.0/../../../../avr/lib/avr51\libc.a(fscanf.o)
 .bss           0x00800256        0x0 c:/winavr-20080610/bin/../lib/gcc/avr/4.3.0/../../../../avr/lib/avr51\libc.a(iob.o)
 .bss           0x00800256        0x0 c:/winavr-20080610/bin/../lib/gcc/avr/4.3.0/../../../../avr/lib/avr51\libc.a(sprintf.o)
 .bss           0x00800256        0x0 c:/winavr-20080610/bin/../lib/gcc/avr/4.3.0/../../../../avr/lib/avr51\libc.a(vfprintf_std.o)
 .bss           0x00800256        0x0 c:/winavr-20080610/bin/../lib/gcc/avr/4.3.0/../../../../avr/lib/avr51\libc.a(vfscanf_std.o)
 .bss           0x00800256        0x0 c:/winavr-20080610/bin/../lib/gcc/avr/4.3.0/../../../../avr/lib/avr51\libc.a(isspace.o)
 .bss           0x00800256        0x0 c:/winavr-20080610/bin/../lib/gcc/avr/4.3.0/../../../../avr/lib/avr51\libc.a(strchr_P.o)
 .bss           0x00800256        0x0 c:/winavr-20080610/bin/../lib/gcc/avr/4.3.0/../../../../avr/lib/avr51\libc.a(strnlen_P.o)
 .bss           0x00800256        0x0 c:/winavr-20080610/bin/../lib/gcc/avr/4.3.0/../../../../avr/lib/avr51\libc.a(strnlen.o)
 .bss           0x00800256        0x0 c:/winavr-20080610/bin/../lib/gcc/avr/4.3.0/../../../../avr/lib/avr51\libc.a(fgetc.o)
 .bss           0x00800256        0x0 c:/winavr-20080610/bin/../lib/gcc/avr/4.3.0/../../../../avr/lib/avr51\libc.a(ungetc.o)
 .bss           0x00800256        0x0 c:/winavr-20080610/bin/../lib/gcc/avr/4.3.0/../../../../avr/lib/avr51\libc.a(ultoa_invert.o)
 .bss           0x00800256        0x0 c:/winavr-20080610/bin/../lib/gcc/avr/4.3.0/../../../../avr/lib/avr51\libc.a(cty_isfalse.o)
 *(.bss*)
 *(COMMON)
 COMMON         0x00800256       0x64 main.o
                0x00800256                int_gain
                0x0080025a                args
                0x0080025e                lcd_buffer
                0x0080026f                diff_gain
                0x00800271                motor_period_ovlf
                0x00800273                kernel
                0x008002b3                prop_gain
                0x008002b5                speed
                0x008002b7                trt_rx_c
                0x008002b8                motor_period
 COMMON         0x008002ba        0x6 c:/winavr-20080610/bin/../lib/gcc/avr/4.3.0/../../../../avr/lib/avr51\libc.a(iob.o)
                0x008002ba                __iob
                0x008002c0                PROVIDE (__bss_end, .)
                0x00001fb2                __data_load_start = LOADADDR (.data)
                0x00001fea                __data_load_end = (__data_load_start + SIZEOF (.data))

.noinit         0x008002c0        0x0
                0x008002c0                PROVIDE (__noinit_start, .)
 *(.noinit*)
                0x008002c0                PROVIDE (__noinit_end, .)
                0x008002c0                _end = .
                0x008002c0                PROVIDE (__heap_start, .)

.eeprom         0x00810000        0x0
 *(.eeprom*)
                0x00810000                __eeprom_end = .

.fuse
 *(.fuse)
 *(.lfuse)
 *(.hfuse)
 *(.efuse)

.lock
 *(.lock*)

.signature
 *(.signature*)

.stab
 *(.stab)

.stabstr
 *(.stabstr)

.stab.excl
 *(.stab.excl)

.stab.exclstr
 *(.stab.exclstr)

.stab.index
 *(.stab.index)

.stab.indexstr
 *(.stab.indexstr)

.comment
 *(.comment)

.debug
 *(.debug)

.line
 *(.line)

.debug_srcinfo
 *(.debug_srcinfo)

.debug_sfnames
 *(.debug_sfnames)

.debug_aranges  0x00000000       0x20
 *(.debug_aranges)
 .debug_aranges
                0x00000000       0x20 main.o

.debug_pubnames
                0x00000000      0x390
 *(.debug_pubnames)
 .debug_pubnames
                0x00000000      0x390 main.o

.debug_info     0x00000000     0x118d
 *(.debug_info)
 .debug_info    0x00000000     0x118d main.o
 *(.gnu.linkonce.wi.*)

.debug_abbrev   0x00000000      0x324
 *(.debug_abbrev)
 .debug_abbrev  0x00000000      0x324 main.o

.debug_line     0x00000000      0xec8
 *(.debug_line)
 .debug_line    0x00000000      0xec8 main.o

.debug_frame    0x00000000      0x2c0
 *(.debug_frame)
 .debug_frame   0x00000000      0x2c0 main.o

.debug_str      0x00000000      0x4b0
 *(.debug_str)
 .debug_str     0x00000000      0x4b0 main.o
                                0x51e (size before relaxing)

.debug_loc      0x00000000      0xc22
 *(.debug_loc)
 .debug_loc     0x00000000      0xc22 main.o

.debug_macinfo
 *(.debug_macinfo)
OUTPUT(Lab5_motor.elf elf32-avr)
LOAD linker stubs
