Archive member included because of file (symbol)

d:/program files/atmel/avr tools/avr toolchain/bin/../lib/gcc/avr/4.7.2/../../../../avr/lib/avr51\libm.a(floatsisf.o)
                              lab1.o (__floatunsisf)
d:/program files/atmel/avr tools/avr toolchain/bin/../lib/gcc/avr/4.7.2/../../../../avr/lib/avr51\libm.a(mulsf3.o)
                              lab1.o (__mulsf3)
d:/program files/atmel/avr tools/avr toolchain/bin/../lib/gcc/avr/4.7.2/../../../../avr/lib/avr51\libm.a(mulsf3x.o)
                              d:/program files/atmel/avr tools/avr toolchain/bin/../lib/gcc/avr/4.7.2/../../../../avr/lib/avr51\libm.a(mulsf3.o) (__mulsf3x)
d:/program files/atmel/avr tools/avr toolchain/bin/../lib/gcc/avr/4.7.2/../../../../avr/lib/avr51\libm.a(fp_inf.o)
                              d:/program files/atmel/avr tools/avr toolchain/bin/../lib/gcc/avr/4.7.2/../../../../avr/lib/avr51\libm.a(mulsf3x.o) (__fp_inf)
d:/program files/atmel/avr tools/avr toolchain/bin/../lib/gcc/avr/4.7.2/../../../../avr/lib/avr51\libm.a(fp_nan.o)
                              d:/program files/atmel/avr tools/avr toolchain/bin/../lib/gcc/avr/4.7.2/../../../../avr/lib/avr51\libm.a(mulsf3x.o) (__fp_nan)
d:/program files/atmel/avr tools/avr toolchain/bin/../lib/gcc/avr/4.7.2/../../../../avr/lib/avr51\libm.a(fp_pscA.o)
                              d:/program files/atmel/avr tools/avr toolchain/bin/../lib/gcc/avr/4.7.2/../../../../avr/lib/avr51\libm.a(mulsf3x.o) (__fp_pscA)
d:/program files/atmel/avr tools/avr toolchain/bin/../lib/gcc/avr/4.7.2/../../../../avr/lib/avr51\libm.a(fp_pscB.o)
                              d:/program files/atmel/avr tools/avr toolchain/bin/../lib/gcc/avr/4.7.2/../../../../avr/lib/avr51\libm.a(mulsf3x.o) (__fp_pscB)
d:/program files/atmel/avr tools/avr toolchain/bin/../lib/gcc/avr/4.7.2/../../../../avr/lib/avr51\libm.a(fp_round.o)
                              d:/program files/atmel/avr tools/avr toolchain/bin/../lib/gcc/avr/4.7.2/../../../../avr/lib/avr51\libm.a(mulsf3.o) (__fp_round)
d:/program files/atmel/avr tools/avr toolchain/bin/../lib/gcc/avr/4.7.2/../../../../avr/lib/avr51\libm.a(fp_split3.o)
                              d:/program files/atmel/avr tools/avr toolchain/bin/../lib/gcc/avr/4.7.2/../../../../avr/lib/avr51\libm.a(mulsf3x.o) (__fp_split3)
d:/program files/atmel/avr tools/avr toolchain/bin/../lib/gcc/avr/4.7.2/../../../../avr/lib/avr51\libm.a(fp_zero.o)
                              d:/program files/atmel/avr tools/avr toolchain/bin/../lib/gcc/avr/4.7.2/../../../../avr/lib/avr51\libm.a(mulsf3x.o) (__fp_szero)
d:/program files/atmel/avr tools/avr toolchain/bin/../lib/gcc/avr/4.7.2/../../../../avr/lib/avr51\libprintf_flt.a(vfprintf_flt.o)
                              (vfprintf)
d:/program files/atmel/avr tools/avr toolchain/bin/../lib/gcc/avr/4.7.2/avr51\libgcc.a(_udivmodhi4.o)
                              lcd_lib.o (__udivmodhi4)
d:/program files/atmel/avr tools/avr toolchain/bin/../lib/gcc/avr/4.7.2/avr51\libgcc.a(_divmodhi4.o)
                              lcd_lib.o (__divmodhi4)
d:/program files/atmel/avr tools/avr toolchain/bin/../lib/gcc/avr/4.7.2/avr51\libgcc.a(_exit.o)
                              d:/program files/atmel/avr tools/avr toolchain/bin/../lib/gcc/avr/4.7.2/../../../../avr/lib/avr51/crtm1284p.o (exit)
d:/program files/atmel/avr tools/avr toolchain/bin/../lib/gcc/avr/4.7.2/avr51\libgcc.a(_copy_data.o)
                              lab1.o (__do_copy_data)
d:/program files/atmel/avr tools/avr toolchain/bin/../lib/gcc/avr/4.7.2/avr51\libgcc.a(_clear_bss.o)
                              lab1.o (__do_clear_bss)
d:/program files/atmel/avr tools/avr toolchain/bin/../lib/gcc/avr/4.7.2/../../../../avr/lib/avr51\libc.a(ftoa_engine.o)
                              d:/program files/atmel/avr tools/avr toolchain/bin/../lib/gcc/avr/4.7.2/../../../../avr/lib/avr51\libprintf_flt.a(vfprintf_flt.o) (__ftoa_engine)
d:/program files/atmel/avr tools/avr toolchain/bin/../lib/gcc/avr/4.7.2/../../../../avr/lib/avr51\libc.a(strnlen_P.o)
                              d:/program files/atmel/avr tools/avr toolchain/bin/../lib/gcc/avr/4.7.2/../../../../avr/lib/avr51\libprintf_flt.a(vfprintf_flt.o) (strnlen_P)
d:/program files/atmel/avr tools/avr toolchain/bin/../lib/gcc/avr/4.7.2/../../../../avr/lib/avr51\libc.a(strcpy.o)
                              lab1.o (strcpy)
d:/program files/atmel/avr tools/avr toolchain/bin/../lib/gcc/avr/4.7.2/../../../../avr/lib/avr51\libc.a(strnlen.o)
                              d:/program files/atmel/avr tools/avr toolchain/bin/../lib/gcc/avr/4.7.2/../../../../avr/lib/avr51\libprintf_flt.a(vfprintf_flt.o) (strnlen)
d:/program files/atmel/avr tools/avr toolchain/bin/../lib/gcc/avr/4.7.2/../../../../avr/lib/avr51\libc.a(fputc.o)
                              d:/program files/atmel/avr tools/avr toolchain/bin/../lib/gcc/avr/4.7.2/../../../../avr/lib/avr51\libprintf_flt.a(vfprintf_flt.o) (fputc)
d:/program files/atmel/avr tools/avr toolchain/bin/../lib/gcc/avr/4.7.2/../../../../avr/lib/avr51\libc.a(sprintf.o)
                              lab1.o (sprintf)
d:/program files/atmel/avr tools/avr toolchain/bin/../lib/gcc/avr/4.7.2/../../../../avr/lib/avr51\libc.a(ultoa_invert.o)
                              d:/program files/atmel/avr tools/avr toolchain/bin/../lib/gcc/avr/4.7.2/../../../../avr/lib/avr51\libprintf_flt.a(vfprintf_flt.o) (__ultoa_invert)

Allocating common symbols
Common symbol       size              file

lcd_time_count      0x2               lab1.o
lcd_buffer          0x11              lab1.o
anipos              0x1               lab1.o
charge_cycles       0x2               lab1.o
cap_discharged      0x2               lab1.o
capacitance         0x4               lab1.o
dir                 0x1               lab1.o
led_time_count      0x2               lab1.o
begin_cap_measurement
                    0x2               lab1.o
cap_charged         0x2               lab1.o

Memory Configuration

Name             Origin             Length             Attributes
text             0x00000000         0x00020000         xr
data             0x00800100         0x0000ff00         rw !x
eeprom           0x00810000         0x00010000         rw !x
fuse             0x00820000         0x00000400         rw !x
lock             0x00830000         0x00000400         rw !x
signature        0x00840000         0x00000400         rw !x
user_signatures  0x00850000         0x00000400         rw !x
*default*        0x00000000         0xffffffff

Linker script and memory map

Address of section .data set to 0x800100
LOAD d:/program files/atmel/avr tools/avr toolchain/bin/../lib/gcc/avr/4.7.2/../../../../avr/lib/avr51/crtm1284p.o
LOAD lab1.o
LOAD lcd_lib.o
LOAD d:/program files/atmel/avr tools/avr toolchain/bin/../lib/gcc/avr/4.7.2/../../../../avr/lib/avr51\libm.a
LOAD d:/program files/atmel/avr tools/avr toolchain/bin/../lib/gcc/avr/4.7.2/../../../../avr/lib/avr51\libprintf_flt.a
LOAD d:/program files/atmel/avr tools/avr toolchain/bin/../lib/gcc/avr/4.7.2/avr51\libgcc.a
LOAD d:/program files/atmel/avr tools/avr toolchain/bin/../lib/gcc/avr/4.7.2/../../../../avr/lib/avr51\libc.a
LOAD d:/program files/atmel/avr tools/avr toolchain/bin/../lib/gcc/avr/4.7.2/avr51\libgcc.a

.hash
 *(.hash)

.dynsym
 *(.dynsym)

.dynstr
 *(.dynstr)

.gnu.version
 *(.gnu.version)

.gnu.version_d
 *(.gnu.version_d)

.gnu.version_r
 *(.gnu.version_r)

.rel.init
 *(.rel.init)

.rela.init
 *(.rela.init)

.rel.text
 *(.rel.text)
 *(.rel.text.*)
 *(.rel.gnu.linkonce.t*)

.rela.text
 *(.rela.text)
 *(.rela.text.*)
 *(.rela.gnu.linkonce.t*)

.rel.fini
 *(.rel.fini)

.rela.fini
 *(.rela.fini)

.rel.rodata
 *(.rel.rodata)
 *(.rel.rodata.*)
 *(.rel.gnu.linkonce.r*)

.rela.rodata
 *(.rela.rodata)
 *(.rela.rodata.*)
 *(.rela.gnu.linkonce.r*)

.rel.data
 *(.rel.data)
 *(.rel.data.*)
 *(.rel.gnu.linkonce.d*)

.rela.data
 *(.rela.data)
 *(.rela.data.*)
 *(.rela.gnu.linkonce.d*)

.rel.ctors
 *(.rel.ctors)

.rela.ctors
 *(.rela.ctors)

.rel.dtors
 *(.rel.dtors)

.rela.dtors
 *(.rela.dtors)

.rel.got
 *(.rel.got)

.rela.got
 *(.rela.got)

.rel.bss
 *(.rel.bss)

.rela.bss
 *(.rela.bss)

.rel.plt
 *(.rel.plt)

.rela.plt
 *(.rela.plt)

.text           0x00000000     0x160e
 *(.vectors)
 .vectors       0x00000000       0x8c d:/program files/atmel/avr tools/avr toolchain/bin/../lib/gcc/avr/4.7.2/../../../../avr/lib/avr51/crtm1284p.o
                0x00000000                __vector_default
                0x00000000                __vectors
 *(.vectors)
 *(.progmem.gcc*)
 *(.progmem*)
 .progmem.data  0x0000008c       0x1f lab1.o
                0x0000008c                LCD_number
                0x0000009a                LCD_initialize
 .progmem.data  0x000000ab       0x40 lcd_lib.o
                0x000000ab                LcdCustomChar
 .progmem.data  0x000000eb        0x8 d:/program files/atmel/avr tools/avr toolchain/bin/../lib/gcc/avr/4.7.2/../../../../avr/lib/avr51\libprintf_flt.a(vfprintf_flt.o)
 .progmem.data  0x000000f3       0xfa d:/program files/atmel/avr tools/avr toolchain/bin/../lib/gcc/avr/4.7.2/../../../../avr/lib/avr51\libc.a(ftoa_engine.o)
                0x000001ee                . = ALIGN (0x2)
 *fill*         0x000001ed        0x1 
                0x000001ee                __trampolines_start = .
 *(.trampolines)
 .trampolines   0x000001ee        0x0 linker stubs
 *(.trampolines*)
                0x000001ee                __trampolines_end = .
 *(.jumptables)
 *(.jumptables*)
 *(.lowtext)
 *(.lowtext*)
                0x000001ee                __ctors_start = .
 *(.ctors)
                0x000001ee                __ctors_end = .
                0x000001ee                __dtors_start = .
 *(.dtors)
                0x000001ee                __dtors_end = .
 SORT(*)(.ctors)
 SORT(*)(.dtors)
 *(.init0)
 .init0         0x000001ee        0x0 d:/program files/atmel/avr tools/avr toolchain/bin/../lib/gcc/avr/4.7.2/../../../../avr/lib/avr51/crtm1284p.o
                0x000001ee                __init
 *(.init0)
 *(.init1)
 *(.init1)
 *(.init2)
 .init2         0x000001ee        0xc d:/program files/atmel/avr tools/avr toolchain/bin/../lib/gcc/avr/4.7.2/../../../../avr/lib/avr51/crtm1284p.o
 *(.init2)
 *(.init3)
 *(.init3)
 *(.init4)
 .init4         0x000001fa       0x1a d:/program files/atmel/avr tools/avr toolchain/bin/../lib/gcc/avr/4.7.2/avr51\libgcc.a(_copy_data.o)
                0x000001fa                __do_copy_data
 .init4         0x00000214       0x10 d:/program files/atmel/avr tools/avr toolchain/bin/../lib/gcc/avr/4.7.2/avr51\libgcc.a(_clear_bss.o)
                0x00000214                __do_clear_bss
 *(.init4)
 *(.init5)
 *(.init5)
 *(.init6)
 *(.init6)
 *(.init7)
 *(.init7)
 *(.init8)
 *(.init8)
 *(.init9)
 .init9         0x00000224        0x8 d:/program files/atmel/avr tools/avr toolchain/bin/../lib/gcc/avr/4.7.2/../../../../avr/lib/avr51/crtm1284p.o
 *(.init9)
 *(.text)
 .text          0x0000022c        0x4 d:/program files/atmel/avr tools/avr toolchain/bin/../lib/gcc/avr/4.7.2/../../../../avr/lib/avr51/crtm1284p.o
                0x0000022c                __vector_22
                0x0000022c                __vector_28
                0x0000022c                __vector_1
                0x0000022c                __vector_32
                0x0000022c                __vector_34
                0x0000022c                __vector_24
                0x0000022c                __bad_interrupt
                0x0000022c                __vector_6
                0x0000022c                __vector_31
                0x0000022c                __vector_3
                0x0000022c                __vector_23
                0x0000022c                __vector_30
                0x0000022c                __vector_25
                0x0000022c                __vector_11
                0x0000022c                __vector_17
                0x0000022c                __vector_19
                0x0000022c                __vector_7
                0x0000022c                __vector_27
                0x0000022c                __vector_5
                0x0000022c                __vector_33
                0x0000022c                __vector_4
                0x0000022c                __vector_9
                0x0000022c                __vector_2
                0x0000022c                __vector_21
                0x0000022c                __vector_15
                0x0000022c                __vector_29
                0x0000022c                __vector_8
                0x0000022c                __vector_26
                0x0000022c                __vector_14
                0x0000022c                __vector_10
                0x0000022c                __vector_18
                0x0000022c                __vector_20
 .text          0x00000230      0x29c lab1.o
                0x00000230                init_cap_measurement_analog_timer
                0x00000264                init_cap_discharge_wait_timer
                0x00000288                init_cap_measurements
                0x00000294                __vector_16
                0x000002ec                __vector_13
                0x00000314                __vector_12
                0x00000360                toggle_led
                0x0000036a                init_timer0A
                0x00000382                init_lcd
                0x000003a2                refresh_lcd
                0x00000472                initialize
 .text          0x000004cc      0x340 lcd_lib.o
                0x000004cc                LCDsendChar
                0x0000051e                LCDsendCommand
                0x00000568                LCDclr
                0x0000056e                LCDhome
                0x00000574                LCDstring
                0x000005b2                LCDGotoXY
                0x000005ce                CopyStringtoLCD
                0x000005fc                LCDdefinechar
                0x00000648                LCDinit
                0x000006f4                LCDshiftLeft
                0x00000710                LCDshiftRight
                0x0000072c                LCDcursorOn
                0x00000732                LCDcursorOnBlink
                0x00000738                LCDcursorOFF
                0x0000073e                LCDblank
                0x00000744                LCDvisible
                0x0000074a                LCDcursorLeft
                0x00000766                LCDcursorRight
                0x00000782                LCDprogressBar
 .text          0x0000080c        0x0 d:/program files/atmel/avr tools/avr toolchain/bin/../lib/gcc/avr/4.7.2/../../../../avr/lib/avr51\libm.a(floatsisf.o)
 .text          0x0000080c        0x0 d:/program files/atmel/avr tools/avr toolchain/bin/../lib/gcc/avr/4.7.2/../../../../avr/lib/avr51\libm.a(mulsf3.o)
 .text          0x0000080c        0x0 d:/program files/atmel/avr tools/avr toolchain/bin/../lib/gcc/avr/4.7.2/../../../../avr/lib/avr51\libm.a(mulsf3x.o)
 .text          0x0000080c        0x0 d:/program files/atmel/avr tools/avr toolchain/bin/../lib/gcc/avr/4.7.2/../../../../avr/lib/avr51\libm.a(fp_inf.o)
 .text          0x0000080c        0x0 d:/program files/atmel/avr tools/avr toolchain/bin/../lib/gcc/avr/4.7.2/../../../../avr/lib/avr51\libm.a(fp_nan.o)
 .text          0x0000080c        0x0 d:/program files/atmel/avr tools/avr toolchain/bin/../lib/gcc/avr/4.7.2/../../../../avr/lib/avr51\libm.a(fp_pscA.o)
 .text          0x0000080c        0x0 d:/program files/atmel/avr tools/avr toolchain/bin/../lib/gcc/avr/4.7.2/../../../../avr/lib/avr51\libm.a(fp_pscB.o)
 .text          0x0000080c        0x0 d:/program files/atmel/avr tools/avr toolchain/bin/../lib/gcc/avr/4.7.2/../../../../avr/lib/avr51\libm.a(fp_round.o)
 .text          0x0000080c        0x0 d:/program files/atmel/avr tools/avr toolchain/bin/../lib/gcc/avr/4.7.2/../../../../avr/lib/avr51\libm.a(fp_split3.o)
 .text          0x0000080c        0x0 d:/program files/atmel/avr tools/avr toolchain/bin/../lib/gcc/avr/4.7.2/../../../../avr/lib/avr51\libm.a(fp_zero.o)
 .text          0x0000080c        0x0 d:/program files/atmel/avr tools/avr toolchain/bin/../lib/gcc/avr/4.7.2/../../../../avr/lib/avr51\libprintf_flt.a(vfprintf_flt.o)
 .text          0x0000080c        0x0 d:/program files/atmel/avr tools/avr toolchain/bin/../lib/gcc/avr/4.7.2/avr51\libgcc.a(_udivmodhi4.o)
 .text          0x0000080c        0x0 d:/program files/atmel/avr tools/avr toolchain/bin/../lib/gcc/avr/4.7.2/avr51\libgcc.a(_divmodhi4.o)
 .text          0x0000080c        0x0 d:/program files/atmel/avr tools/avr toolchain/bin/../lib/gcc/avr/4.7.2/avr51\libgcc.a(_exit.o)
 .text          0x0000080c        0x0 d:/program files/atmel/avr tools/avr toolchain/bin/../lib/gcc/avr/4.7.2/avr51\libgcc.a(_copy_data.o)
 .text          0x0000080c        0x0 d:/program files/atmel/avr tools/avr toolchain/bin/../lib/gcc/avr/4.7.2/avr51\libgcc.a(_clear_bss.o)
 .text          0x0000080c        0x0 d:/program files/atmel/avr tools/avr toolchain/bin/../lib/gcc/avr/4.7.2/../../../../avr/lib/avr51\libc.a(ftoa_engine.o)
 .text          0x0000080c        0x0 d:/program files/atmel/avr tools/avr toolchain/bin/../lib/gcc/avr/4.7.2/../../../../avr/lib/avr51\libc.a(strnlen_P.o)
 .text          0x0000080c        0x0 d:/program files/atmel/avr tools/avr toolchain/bin/../lib/gcc/avr/4.7.2/../../../../avr/lib/avr51\libc.a(strcpy.o)
 .text          0x0000080c        0x0 d:/program files/atmel/avr tools/avr toolchain/bin/../lib/gcc/avr/4.7.2/../../../../avr/lib/avr51\libc.a(strnlen.o)
 .text          0x0000080c        0x0 d:/program files/atmel/avr tools/avr toolchain/bin/../lib/gcc/avr/4.7.2/../../../../avr/lib/avr51\libc.a(fputc.o)
 .text          0x0000080c        0x0 d:/program files/atmel/avr tools/avr toolchain/bin/../lib/gcc/avr/4.7.2/../../../../avr/lib/avr51\libc.a(sprintf.o)
 .text          0x0000080c        0x0 d:/program files/atmel/avr tools/avr toolchain/bin/../lib/gcc/avr/4.7.2/../../../../avr/lib/avr51\libc.a(ultoa_invert.o)
                0x0000080c                . = ALIGN (0x2)
 *(.text.*)
 .text.startup  0x0000080c      0x11a lab1.o
                0x0000080c                main
 .text.avr-libc.fplib
                0x00000926       0x7a d:/program files/atmel/avr tools/avr toolchain/bin/../lib/gcc/avr/4.7.2/../../../../avr/lib/avr51\libm.a(floatsisf.o)
                0x00000926                __floatunsisf
                0x0000092a                __floatsisf
 .text.avr-libc.fplib
                0x000009a0        0x4 d:/program files/atmel/avr tools/avr toolchain/bin/../lib/gcc/avr/4.7.2/../../../../avr/lib/avr51\libm.a(mulsf3.o)
                0x000009a0                __mulsf3
 .text.avr-libc.fplib
                0x000009a4       0xc2 d:/program files/atmel/avr tools/avr toolchain/bin/../lib/gcc/avr/4.7.2/../../../../avr/lib/avr51\libm.a(mulsf3x.o)
                0x000009b8                __mulsf3x
                0x000009bc                __mulsf3_pse
 .text.avr-libc.fplib
                0x00000a66        0xc d:/program files/atmel/avr tools/avr toolchain/bin/../lib/gcc/avr/4.7.2/../../../../avr/lib/avr51\libm.a(fp_inf.o)
                0x00000a66                __fp_inf
 .text.avr-libc.fplib
                0x00000a72        0x6 d:/program files/atmel/avr tools/avr toolchain/bin/../lib/gcc/avr/4.7.2/../../../../avr/lib/avr51\libm.a(fp_nan.o)
                0x00000a72                __fp_nan
 .text.avr-libc.fplib
                0x00000a78        0xe d:/program files/atmel/avr tools/avr toolchain/bin/../lib/gcc/avr/4.7.2/../../../../avr/lib/avr51\libm.a(fp_pscA.o)
                0x00000a78                __fp_pscA
 .text.avr-libc.fplib
                0x00000a86        0xe d:/program files/atmel/avr tools/avr toolchain/bin/../lib/gcc/avr/4.7.2/../../../../avr/lib/avr51\libm.a(fp_pscB.o)
                0x00000a86                __fp_pscB
 .text.avr-libc.fplib
                0x00000a94       0x22 d:/program files/atmel/avr tools/avr toolchain/bin/../lib/gcc/avr/4.7.2/../../../../avr/lib/avr51\libm.a(fp_round.o)
                0x00000a94                __fp_round
 .text.avr-libc.fplib
                0x00000ab6       0x44 d:/program files/atmel/avr tools/avr toolchain/bin/../lib/gcc/avr/4.7.2/../../../../avr/lib/avr51\libm.a(fp_split3.o)
                0x00000ab6                __fp_split3
                0x00000ac6                __fp_splitA
 .text.avr-libc.fplib
                0x00000afa        0xe d:/program files/atmel/avr tools/avr toolchain/bin/../lib/gcc/avr/4.7.2/../../../../avr/lib/avr51\libm.a(fp_zero.o)
                0x00000afa                __fp_zero
                0x00000afc                __fp_szero
 .text.avr-libc
                0x00000b08      0x756 d:/program files/atmel/avr tools/avr toolchain/bin/../lib/gcc/avr/4.7.2/../../../../avr/lib/avr51\libprintf_flt.a(vfprintf_flt.o)
                0x00000b08                vfprintf
 .text.libgcc.mul
                0x0000125e        0x0 d:/program files/atmel/avr tools/avr toolchain/bin/../lib/gcc/avr/4.7.2/avr51\libgcc.a(_udivmodhi4.o)
 .text.libgcc.div
                0x0000125e       0x28 d:/program files/atmel/avr tools/avr toolchain/bin/../lib/gcc/avr/4.7.2/avr51\libgcc.a(_udivmodhi4.o)
                0x0000125e                __udivmodhi4
 .text.libgcc   0x00001286        0x0 d:/program files/atmel/avr tools/avr toolchain/bin/../lib/gcc/avr/4.7.2/avr51\libgcc.a(_udivmodhi4.o)
 .text.libgcc.prologue
                0x00001286        0x0 d:/program files/atmel/avr tools/avr toolchain/bin/../lib/gcc/avr/4.7.2/avr51\libgcc.a(_udivmodhi4.o)
 .text.libgcc.builtins
                0x00001286        0x0 d:/program files/atmel/avr tools/avr toolchain/bin/../lib/gcc/avr/4.7.2/avr51\libgcc.a(_udivmodhi4.o)
 .text.libgcc.fmul
                0x00001286        0x0 d:/program files/atmel/avr tools/avr toolchain/bin/../lib/gcc/avr/4.7.2/avr51\libgcc.a(_udivmodhi4.o)
 .text.libgcc.mul
                0x00001286        0x0 d:/program files/atmel/avr tools/avr toolchain/bin/../lib/gcc/avr/4.7.2/avr51\libgcc.a(_divmodhi4.o)
 .text.libgcc.div
                0x00001286       0x28 d:/program files/atmel/avr tools/avr toolchain/bin/../lib/gcc/avr/4.7.2/avr51\libgcc.a(_divmodhi4.o)
                0x00001286                _div
                0x00001286                __divmodhi4
 .text.libgcc   0x000012ae        0x0 d:/program files/atmel/avr tools/avr toolchain/bin/../lib/gcc/avr/4.7.2/avr51\libgcc.a(_divmodhi4.o)
 .text.libgcc.prologue
                0x000012ae        0x0 d:/program files/atmel/avr tools/avr toolchain/bin/../lib/gcc/avr/4.7.2/avr51\libgcc.a(_divmodhi4.o)
 .text.libgcc.builtins
                0x000012ae        0x0 d:/program files/atmel/avr tools/avr toolchain/bin/../lib/gcc/avr/4.7.2/avr51\libgcc.a(_divmodhi4.o)
 .text.libgcc.fmul
                0x000012ae        0x0 d:/program files/atmel/avr tools/avr toolchain/bin/../lib/gcc/avr/4.7.2/avr51\libgcc.a(_divmodhi4.o)
 .text.libgcc.mul
                0x000012ae        0x0 d:/program files/atmel/avr tools/avr toolchain/bin/../lib/gcc/avr/4.7.2/avr51\libgcc.a(_exit.o)
 .text.libgcc.div
                0x000012ae        0x0 d:/program files/atmel/avr tools/avr toolchain/bin/../lib/gcc/avr/4.7.2/avr51\libgcc.a(_exit.o)
 .text.libgcc   0x000012ae        0x0 d:/program files/atmel/avr tools/avr toolchain/bin/../lib/gcc/avr/4.7.2/avr51\libgcc.a(_exit.o)
 .text.libgcc.prologue
                0x000012ae        0x0 d:/program files/atmel/avr tools/avr toolchain/bin/../lib/gcc/avr/4.7.2/avr51\libgcc.a(_exit.o)
 .text.libgcc.builtins
                0x000012ae        0x0 d:/program files/atmel/avr tools/avr toolchain/bin/../lib/gcc/avr/4.7.2/avr51\libgcc.a(_exit.o)
 .text.libgcc.fmul
                0x000012ae        0x0 d:/program files/atmel/avr tools/avr toolchain/bin/../lib/gcc/avr/4.7.2/avr51\libgcc.a(_exit.o)
 .text.libgcc.mul
                0x000012ae        0x0 d:/program files/atmel/avr tools/avr toolchain/bin/../lib/gcc/avr/4.7.2/avr51\libgcc.a(_copy_data.o)
 .text.libgcc.div
                0x000012ae        0x0 d:/program files/atmel/avr tools/avr toolchain/bin/../lib/gcc/avr/4.7.2/avr51\libgcc.a(_copy_data.o)
 .text.libgcc   0x000012ae        0x0 d:/program files/atmel/avr tools/avr toolchain/bin/../lib/gcc/avr/4.7.2/avr51\libgcc.a(_copy_data.o)
 .text.libgcc.prologue
                0x000012ae        0x0 d:/program files/atmel/avr tools/avr toolchain/bin/../lib/gcc/avr/4.7.2/avr51\libgcc.a(_copy_data.o)
 .text.libgcc.builtins
                0x000012ae        0x0 d:/program files/atmel/avr tools/avr toolchain/bin/../lib/gcc/avr/4.7.2/avr51\libgcc.a(_copy_data.o)
 .text.libgcc.fmul
                0x000012ae        0x0 d:/program files/atmel/avr tools/avr toolchain/bin/../lib/gcc/avr/4.7.2/avr51\libgcc.a(_copy_data.o)
 .text.libgcc.mul
                0x000012ae        0x0 d:/program files/atmel/avr tools/avr toolchain/bin/../lib/gcc/avr/4.7.2/avr51\libgcc.a(_clear_bss.o)
 .text.libgcc.div
                0x000012ae        0x0 d:/program files/atmel/avr tools/avr toolchain/bin/../lib/gcc/avr/4.7.2/avr51\libgcc.a(_clear_bss.o)
 .text.libgcc   0x000012ae        0x0 d:/program files/atmel/avr tools/avr toolchain/bin/../lib/gcc/avr/4.7.2/avr51\libgcc.a(_clear_bss.o)
 .text.libgcc.prologue
                0x000012ae        0x0 d:/program files/atmel/avr tools/avr toolchain/bin/../lib/gcc/avr/4.7.2/avr51\libgcc.a(_clear_bss.o)
 .text.libgcc.builtins
                0x000012ae        0x0 d:/program files/atmel/avr tools/avr toolchain/bin/../lib/gcc/avr/4.7.2/avr51\libgcc.a(_clear_bss.o)
 .text.libgcc.fmul
                0x000012ae        0x0 d:/program files/atmel/avr tools/avr toolchain/bin/../lib/gcc/avr/4.7.2/avr51\libgcc.a(_clear_bss.o)
 .text.avr-libc
                0x000012ae      0x1b0 d:/program files/atmel/avr tools/avr toolchain/bin/../lib/gcc/avr/4.7.2/../../../../avr/lib/avr51\libc.a(ftoa_engine.o)
                0x000012ae                __ftoa_engine
 .text.avr-libc
                0x0000145e       0x16 d:/program files/atmel/avr tools/avr toolchain/bin/../lib/gcc/avr/4.7.2/../../../../avr/lib/avr51\libc.a(strnlen_P.o)
                0x0000145e                strnlen_P
 .text.avr-libc
                0x00001474        0xe d:/program files/atmel/avr tools/avr toolchain/bin/../lib/gcc/avr/4.7.2/../../../../avr/lib/avr51\libc.a(strcpy.o)
                0x00001474                strcpy
 .text.avr-libc
                0x00001482       0x16 d:/program files/atmel/avr tools/avr toolchain/bin/../lib/gcc/avr/4.7.2/../../../../avr/lib/avr51\libc.a(strnlen.o)
                0x00001482                strnlen
 .text.avr-libc
                0x00001498       0x58 d:/program files/atmel/avr tools/avr toolchain/bin/../lib/gcc/avr/4.7.2/../../../../avr/lib/avr51\libc.a(fputc.o)
                0x00001498                fputc
 .text.avr-libc
                0x000014f0       0x5e d:/program files/atmel/avr tools/avr toolchain/bin/../lib/gcc/avr/4.7.2/../../../../avr/lib/avr51\libc.a(sprintf.o)
                0x000014f0                sprintf
 .text.avr-libc
                0x0000154e       0xbc d:/program files/atmel/avr tools/avr toolchain/bin/../lib/gcc/avr/4.7.2/../../../../avr/lib/avr51\libc.a(ultoa_invert.o)
                0x0000154e                __ultoa_invert
                0x0000160a                . = ALIGN (0x2)
 *(.fini9)
 .fini9         0x0000160a        0x0 d:/program files/atmel/avr tools/avr toolchain/bin/../lib/gcc/avr/4.7.2/avr51\libgcc.a(_exit.o)
                0x0000160a                _exit
                0x0000160a                exit
 *(.fini9)
 *(.fini8)
 *(.fini8)
 *(.fini7)
 *(.fini7)
 *(.fini6)
 *(.fini6)
 *(.fini5)
 *(.fini5)
 *(.fini4)
 *(.fini4)
 *(.fini3)
 *(.fini3)
 *(.fini2)
 *(.fini2)
 *(.fini1)
 *(.fini1)
 *(.fini0)
 .fini0         0x0000160a        0x4 d:/program files/atmel/avr tools/avr toolchain/bin/../lib/gcc/avr/4.7.2/avr51\libgcc.a(_exit.o)
 *(.fini0)
                0x0000160e                _etext = .

.data           0x00800100       0x12 load address 0x0000160e
                0x00800100                PROVIDE (__data_start, .)
 *(.data)
 .data          0x00800100        0x0 d:/program files/atmel/avr tools/avr toolchain/bin/../lib/gcc/avr/4.7.2/../../../../avr/lib/avr51/crtm1284p.o
 .data          0x00800100        0x0 lab1.o
 .data          0x00800100        0x0 lcd_lib.o
 .data          0x00800100        0x0 d:/program files/atmel/avr tools/avr toolchain/bin/../lib/gcc/avr/4.7.2/../../../../avr/lib/avr51\libm.a(floatsisf.o)
 .data          0x00800100        0x0 d:/program files/atmel/avr tools/avr toolchain/bin/../lib/gcc/avr/4.7.2/../../../../avr/lib/avr51\libm.a(mulsf3.o)
 .data          0x00800100        0x0 d:/program files/atmel/avr tools/avr toolchain/bin/../lib/gcc/avr/4.7.2/../../../../avr/lib/avr51\libm.a(mulsf3x.o)
 .data          0x00800100        0x0 d:/program files/atmel/avr tools/avr toolchain/bin/../lib/gcc/avr/4.7.2/../../../../avr/lib/avr51\libm.a(fp_inf.o)
 .data          0x00800100        0x0 d:/program files/atmel/avr tools/avr toolchain/bin/../lib/gcc/avr/4.7.2/../../../../avr/lib/avr51\libm.a(fp_nan.o)
 .data          0x00800100        0x0 d:/program files/atmel/avr tools/avr toolchain/bin/../lib/gcc/avr/4.7.2/../../../../avr/lib/avr51\libm.a(fp_pscA.o)
 .data          0x00800100        0x0 d:/program files/atmel/avr tools/avr toolchain/bin/../lib/gcc/avr/4.7.2/../../../../avr/lib/avr51\libm.a(fp_pscB.o)
 .data          0x00800100        0x0 d:/program files/atmel/avr tools/avr toolchain/bin/../lib/gcc/avr/4.7.2/../../../../avr/lib/avr51\libm.a(fp_round.o)
 .data          0x00800100        0x0 d:/program files/atmel/avr tools/avr toolchain/bin/../lib/gcc/avr/4.7.2/../../../../avr/lib/avr51\libm.a(fp_split3.o)
 .data          0x00800100        0x0 d:/program files/atmel/avr tools/avr toolchain/bin/../lib/gcc/avr/4.7.2/../../../../avr/lib/avr51\libm.a(fp_zero.o)
 .data          0x00800100        0x0 d:/program files/atmel/avr tools/avr toolchain/bin/../lib/gcc/avr/4.7.2/../../../../avr/lib/avr51\libprintf_flt.a(vfprintf_flt.o)
 .data          0x00800100        0x0 d:/program files/atmel/avr tools/avr toolchain/bin/../lib/gcc/avr/4.7.2/avr51\libgcc.a(_udivmodhi4.o)
 .data          0x00800100        0x0 d:/program files/atmel/avr tools/avr toolchain/bin/../lib/gcc/avr/4.7.2/avr51\libgcc.a(_divmodhi4.o)
 .data          0x00800100        0x0 d:/program files/atmel/avr tools/avr toolchain/bin/../lib/gcc/avr/4.7.2/avr51\libgcc.a(_exit.o)
 .data          0x00800100        0x0 d:/program files/atmel/avr tools/avr toolchain/bin/../lib/gcc/avr/4.7.2/avr51\libgcc.a(_copy_data.o)
 .data          0x00800100        0x0 d:/program files/atmel/avr tools/avr toolchain/bin/../lib/gcc/avr/4.7.2/avr51\libgcc.a(_clear_bss.o)
 .data          0x00800100        0x0 d:/program files/atmel/avr tools/avr toolchain/bin/../lib/gcc/avr/4.7.2/../../../../avr/lib/avr51\libc.a(ftoa_engine.o)
 .data          0x00800100        0x0 d:/program files/atmel/avr tools/avr toolchain/bin/../lib/gcc/avr/4.7.2/../../../../avr/lib/avr51\libc.a(strnlen_P.o)
 .data          0x00800100        0x0 d:/program files/atmel/avr tools/avr toolchain/bin/../lib/gcc/avr/4.7.2/../../../../avr/lib/avr51\libc.a(strcpy.o)
 .data          0x00800100        0x0 d:/program files/atmel/avr tools/avr toolchain/bin/../lib/gcc/avr/4.7.2/../../../../avr/lib/avr51\libc.a(strnlen.o)
 .data          0x00800100        0x0 d:/program files/atmel/avr tools/avr toolchain/bin/../lib/gcc/avr/4.7.2/../../../../avr/lib/avr51\libc.a(fputc.o)
 .data          0x00800100        0x0 d:/program files/atmel/avr tools/avr toolchain/bin/../lib/gcc/avr/4.7.2/../../../../avr/lib/avr51\libc.a(sprintf.o)
 .data          0x00800100        0x0 d:/program files/atmel/avr tools/avr toolchain/bin/../lib/gcc/avr/4.7.2/../../../../avr/lib/avr51\libc.a(ultoa_invert.o)
 *(.data*)
 *(.rodata)
 .rodata        0x00800100        0x4 lab1.o
                0x00800100                constant
 *(.rodata*)
 .rodata.str1.1
                0x00800104        0xd lab1.o
 *(.gnu.linkonce.d*)
                0x00800112                . = ALIGN (0x2)
 *fill*         0x00800111        0x1 
                0x00800112                _edata = .
                0x00800112                PROVIDE (__data_end, .)

.bss            0x00800112       0x23
                0x00800112                PROVIDE (__bss_start, .)
 *(.bss)
 .bss           0x00800112        0x0 d:/program files/atmel/avr tools/avr toolchain/bin/../lib/gcc/avr/4.7.2/../../../../avr/lib/avr51/crtm1284p.o
 .bss           0x00800112        0x0 lab1.o
 .bss           0x00800112        0x0 lcd_lib.o
 .bss           0x00800112        0x0 d:/program files/atmel/avr tools/avr toolchain/bin/../lib/gcc/avr/4.7.2/../../../../avr/lib/avr51\libm.a(floatsisf.o)
 .bss           0x00800112        0x0 d:/program files/atmel/avr tools/avr toolchain/bin/../lib/gcc/avr/4.7.2/../../../../avr/lib/avr51\libm.a(mulsf3.o)
 .bss           0x00800112        0x0 d:/program files/atmel/avr tools/avr toolchain/bin/../lib/gcc/avr/4.7.2/../../../../avr/lib/avr51\libm.a(mulsf3x.o)
 .bss           0x00800112        0x0 d:/program files/atmel/avr tools/avr toolchain/bin/../lib/gcc/avr/4.7.2/../../../../avr/lib/avr51\libm.a(fp_inf.o)
 .bss           0x00800112        0x0 d:/program files/atmel/avr tools/avr toolchain/bin/../lib/gcc/avr/4.7.2/../../../../avr/lib/avr51\libm.a(fp_nan.o)
 .bss           0x00800112        0x0 d:/program files/atmel/avr tools/avr toolchain/bin/../lib/gcc/avr/4.7.2/../../../../avr/lib/avr51\libm.a(fp_pscA.o)
 .bss           0x00800112        0x0 d:/program files/atmel/avr tools/avr toolchain/bin/../lib/gcc/avr/4.7.2/../../../../avr/lib/avr51\libm.a(fp_pscB.o)
 .bss           0x00800112        0x0 d:/program files/atmel/avr tools/avr toolchain/bin/../lib/gcc/avr/4.7.2/../../../../avr/lib/avr51\libm.a(fp_round.o)
 .bss           0x00800112        0x0 d:/program files/atmel/avr tools/avr toolchain/bin/../lib/gcc/avr/4.7.2/../../../../avr/lib/avr51\libm.a(fp_split3.o)
 .bss           0x00800112        0x0 d:/program files/atmel/avr tools/avr toolchain/bin/../lib/gcc/avr/4.7.2/../../../../avr/lib/avr51\libm.a(fp_zero.o)
 .bss           0x00800112        0x0 d:/program files/atmel/avr tools/avr toolchain/bin/../lib/gcc/avr/4.7.2/../../../../avr/lib/avr51\libprintf_flt.a(vfprintf_flt.o)
 .bss           0x00800112        0x0 d:/program files/atmel/avr tools/avr toolchain/bin/../lib/gcc/avr/4.7.2/avr51\libgcc.a(_udivmodhi4.o)
 .bss           0x00800112        0x0 d:/program files/atmel/avr tools/avr toolchain/bin/../lib/gcc/avr/4.7.2/avr51\libgcc.a(_divmodhi4.o)
 .bss           0x00800112        0x0 d:/program files/atmel/avr tools/avr toolchain/bin/../lib/gcc/avr/4.7.2/avr51\libgcc.a(_exit.o)
 .bss           0x00800112        0x0 d:/program files/atmel/avr tools/avr toolchain/bin/../lib/gcc/avr/4.7.2/avr51\libgcc.a(_copy_data.o)
 .bss           0x00800112        0x0 d:/program files/atmel/avr tools/avr toolchain/bin/../lib/gcc/avr/4.7.2/avr51\libgcc.a(_clear_bss.o)
 .bss           0x00800112        0x0 d:/program files/atmel/avr tools/avr toolchain/bin/../lib/gcc/avr/4.7.2/../../../../avr/lib/avr51\libc.a(ftoa_engine.o)
 .bss           0x00800112        0x0 d:/program files/atmel/avr tools/avr toolchain/bin/../lib/gcc/avr/4.7.2/../../../../avr/lib/avr51\libc.a(strnlen_P.o)
 .bss           0x00800112        0x0 d:/program files/atmel/avr tools/avr toolchain/bin/../lib/gcc/avr/4.7.2/../../../../avr/lib/avr51\libc.a(strcpy.o)
 .bss           0x00800112        0x0 d:/program files/atmel/avr tools/avr toolchain/bin/../lib/gcc/avr/4.7.2/../../../../avr/lib/avr51\libc.a(strnlen.o)
 .bss           0x00800112        0x0 d:/program files/atmel/avr tools/avr toolchain/bin/../lib/gcc/avr/4.7.2/../../../../avr/lib/avr51\libc.a(fputc.o)
 .bss           0x00800112        0x0 d:/program files/atmel/avr tools/avr toolchain/bin/../lib/gcc/avr/4.7.2/../../../../avr/lib/avr51\libc.a(sprintf.o)
 .bss           0x00800112        0x0 d:/program files/atmel/avr tools/avr toolchain/bin/../lib/gcc/avr/4.7.2/../../../../avr/lib/avr51\libc.a(ultoa_invert.o)
 *(.bss*)
 *(COMMON)
 COMMON         0x00800112       0x23 lab1.o
                0x00800112                lcd_time_count
                0x00800114                lcd_buffer
                0x00800125                anipos
                0x00800126                charge_cycles
                0x00800128                cap_discharged
                0x0080012a                capacitance
                0x0080012e                dir
                0x0080012f                led_time_count
                0x00800131                begin_cap_measurement
                0x00800133                cap_charged
                0x00800135                PROVIDE (__bss_end, .)
                0x0000160e                __data_load_start = LOADADDR (.data)
                0x00001620                __data_load_end = (__data_load_start + SIZEOF (.data))

.noinit         0x00800135        0x0
                0x00800135                PROVIDE (__noinit_start, .)
 *(.noinit*)
                0x00800135                PROVIDE (__noinit_end, .)
                0x00800135                _end = .
                0x00800135                PROVIDE (__heap_start, .)

.eeprom         0x00810000        0x0
 *(.eeprom*)
                0x00810000                __eeprom_end = .

.fuse
 *(.fuse)
 *(.lfuse)
 *(.hfuse)
 *(.efuse)

.lock
 *(.lock*)

.signature
 *(.signature*)

.user_signatures
 *(.user_signatures*)

.stab           0x00000000     0x2490
 *(.stab)
 .stab          0x00000000      0x6cc d:/program files/atmel/avr tools/avr toolchain/bin/../lib/gcc/avr/4.7.2/../../../../avr/lib/avr51/crtm1284p.o
 .stab          0x000006cc      0x318 d:/program files/atmel/avr tools/avr toolchain/bin/../lib/gcc/avr/4.7.2/../../../../avr/lib/avr51\libm.a(floatsisf.o)
                                0x324 (size before relaxing)
 .stab          0x000009e4       0x48 d:/program files/atmel/avr tools/avr toolchain/bin/../lib/gcc/avr/4.7.2/../../../../avr/lib/avr51\libm.a(mulsf3.o)
                                 0x54 (size before relaxing)
 .stab          0x00000a2c      0x4d4 d:/program files/atmel/avr tools/avr toolchain/bin/../lib/gcc/avr/4.7.2/../../../../avr/lib/avr51\libm.a(mulsf3x.o)
                                0x4e0 (size before relaxing)
 .stab          0x00000f00       0x78 d:/program files/atmel/avr tools/avr toolchain/bin/../lib/gcc/avr/4.7.2/../../../../avr/lib/avr51\libm.a(fp_inf.o)
                                 0x84 (size before relaxing)
 .stab          0x00000f78       0x54 d:/program files/atmel/avr tools/avr toolchain/bin/../lib/gcc/avr/4.7.2/../../../../avr/lib/avr51\libm.a(fp_nan.o)
                                 0x60 (size before relaxing)
 .stab          0x00000fcc       0x84 d:/program files/atmel/avr tools/avr toolchain/bin/../lib/gcc/avr/4.7.2/../../../../avr/lib/avr51\libm.a(fp_pscA.o)
                                 0x90 (size before relaxing)
 .stab          0x00001050       0x84 d:/program files/atmel/avr tools/avr toolchain/bin/../lib/gcc/avr/4.7.2/../../../../avr/lib/avr51\libm.a(fp_pscB.o)
                                 0x90 (size before relaxing)
 .stab          0x000010d4       0xfc d:/program files/atmel/avr tools/avr toolchain/bin/../lib/gcc/avr/4.7.2/../../../../avr/lib/avr51\libm.a(fp_round.o)
                                0x108 (size before relaxing)
 .stab          0x000011d0      0x1d4 d:/program files/atmel/avr tools/avr toolchain/bin/../lib/gcc/avr/4.7.2/../../../../avr/lib/avr51\libm.a(fp_split3.o)
                                0x1e0 (size before relaxing)
 .stab          0x000013a4       0x90 d:/program files/atmel/avr tools/avr toolchain/bin/../lib/gcc/avr/4.7.2/../../../../avr/lib/avr51\libm.a(fp_zero.o)
                                 0x9c (size before relaxing)
 .stab          0x00001434      0xa38 d:/program files/atmel/avr tools/avr toolchain/bin/../lib/gcc/avr/4.7.2/../../../../avr/lib/avr51\libc.a(ftoa_engine.o)
                                0xa44 (size before relaxing)
 .stab          0x00001e6c       0x9c d:/program files/atmel/avr tools/avr toolchain/bin/../lib/gcc/avr/4.7.2/../../../../avr/lib/avr51\libc.a(strnlen_P.o)
                                 0xa8 (size before relaxing)
 .stab          0x00001f08       0x6c d:/program files/atmel/avr tools/avr toolchain/bin/../lib/gcc/avr/4.7.2/../../../../avr/lib/avr51\libc.a(strcpy.o)
                                 0x78 (size before relaxing)
 .stab          0x00001f74       0x9c d:/program files/atmel/avr tools/avr toolchain/bin/../lib/gcc/avr/4.7.2/../../../../avr/lib/avr51\libc.a(strnlen.o)
                                 0xa8 (size before relaxing)
 .stab          0x00002010      0x480 d:/program files/atmel/avr tools/avr toolchain/bin/../lib/gcc/avr/4.7.2/../../../../avr/lib/avr51\libc.a(ultoa_invert.o)
                                0x48c (size before relaxing)

.stabstr        0x00000000      0x775
 *(.stabstr)
 .stabstr       0x00000000      0x775 d:/program files/atmel/avr tools/avr toolchain/bin/../lib/gcc/avr/4.7.2/../../../../avr/lib/avr51/crtm1284p.o

.stab.excl
 *(.stab.excl)

.stab.exclstr
 *(.stab.exclstr)

.stab.index
 *(.stab.index)

.stab.indexstr
 *(.stab.indexstr)

.comment        0x00000000       0x2f
 *(.comment)
 .comment       0x00000000       0x2f lab1.o
                                 0x30 (size before relaxing)
 .comment       0x00000000       0x30 lcd_lib.o
 .comment       0x00000000       0x30 d:/program files/atmel/avr tools/avr toolchain/bin/../lib/gcc/avr/4.7.2/../../../../avr/lib/avr51\libprintf_flt.a(vfprintf_flt.o)
 .comment       0x00000000       0x30 d:/program files/atmel/avr tools/avr toolchain/bin/../lib/gcc/avr/4.7.2/../../../../avr/lib/avr51\libc.a(fputc.o)
 .comment       0x00000000       0x30 d:/program files/atmel/avr tools/avr toolchain/bin/../lib/gcc/avr/4.7.2/../../../../avr/lib/avr51\libc.a(sprintf.o)

.debug
 *(.debug)

.line
 *(.line)

.debug_srcinfo
 *(.debug_srcinfo)

.debug_sfnames
 *(.debug_sfnames)

.debug_aranges  0x00000000       0xa8
 *(.debug_aranges)
 .debug_aranges
                0x00000000       0x28 lab1.o
 .debug_aranges
                0x00000028       0x20 lcd_lib.o
 .debug_aranges
                0x00000048       0x20 d:/program files/atmel/avr tools/avr toolchain/bin/../lib/gcc/avr/4.7.2/../../../../avr/lib/avr51\libprintf_flt.a(vfprintf_flt.o)
 .debug_aranges
                0x00000068       0x20 d:/program files/atmel/avr tools/avr toolchain/bin/../lib/gcc/avr/4.7.2/../../../../avr/lib/avr51\libc.a(fputc.o)
 .debug_aranges
                0x00000088       0x20 d:/program files/atmel/avr tools/avr toolchain/bin/../lib/gcc/avr/4.7.2/../../../../avr/lib/avr51\libc.a(sprintf.o)

.debug_pubnames
 *(.debug_pubnames)

.debug_info     0x00000000     0x1b28
 *(.debug_info)
 .debug_info    0x00000000      0x583 lab1.o
 .debug_info    0x00000583      0xa5c lcd_lib.o
 .debug_info    0x00000fdf      0x7d1 d:/program files/atmel/avr tools/avr toolchain/bin/../lib/gcc/avr/4.7.2/../../../../avr/lib/avr51\libprintf_flt.a(vfprintf_flt.o)
 .debug_info    0x000017b0      0x174 d:/program files/atmel/avr tools/avr toolchain/bin/../lib/gcc/avr/4.7.2/../../../../avr/lib/avr51\libc.a(fputc.o)
 .debug_info    0x00001924      0x204 d:/program files/atmel/avr tools/avr toolchain/bin/../lib/gcc/avr/4.7.2/../../../../avr/lib/avr51\libc.a(sprintf.o)
 *(.gnu.linkonce.wi.*)

.debug_abbrev   0x00000000      0x815
 *(.debug_abbrev)
 .debug_abbrev  0x00000000      0x1e2 lab1.o
 .debug_abbrev  0x000001e2      0x244 lcd_lib.o
 .debug_abbrev  0x00000426      0x1d4 d:/program files/atmel/avr tools/avr toolchain/bin/../lib/gcc/avr/4.7.2/../../../../avr/lib/avr51\libprintf_flt.a(vfprintf_flt.o)
 .debug_abbrev  0x000005fa       0xf1 d:/program files/atmel/avr tools/avr toolchain/bin/../lib/gcc/avr/4.7.2/../../../../avr/lib/avr51\libc.a(fputc.o)
 .debug_abbrev  0x000006eb      0x12a d:/program files/atmel/avr tools/avr toolchain/bin/../lib/gcc/avr/4.7.2/../../../../avr/lib/avr51\libc.a(sprintf.o)

.debug_line     0x00000000      0xbb2
 *(.debug_line)
 .debug_line    0x00000000      0x175 lab1.o
 .debug_line    0x00000175      0x2a4 lcd_lib.o
 .debug_line    0x00000419      0x501 d:/program files/atmel/avr tools/avr toolchain/bin/../lib/gcc/avr/4.7.2/../../../../avr/lib/avr51\libprintf_flt.a(vfprintf_flt.o)
 .debug_line    0x0000091a      0x104 d:/program files/atmel/avr tools/avr toolchain/bin/../lib/gcc/avr/4.7.2/../../../../avr/lib/avr51\libc.a(fputc.o)
 .debug_line    0x00000a1e      0x194 d:/program files/atmel/avr tools/avr toolchain/bin/../lib/gcc/avr/4.7.2/../../../../avr/lib/avr51\libc.a(sprintf.o)

.debug_frame    0x00000000      0x434
 *(.debug_frame)
 .debug_frame   0x00000000      0x134 lab1.o
 .debug_frame   0x00000134      0x204 lcd_lib.o
 .debug_frame   0x00000338       0x84 d:/program files/atmel/avr tools/avr toolchain/bin/../lib/gcc/avr/4.7.2/../../../../avr/lib/avr51\libprintf_flt.a(vfprintf_flt.o)
 .debug_frame   0x000003bc       0x38 d:/program files/atmel/avr tools/avr toolchain/bin/../lib/gcc/avr/4.7.2/../../../../avr/lib/avr51\libc.a(fputc.o)
 .debug_frame   0x000003f4       0x40 d:/program files/atmel/avr tools/avr toolchain/bin/../lib/gcc/avr/4.7.2/../../../../avr/lib/avr51\libc.a(sprintf.o)

.debug_str      0x00000000      0x5b9
 *(.debug_str)
 .debug_str     0x00000000      0x263 lab1.o
                                0x2ae (size before relaxing)
 .debug_str     0x00000263      0x15b lcd_lib.o
                                0x293 (size before relaxing)
 .debug_str     0x000003be      0x135 d:/program files/atmel/avr tools/avr toolchain/bin/../lib/gcc/avr/4.7.2/../../../../avr/lib/avr51\libprintf_flt.a(vfprintf_flt.o)
                                0x1e8 (size before relaxing)
 .debug_str     0x000004f3       0x62 d:/program files/atmel/avr tools/avr toolchain/bin/../lib/gcc/avr/4.7.2/../../../../avr/lib/avr51\libc.a(fputc.o)
                                0x10d (size before relaxing)
 .debug_str     0x00000555       0x64 d:/program files/atmel/avr tools/avr toolchain/bin/../lib/gcc/avr/4.7.2/../../../../avr/lib/avr51\libc.a(sprintf.o)
                                0x13c (size before relaxing)

.debug_loc      0x00000000     0x13fa
 *(.debug_loc)
 .debug_loc     0x00000000      0x165 lab1.o
 .debug_loc     0x00000165      0x7ec lcd_lib.o
 .debug_loc     0x00000951      0x955 d:/program files/atmel/avr tools/avr toolchain/bin/../lib/gcc/avr/4.7.2/../../../../avr/lib/avr51\libprintf_flt.a(vfprintf_flt.o)
 .debug_loc     0x000012a6       0xf3 d:/program files/atmel/avr tools/avr toolchain/bin/../lib/gcc/avr/4.7.2/../../../../avr/lib/avr51\libc.a(fputc.o)
 .debug_loc     0x00001399       0x61 d:/program files/atmel/avr tools/avr toolchain/bin/../lib/gcc/avr/4.7.2/../../../../avr/lib/avr51\libc.a(sprintf.o)

.debug_macinfo
 *(.debug_macinfo)

.debug_pubtypes
 *(.debug_pubtypes)

.debug_ranges   0x00000000       0x60
 *(.debug_ranges)
 .debug_ranges  0x00000000       0x18 lab1.o
 .debug_ranges  0x00000018       0x28 d:/program files/atmel/avr tools/avr toolchain/bin/../lib/gcc/avr/4.7.2/../../../../avr/lib/avr51\libprintf_flt.a(vfprintf_flt.o)
 .debug_ranges  0x00000040       0x10 d:/program files/atmel/avr tools/avr toolchain/bin/../lib/gcc/avr/4.7.2/../../../../avr/lib/avr51\libc.a(fputc.o)
 .debug_ranges  0x00000050       0x10 d:/program files/atmel/avr tools/avr toolchain/bin/../lib/gcc/avr/4.7.2/../../../../avr/lib/avr51\libc.a(sprintf.o)

.debug_macro
 *(.debug_macro)
OUTPUT(Lab1.elf elf32-avr)
LOAD linker stubs
