Archive member included because of file (symbol)

d:/program files/atmel/avr tools/avr toolchain/bin/../lib/gcc/avr/4.7.2/avr51\libgcc.a(_exit.o)
                              d:/program files/atmel/avr tools/avr toolchain/bin/../lib/gcc/avr/4.7.2/../../../../avr/lib/avr51/crtm1284p.o (exit)
d:/program files/atmel/avr tools/avr toolchain/bin/../lib/gcc/avr/4.7.2/avr51\libgcc.a(_copy_data.o)
                              KEYtestGCC644.o (__do_copy_data)
d:/program files/atmel/avr tools/avr toolchain/bin/../lib/gcc/avr/4.7.2/avr51\libgcc.a(_clear_bss.o)
                              KEYtestGCC644.o (__do_clear_bss)
d:/program files/atmel/avr tools/avr toolchain/bin/../lib/gcc/avr/4.7.2/avr51\libgcc.a(_fixunssfsi.o)
                              dds.o (__fixunssfsi)
d:/program files/atmel/avr tools/avr toolchain/bin/../lib/gcc/avr/4.7.2/avr51\libgcc.a(_addsub_sf.o)
                              d:/program files/atmel/avr tools/avr toolchain/bin/../lib/gcc/avr/4.7.2/avr51\libgcc.a(_fixunssfsi.o) (__subsf3)
d:/program files/atmel/avr tools/avr toolchain/bin/../lib/gcc/avr/4.7.2/avr51\libgcc.a(_mul_sf.o)
                              dds.o (__mulsf3)
d:/program files/atmel/avr tools/avr toolchain/bin/../lib/gcc/avr/4.7.2/avr51\libgcc.a(_ge_sf.o)
                              d:/program files/atmel/avr tools/avr toolchain/bin/../lib/gcc/avr/4.7.2/avr51\libgcc.a(_fixunssfsi.o) (__gesf2)
d:/program files/atmel/avr tools/avr toolchain/bin/../lib/gcc/avr/4.7.2/avr51\libgcc.a(_si_to_sf.o)
                              dds.o (__floatsisf)
d:/program files/atmel/avr tools/avr toolchain/bin/../lib/gcc/avr/4.7.2/avr51\libgcc.a(_sf_to_si.o)
                              d:/program files/atmel/avr tools/avr toolchain/bin/../lib/gcc/avr/4.7.2/avr51\libgcc.a(_fixunssfsi.o) (__fixsfsi)
d:/program files/atmel/avr tools/avr toolchain/bin/../lib/gcc/avr/4.7.2/avr51\libgcc.a(_thenan_sf.o)
                              d:/program files/atmel/avr tools/avr toolchain/bin/../lib/gcc/avr/4.7.2/avr51\libgcc.a(_addsub_sf.o) (__thenan_sf)
d:/program files/atmel/avr tools/avr toolchain/bin/../lib/gcc/avr/4.7.2/avr51\libgcc.a(_clzsi2.o)
                              d:/program files/atmel/avr tools/avr toolchain/bin/../lib/gcc/avr/4.7.2/avr51\libgcc.a(_si_to_sf.o) (__clzsi2)
d:/program files/atmel/avr tools/avr toolchain/bin/../lib/gcc/avr/4.7.2/avr51\libgcc.a(_clzhi2.o)
                              d:/program files/atmel/avr tools/avr toolchain/bin/../lib/gcc/avr/4.7.2/avr51\libgcc.a(_clzsi2.o) (__clzhi2)
d:/program files/atmel/avr tools/avr toolchain/bin/../lib/gcc/avr/4.7.2/avr51\libgcc.a(_prologue.o)
                              d:/program files/atmel/avr tools/avr toolchain/bin/../lib/gcc/avr/4.7.2/avr51\libgcc.a(_addsub_sf.o) (__prologue_saves__)
d:/program files/atmel/avr tools/avr toolchain/bin/../lib/gcc/avr/4.7.2/avr51\libgcc.a(_epilogue.o)
                              d:/program files/atmel/avr tools/avr toolchain/bin/../lib/gcc/avr/4.7.2/avr51\libgcc.a(_addsub_sf.o) (__epilogue_restores__)
d:/program files/atmel/avr tools/avr toolchain/bin/../lib/gcc/avr/4.7.2/avr51\libgcc.a(_pack_sf.o)
                              d:/program files/atmel/avr tools/avr toolchain/bin/../lib/gcc/avr/4.7.2/avr51\libgcc.a(_addsub_sf.o) (__pack_f)
d:/program files/atmel/avr tools/avr toolchain/bin/../lib/gcc/avr/4.7.2/avr51\libgcc.a(_unpack_sf.o)
                              d:/program files/atmel/avr tools/avr toolchain/bin/../lib/gcc/avr/4.7.2/avr51\libgcc.a(_addsub_sf.o) (__unpack_f)
d:/program files/atmel/avr tools/avr toolchain/bin/../lib/gcc/avr/4.7.2/avr51\libgcc.a(_fpcmp_parts_sf.o)
                              d:/program files/atmel/avr tools/avr toolchain/bin/../lib/gcc/avr/4.7.2/avr51\libgcc.a(_ge_sf.o) (__fpcmp_parts_f)
d:/program files/atmel/avr tools/avr toolchain/bin/../lib/gcc/avr/4.7.2/../../../../avr/lib/avr51\libc.a(fprintf.o)
                              KEYtestGCC644.o (fprintf)
d:/program files/atmel/avr tools/avr toolchain/bin/../lib/gcc/avr/4.7.2/../../../../avr/lib/avr51\libc.a(fputs.o)
                              KEYtestGCC644.o (fputs)
d:/program files/atmel/avr tools/avr toolchain/bin/../lib/gcc/avr/4.7.2/../../../../avr/lib/avr51\libc.a(iob.o)
                              KEYtestGCC644.o (__iob)
d:/program files/atmel/avr tools/avr toolchain/bin/../lib/gcc/avr/4.7.2/../../../../avr/lib/avr51\libc.a(sin.o)
                              dds.o (sin)
d:/program files/atmel/avr tools/avr toolchain/bin/../lib/gcc/avr/4.7.2/../../../../avr/lib/avr51\libc.a(vfprintf_std.o)
                              d:/program files/atmel/avr tools/avr toolchain/bin/../lib/gcc/avr/4.7.2/../../../../avr/lib/avr51\libc.a(fprintf.o) (vfprintf)
d:/program files/atmel/avr tools/avr toolchain/bin/../lib/gcc/avr/4.7.2/../../../../avr/lib/avr51\libc.a(strnlen_P.o)
                              d:/program files/atmel/avr tools/avr toolchain/bin/../lib/gcc/avr/4.7.2/../../../../avr/lib/avr51\libc.a(vfprintf_std.o) (strnlen_P)
d:/program files/atmel/avr tools/avr toolchain/bin/../lib/gcc/avr/4.7.2/../../../../avr/lib/avr51\libc.a(strnlen.o)
                              d:/program files/atmel/avr tools/avr toolchain/bin/../lib/gcc/avr/4.7.2/../../../../avr/lib/avr51\libc.a(vfprintf_std.o) (strnlen)
d:/program files/atmel/avr tools/avr toolchain/bin/../lib/gcc/avr/4.7.2/../../../../avr/lib/avr51\libc.a(fputc.o)
                              d:/program files/atmel/avr tools/avr toolchain/bin/../lib/gcc/avr/4.7.2/../../../../avr/lib/avr51\libc.a(vfprintf_std.o) (fputc)
d:/program files/atmel/avr tools/avr toolchain/bin/../lib/gcc/avr/4.7.2/../../../../avr/lib/avr51\libc.a(ultoa_invert.o)
                              d:/program files/atmel/avr tools/avr toolchain/bin/../lib/gcc/avr/4.7.2/../../../../avr/lib/avr51\libc.a(vfprintf_std.o) (__ultoa_invert)
d:/program files/atmel/avr tools/avr toolchain/bin/../lib/gcc/avr/4.7.2/../../../../avr/lib/avr51\libc.a(fp_rempio2.o)
                              d:/program files/atmel/avr tools/avr toolchain/bin/../lib/gcc/avr/4.7.2/../../../../avr/lib/avr51\libc.a(sin.o) (__fp_rempio2)
d:/program files/atmel/avr tools/avr toolchain/bin/../lib/gcc/avr/4.7.2/../../../../avr/lib/avr51\libc.a(fp_sinus.o)
                              d:/program files/atmel/avr tools/avr toolchain/bin/../lib/gcc/avr/4.7.2/../../../../avr/lib/avr51\libc.a(sin.o) (__fp_sinus)
d:/program files/atmel/avr tools/avr toolchain/bin/../lib/gcc/avr/4.7.2/../../../../avr/lib/avr51\libc.a(fp_split3.o)
                              d:/program files/atmel/avr tools/avr toolchain/bin/../lib/gcc/avr/4.7.2/../../../../avr/lib/avr51\libc.a(fp_rempio2.o) (__fp_splitA)
d:/program files/atmel/avr tools/avr toolchain/bin/../lib/gcc/avr/4.7.2/../../../../avr/lib/avr51\libc.a(addsf3x.o)
                              d:/program files/atmel/avr tools/avr toolchain/bin/../lib/gcc/avr/4.7.2/../../../../avr/lib/avr51\libc.a(fp_sinus.o) (__addsf3x)
d:/program files/atmel/avr tools/avr toolchain/bin/../lib/gcc/avr/4.7.2/../../../../avr/lib/avr51\libc.a(fp_inf.o)
                              d:/program files/atmel/avr tools/avr toolchain/bin/../lib/gcc/avr/4.7.2/../../../../avr/lib/avr51\libc.a(addsf3x.o) (__fp_inf)
d:/program files/atmel/avr tools/avr toolchain/bin/../lib/gcc/avr/4.7.2/../../../../avr/lib/avr51\libc.a(fp_mpack.o)
                              d:/program files/atmel/avr tools/avr toolchain/bin/../lib/gcc/avr/4.7.2/../../../../avr/lib/avr51\libc.a(fp_rempio2.o) (__fp_mpack_finite)
d:/program files/atmel/avr tools/avr toolchain/bin/../lib/gcc/avr/4.7.2/../../../../avr/lib/avr51\libc.a(fp_nan.o)
                              d:/program files/atmel/avr tools/avr toolchain/bin/../lib/gcc/avr/4.7.2/../../../../avr/lib/avr51\libc.a(fp_rempio2.o) (__fp_nan)
d:/program files/atmel/avr tools/avr toolchain/bin/../lib/gcc/avr/4.7.2/../../../../avr/lib/avr51\libc.a(fp_powsodd.o)
                              d:/program files/atmel/avr tools/avr toolchain/bin/../lib/gcc/avr/4.7.2/../../../../avr/lib/avr51\libc.a(fp_sinus.o) (__fp_powsodd)
d:/program files/atmel/avr tools/avr toolchain/bin/../lib/gcc/avr/4.7.2/../../../../avr/lib/avr51\libc.a(fp_pscA.o)
                              d:/program files/atmel/avr tools/avr toolchain/bin/../lib/gcc/avr/4.7.2/../../../../avr/lib/avr51\libc.a(addsf3x.o) (__fp_pscA)
d:/program files/atmel/avr tools/avr toolchain/bin/../lib/gcc/avr/4.7.2/../../../../avr/lib/avr51\libc.a(fp_pscB.o)
                              d:/program files/atmel/avr tools/avr toolchain/bin/../lib/gcc/avr/4.7.2/../../../../avr/lib/avr51\libc.a(addsf3x.o) (__fp_pscB)
d:/program files/atmel/avr tools/avr toolchain/bin/../lib/gcc/avr/4.7.2/../../../../avr/lib/avr51\libc.a(fp_round.o)
                              d:/program files/atmel/avr tools/avr toolchain/bin/../lib/gcc/avr/4.7.2/../../../../avr/lib/avr51\libc.a(fp_sinus.o) (__fp_round)
d:/program files/atmel/avr tools/avr toolchain/bin/../lib/gcc/avr/4.7.2/../../../../avr/lib/avr51\libc.a(fp_zero.o)
                              d:/program files/atmel/avr tools/avr toolchain/bin/../lib/gcc/avr/4.7.2/../../../../avr/lib/avr51\libc.a(addsf3x.o) (__fp_zero)
d:/program files/atmel/avr tools/avr toolchain/bin/../lib/gcc/avr/4.7.2/../../../../avr/lib/avr51\libc.a(fp_powser.o)
                              d:/program files/atmel/avr tools/avr toolchain/bin/../lib/gcc/avr/4.7.2/../../../../avr/lib/avr51\libc.a(fp_powsodd.o) (__fp_powser)
d:/program files/atmel/avr tools/avr toolchain/bin/../lib/gcc/avr/4.7.2/../../../../avr/lib/avr51\libc.a(mulsf3x.o)
                              d:/program files/atmel/avr tools/avr toolchain/bin/../lib/gcc/avr/4.7.2/../../../../avr/lib/avr51\libc.a(fp_powser.o) (__mulsf3x)

Allocating common symbols
Common symbol       size              file

increment_a         0x4               dds.o
butnum              0x1               KEYtestGCC644.o
rampTable           0x100             dds.o
PushFlag            0x1               KEYtestGCC644.o
accumulator         0x4               dds.o
increment           0x4               dds.o
highbyte            0x1               dds.o
sineTable           0x100             dds.o
accumulator_a       0x4               dds.o
dds_duration        0x2               KEYtestGCC644.o
time1               0x2               KEYtestGCC644.o
sineB               0x4               dds.o
changed             0x1               dds.o
rampCount           0x2               dds.o
accumulator_b       0x4               dds.o
highbyte_a          0x1               dds.o
time                0x2               KEYtestGCC644.o
key                 0x1               KEYtestGCC644.o
mem_index           0x2               KEYtestGCC644.o
count               0x1               dds.o
sineA               0x4               dds.o
PushState           0x1               KEYtestGCC644.o
increment_b         0x4               dds.o
__iob               0x6               d:/program files/atmel/avr tools/avr toolchain/bin/../lib/gcc/avr/4.7.2/../../../../avr/lib/avr51\libc.a(iob.o)
is_playing          0x1               KEYtestGCC644.o
highbyte_b          0x1               dds.o
sample              0x2               dds.o

Memory Configuration

Name             Origin             Length             Attributes
text             0x00000000         0x00020000         xr
data             0x00800100         0x0000ff00         rw !x
eeprom           0x00810000         0x00010000         rw !x
fuse             0x00820000         0x00000400         rw !x
lock             0x00830000         0x00000400         rw !x
signature        0x00840000         0x00000400         rw !x
user_signatures  0x00850000         0x00000400         rw !x
*default*        0x00000000         0xffffffff

Linker script and memory map

Address of section .data set to 0x800100
LOAD d:/program files/atmel/avr tools/avr toolchain/bin/../lib/gcc/avr/4.7.2/../../../../avr/lib/avr51/crtm1284p.o
LOAD KEYtestGCC644.o
LOAD uart.o
LOAD dds.o
LOAD d:/program files/atmel/avr tools/avr toolchain/bin/../lib/gcc/avr/4.7.2/avr51\libgcc.a
LOAD d:/program files/atmel/avr tools/avr toolchain/bin/../lib/gcc/avr/4.7.2/../../../../avr/lib/avr51\libc.a
LOAD d:/program files/atmel/avr tools/avr toolchain/bin/../lib/gcc/avr/4.7.2/avr51\libgcc.a

.hash
 *(.hash)

.dynsym
 *(.dynsym)

.dynstr
 *(.dynstr)

.gnu.version
 *(.gnu.version)

.gnu.version_d
 *(.gnu.version_d)

.gnu.version_r
 *(.gnu.version_r)

.rel.init
 *(.rel.init)

.rela.init
 *(.rela.init)

.rel.text
 *(.rel.text)
 *(.rel.text.*)
 *(.rel.gnu.linkonce.t*)

.rela.text
 *(.rela.text)
 *(.rela.text.*)
 *(.rela.gnu.linkonce.t*)

.rel.fini
 *(.rel.fini)

.rela.fini
 *(.rela.fini)

.rel.rodata
 *(.rel.rodata)
 *(.rel.rodata.*)
 *(.rel.gnu.linkonce.r*)

.rela.rodata
 *(.rela.rodata)
 *(.rela.rodata.*)
 *(.rela.gnu.linkonce.r*)

.rel.data
 *(.rel.data)
 *(.rel.data.*)
 *(.rel.gnu.linkonce.d*)

.rela.data
 *(.rela.data)
 *(.rela.data.*)
 *(.rela.gnu.linkonce.d*)

.rel.ctors
 *(.rel.ctors)

.rela.ctors
 *(.rela.ctors)

.rel.dtors
 *(.rel.dtors)

.rela.dtors
 *(.rela.dtors)

.rel.got
 *(.rel.got)

.rela.got
 *(.rela.got)

.rel.bss
 *(.rel.bss)

.rela.bss
 *(.rela.bss)

.rel.plt
 *(.rel.plt)

.rela.plt
 *(.rela.plt)

.text           0x00000000     0x1cd2
 *(.vectors)
 .vectors       0x00000000       0x8c d:/program files/atmel/avr tools/avr toolchain/bin/../lib/gcc/avr/4.7.2/../../../../avr/lib/avr51/crtm1284p.o
                0x00000000                __vector_default
                0x00000000                __vectors
 *(.vectors)
 *(.progmem.gcc*)
 .progmem.gcc_fplib
                0x0000008c       0x1e d:/program files/atmel/avr tools/avr toolchain/bin/../lib/gcc/avr/4.7.2/../../../../avr/lib/avr51\libc.a(fp_sinus.o)
 *(.progmem*)
                0x000000aa                . = ALIGN (0x2)
                0x000000aa                __trampolines_start = .
 *(.trampolines)
 .trampolines   0x000000aa        0x0 linker stubs
 *(.trampolines*)
                0x000000aa                __trampolines_end = .
 *(.jumptables)
 *(.jumptables*)
 *(.lowtext)
 *(.lowtext*)
                0x000000aa                __ctors_start = .
 *(.ctors)
                0x000000aa                __ctors_end = .
                0x000000aa                __dtors_start = .
 *(.dtors)
                0x000000aa                __dtors_end = .
 SORT(*)(.ctors)
 SORT(*)(.dtors)
 *(.init0)
 .init0         0x000000aa        0x0 d:/program files/atmel/avr tools/avr toolchain/bin/../lib/gcc/avr/4.7.2/../../../../avr/lib/avr51/crtm1284p.o
                0x000000aa                __init
 *(.init0)
 *(.init1)
 *(.init1)
 *(.init2)
 .init2         0x000000aa        0xc d:/program files/atmel/avr tools/avr toolchain/bin/../lib/gcc/avr/4.7.2/../../../../avr/lib/avr51/crtm1284p.o
 *(.init2)
 *(.init3)
 *(.init3)
 *(.init4)
 .init4         0x000000b6       0x1a d:/program files/atmel/avr tools/avr toolchain/bin/../lib/gcc/avr/4.7.2/avr51\libgcc.a(_copy_data.o)
                0x000000b6                __do_copy_data
 .init4         0x000000d0       0x10 d:/program files/atmel/avr tools/avr toolchain/bin/../lib/gcc/avr/4.7.2/avr51\libgcc.a(_clear_bss.o)
                0x000000d0                __do_clear_bss
 *(.init4)
 *(.init5)
 *(.init5)
 *(.init6)
 *(.init6)
 *(.init7)
 *(.init7)
 *(.init8)
 *(.init8)
 *(.init9)
 .init9         0x000000e0        0x8 d:/program files/atmel/avr tools/avr toolchain/bin/../lib/gcc/avr/4.7.2/../../../../avr/lib/avr51/crtm1284p.o
 *(.init9)
 *(.text)
 .text          0x000000e8        0x4 d:/program files/atmel/avr tools/avr toolchain/bin/../lib/gcc/avr/4.7.2/../../../../avr/lib/avr51/crtm1284p.o
                0x000000e8                __vector_22
                0x000000e8                __vector_28
                0x000000e8                __vector_1
                0x000000e8                __vector_32
                0x000000e8                __vector_34
                0x000000e8                __vector_24
                0x000000e8                __vector_12
                0x000000e8                __bad_interrupt
                0x000000e8                __vector_6
                0x000000e8                __vector_31
                0x000000e8                __vector_3
                0x000000e8                __vector_23
                0x000000e8                __vector_30
                0x000000e8                __vector_25
                0x000000e8                __vector_11
                0x000000e8                __vector_13
                0x000000e8                __vector_17
                0x000000e8                __vector_19
                0x000000e8                __vector_7
                0x000000e8                __vector_27
                0x000000e8                __vector_5
                0x000000e8                __vector_33
                0x000000e8                __vector_4
                0x000000e8                __vector_9
                0x000000e8                __vector_2
                0x000000e8                __vector_21
                0x000000e8                __vector_15
                0x000000e8                __vector_29
                0x000000e8                __vector_8
                0x000000e8                __vector_26
                0x000000e8                __vector_14
                0x000000e8                __vector_10
                0x000000e8                __vector_16
                0x000000e8                __vector_20
 .text          0x000000ec      0x264 KEYtestGCC644.o
                0x000000ec                task1
                0x0000031c                initialize
 .text          0x00000350      0x1e4 uart.o
                0x00000350                uart_init
                0x0000035e                uart_putchar
                0x00000396                uart_getchar
 .text          0x00000534      0x34a dds.o
                0x00000534                __vector_18
                0x00000674                init_dtmf
                0x0000071e                play
                0x00000828                stop_playing
 .text          0x0000087e        0x0 d:/program files/atmel/avr tools/avr toolchain/bin/../lib/gcc/avr/4.7.2/avr51\libgcc.a(_exit.o)
 .text          0x0000087e        0x0 d:/program files/atmel/avr tools/avr toolchain/bin/../lib/gcc/avr/4.7.2/avr51\libgcc.a(_copy_data.o)
 .text          0x0000087e        0x0 d:/program files/atmel/avr tools/avr toolchain/bin/../lib/gcc/avr/4.7.2/avr51\libgcc.a(_clear_bss.o)
 .text          0x0000087e       0x5a d:/program files/atmel/avr tools/avr toolchain/bin/../lib/gcc/avr/4.7.2/avr51\libgcc.a(_fixunssfsi.o)
                0x0000087e                __fixunssfsi
 .text          0x000008d8      0x370 d:/program files/atmel/avr tools/avr toolchain/bin/../lib/gcc/avr/4.7.2/avr51\libgcc.a(_addsub_sf.o)
                0x00000b90                __addsf3
                0x00000be8                __subsf3
 .text          0x00000c48      0x1ca d:/program files/atmel/avr tools/avr toolchain/bin/../lib/gcc/avr/4.7.2/avr51\libgcc.a(_mul_sf.o)
                0x00000c48                __mulsf3
 .text          0x00000e12       0x5e d:/program files/atmel/avr tools/avr toolchain/bin/../lib/gcc/avr/4.7.2/avr51\libgcc.a(_ge_sf.o)
                0x00000e12                __gesf2
 .text          0x00000e70       0xb8 d:/program files/atmel/avr tools/avr toolchain/bin/../lib/gcc/avr/4.7.2/avr51\libgcc.a(_si_to_sf.o)
                0x00000e70                __floatsisf
 .text          0x00000f28       0x9e d:/program files/atmel/avr tools/avr toolchain/bin/../lib/gcc/avr/4.7.2/avr51\libgcc.a(_sf_to_si.o)
                0x00000f28                __fixsfsi
 .text          0x00000fc6        0x0 d:/program files/atmel/avr tools/avr toolchain/bin/../lib/gcc/avr/4.7.2/avr51\libgcc.a(_thenan_sf.o)
 .text          0x00000fc6        0x0 d:/program files/atmel/avr tools/avr toolchain/bin/../lib/gcc/avr/4.7.2/avr51\libgcc.a(_clzsi2.o)
 .text          0x00000fc6        0x0 d:/program files/atmel/avr tools/avr toolchain/bin/../lib/gcc/avr/4.7.2/avr51\libgcc.a(_clzhi2.o)
 .text          0x00000fc6        0x0 d:/program files/atmel/avr tools/avr toolchain/bin/../lib/gcc/avr/4.7.2/avr51\libgcc.a(_prologue.o)
 .text          0x00000fc6        0x0 d:/program files/atmel/avr tools/avr toolchain/bin/../lib/gcc/avr/4.7.2/avr51\libgcc.a(_epilogue.o)
 .text          0x00000fc6      0x194 d:/program files/atmel/avr tools/avr toolchain/bin/../lib/gcc/avr/4.7.2/avr51\libgcc.a(_pack_sf.o)
                0x00000fc6                __pack_f
 .text          0x0000115a       0xde d:/program files/atmel/avr tools/avr toolchain/bin/../lib/gcc/avr/4.7.2/avr51\libgcc.a(_unpack_sf.o)
                0x0000115a                __unpack_f
 .text          0x00001238       0xc2 d:/program files/atmel/avr tools/avr toolchain/bin/../lib/gcc/avr/4.7.2/avr51\libgcc.a(_fpcmp_parts_sf.o)
                0x00001238                __fpcmp_parts_f
 .text          0x000012fa        0x0 d:/program files/atmel/avr tools/avr toolchain/bin/../lib/gcc/avr/4.7.2/../../../../avr/lib/avr51\libc.a(fprintf.o)
 .text          0x000012fa        0x0 d:/program files/atmel/avr tools/avr toolchain/bin/../lib/gcc/avr/4.7.2/../../../../avr/lib/avr51\libc.a(fputs.o)
 .text          0x000012fa        0x0 d:/program files/atmel/avr tools/avr toolchain/bin/../lib/gcc/avr/4.7.2/../../../../avr/lib/avr51\libc.a(iob.o)
 .text          0x000012fa        0x0 d:/program files/atmel/avr tools/avr toolchain/bin/../lib/gcc/avr/4.7.2/../../../../avr/lib/avr51\libc.a(sin.o)
 .text          0x000012fa        0x0 d:/program files/atmel/avr tools/avr toolchain/bin/../lib/gcc/avr/4.7.2/../../../../avr/lib/avr51\libc.a(vfprintf_std.o)
 .text          0x000012fa        0x0 d:/program files/atmel/avr tools/avr toolchain/bin/../lib/gcc/avr/4.7.2/../../../../avr/lib/avr51\libc.a(strnlen_P.o)
 .text          0x000012fa        0x0 d:/program files/atmel/avr tools/avr toolchain/bin/../lib/gcc/avr/4.7.2/../../../../avr/lib/avr51\libc.a(strnlen.o)
 .text          0x000012fa        0x0 d:/program files/atmel/avr tools/avr toolchain/bin/../lib/gcc/avr/4.7.2/../../../../avr/lib/avr51\libc.a(fputc.o)
 .text          0x000012fa        0x0 d:/program files/atmel/avr tools/avr toolchain/bin/../lib/gcc/avr/4.7.2/../../../../avr/lib/avr51\libc.a(ultoa_invert.o)
 .text          0x000012fa        0x0 d:/program files/atmel/avr tools/avr toolchain/bin/../lib/gcc/avr/4.7.2/../../../../avr/lib/avr51\libc.a(fp_rempio2.o)
 .text          0x000012fa        0x0 d:/program files/atmel/avr tools/avr toolchain/bin/../lib/gcc/avr/4.7.2/../../../../avr/lib/avr51\libc.a(fp_sinus.o)
 .text          0x000012fa        0x0 d:/program files/atmel/avr tools/avr toolchain/bin/../lib/gcc/avr/4.7.2/../../../../avr/lib/avr51\libc.a(fp_split3.o)
 .text          0x000012fa        0x0 d:/program files/atmel/avr tools/avr toolchain/bin/../lib/gcc/avr/4.7.2/../../../../avr/lib/avr51\libc.a(addsf3x.o)
 .text          0x000012fa        0x0 d:/program files/atmel/avr tools/avr toolchain/bin/../lib/gcc/avr/4.7.2/../../../../avr/lib/avr51\libc.a(fp_inf.o)
 .text          0x000012fa        0x0 d:/program files/atmel/avr tools/avr toolchain/bin/../lib/gcc/avr/4.7.2/../../../../avr/lib/avr51\libc.a(fp_mpack.o)
 .text          0x000012fa        0x0 d:/program files/atmel/avr tools/avr toolchain/bin/../lib/gcc/avr/4.7.2/../../../../avr/lib/avr51\libc.a(fp_nan.o)
 .text          0x000012fa        0x0 d:/program files/atmel/avr tools/avr toolchain/bin/../lib/gcc/avr/4.7.2/../../../../avr/lib/avr51\libc.a(fp_powsodd.o)
 .text          0x000012fa        0x0 d:/program files/atmel/avr tools/avr toolchain/bin/../lib/gcc/avr/4.7.2/../../../../avr/lib/avr51\libc.a(fp_pscA.o)
 .text          0x000012fa        0x0 d:/program files/atmel/avr tools/avr toolchain/bin/../lib/gcc/avr/4.7.2/../../../../avr/lib/avr51\libc.a(fp_pscB.o)
 .text          0x000012fa        0x0 d:/program files/atmel/avr tools/avr toolchain/bin/../lib/gcc/avr/4.7.2/../../../../avr/lib/avr51\libc.a(fp_round.o)
 .text          0x000012fa        0x0 d:/program files/atmel/avr tools/avr toolchain/bin/../lib/gcc/avr/4.7.2/../../../../avr/lib/avr51\libc.a(fp_zero.o)
 .text          0x000012fa        0x0 d:/program files/atmel/avr tools/avr toolchain/bin/../lib/gcc/avr/4.7.2/../../../../avr/lib/avr51\libc.a(fp_powser.o)
 .text          0x000012fa        0x0 d:/program files/atmel/avr tools/avr toolchain/bin/../lib/gcc/avr/4.7.2/../../../../avr/lib/avr51\libc.a(mulsf3x.o)
                0x000012fa                . = ALIGN (0x2)
 *(.text.*)
 .text.startup  0x000012fa       0x46 KEYtestGCC644.o
                0x000012fa                main
 .text.libgcc.mul
                0x00001340        0x0 d:/program files/atmel/avr tools/avr toolchain/bin/../lib/gcc/avr/4.7.2/avr51\libgcc.a(_exit.o)
 .text.libgcc.div
                0x00001340        0x0 d:/program files/atmel/avr tools/avr toolchain/bin/../lib/gcc/avr/4.7.2/avr51\libgcc.a(_exit.o)
 .text.libgcc   0x00001340        0x0 d:/program files/atmel/avr tools/avr toolchain/bin/../lib/gcc/avr/4.7.2/avr51\libgcc.a(_exit.o)
 .text.libgcc.prologue
                0x00001340        0x0 d:/program files/atmel/avr tools/avr toolchain/bin/../lib/gcc/avr/4.7.2/avr51\libgcc.a(_exit.o)
 .text.libgcc.builtins
                0x00001340        0x0 d:/program files/atmel/avr tools/avr toolchain/bin/../lib/gcc/avr/4.7.2/avr51\libgcc.a(_exit.o)
 .text.libgcc.fmul
                0x00001340        0x0 d:/program files/atmel/avr tools/avr toolchain/bin/../lib/gcc/avr/4.7.2/avr51\libgcc.a(_exit.o)
 .text.libgcc.mul
                0x00001340        0x0 d:/program files/atmel/avr tools/avr toolchain/bin/../lib/gcc/avr/4.7.2/avr51\libgcc.a(_copy_data.o)
 .text.libgcc.div
                0x00001340        0x0 d:/program files/atmel/avr tools/avr toolchain/bin/../lib/gcc/avr/4.7.2/avr51\libgcc.a(_copy_data.o)
 .text.libgcc   0x00001340        0x0 d:/program files/atmel/avr tools/avr toolchain/bin/../lib/gcc/avr/4.7.2/avr51\libgcc.a(_copy_data.o)
 .text.libgcc.prologue
                0x00001340        0x0 d:/program files/atmel/avr tools/avr toolchain/bin/../lib/gcc/avr/4.7.2/avr51\libgcc.a(_copy_data.o)
 .text.libgcc.builtins
                0x00001340        0x0 d:/program files/atmel/avr tools/avr toolchain/bin/../lib/gcc/avr/4.7.2/avr51\libgcc.a(_copy_data.o)
 .text.libgcc.fmul
                0x00001340        0x0 d:/program files/atmel/avr tools/avr toolchain/bin/../lib/gcc/avr/4.7.2/avr51\libgcc.a(_copy_data.o)
 .text.libgcc.mul
                0x00001340        0x0 d:/program files/atmel/avr tools/avr toolchain/bin/../lib/gcc/avr/4.7.2/avr51\libgcc.a(_clear_bss.o)
 .text.libgcc.div
                0x00001340        0x0 d:/program files/atmel/avr tools/avr toolchain/bin/../lib/gcc/avr/4.7.2/avr51\libgcc.a(_clear_bss.o)
 .text.libgcc   0x00001340        0x0 d:/program files/atmel/avr tools/avr toolchain/bin/../lib/gcc/avr/4.7.2/avr51\libgcc.a(_clear_bss.o)
 .text.libgcc.prologue
                0x00001340        0x0 d:/program files/atmel/avr tools/avr toolchain/bin/../lib/gcc/avr/4.7.2/avr51\libgcc.a(_clear_bss.o)
 .text.libgcc.builtins
                0x00001340        0x0 d:/program files/atmel/avr tools/avr toolchain/bin/../lib/gcc/avr/4.7.2/avr51\libgcc.a(_clear_bss.o)
 .text.libgcc.fmul
                0x00001340        0x0 d:/program files/atmel/avr tools/avr toolchain/bin/../lib/gcc/avr/4.7.2/avr51\libgcc.a(_clear_bss.o)
 .text.libgcc.mul
                0x00001340        0x0 d:/program files/atmel/avr tools/avr toolchain/bin/../lib/gcc/avr/4.7.2/avr51\libgcc.a(_clzsi2.o)
 .text.libgcc.div
                0x00001340        0x0 d:/program files/atmel/avr tools/avr toolchain/bin/../lib/gcc/avr/4.7.2/avr51\libgcc.a(_clzsi2.o)
 .text.libgcc   0x00001340        0x0 d:/program files/atmel/avr tools/avr toolchain/bin/../lib/gcc/avr/4.7.2/avr51\libgcc.a(_clzsi2.o)
 .text.libgcc.prologue
                0x00001340        0x0 d:/program files/atmel/avr tools/avr toolchain/bin/../lib/gcc/avr/4.7.2/avr51\libgcc.a(_clzsi2.o)
 .text.libgcc.builtins
                0x00001340       0x12 d:/program files/atmel/avr tools/avr toolchain/bin/../lib/gcc/avr/4.7.2/avr51\libgcc.a(_clzsi2.o)
                0x00001340                __clzsi2
 .text.libgcc.fmul
                0x00001352        0x0 d:/program files/atmel/avr tools/avr toolchain/bin/../lib/gcc/avr/4.7.2/avr51\libgcc.a(_clzsi2.o)
 .text.libgcc.mul
                0x00001352        0x0 d:/program files/atmel/avr tools/avr toolchain/bin/../lib/gcc/avr/4.7.2/avr51\libgcc.a(_clzhi2.o)
 .text.libgcc.div
                0x00001352        0x0 d:/program files/atmel/avr tools/avr toolchain/bin/../lib/gcc/avr/4.7.2/avr51\libgcc.a(_clzhi2.o)
 .text.libgcc   0x00001352        0x0 d:/program files/atmel/avr tools/avr toolchain/bin/../lib/gcc/avr/4.7.2/avr51\libgcc.a(_clzhi2.o)
 .text.libgcc.prologue
                0x00001352        0x0 d:/program files/atmel/avr tools/avr toolchain/bin/../lib/gcc/avr/4.7.2/avr51\libgcc.a(_clzhi2.o)
 .text.libgcc.builtins
                0x00001352       0x24 d:/program files/atmel/avr tools/avr toolchain/bin/../lib/gcc/avr/4.7.2/avr51\libgcc.a(_clzhi2.o)
                0x00001352                __clzhi2
 .text.libgcc.fmul
                0x00001376        0x0 d:/program files/atmel/avr tools/avr toolchain/bin/../lib/gcc/avr/4.7.2/avr51\libgcc.a(_clzhi2.o)
 .text.libgcc.mul
                0x00001376        0x0 d:/program files/atmel/avr tools/avr toolchain/bin/../lib/gcc/avr/4.7.2/avr51\libgcc.a(_prologue.o)
 .text.libgcc.div
                0x00001376        0x0 d:/program files/atmel/avr tools/avr toolchain/bin/../lib/gcc/avr/4.7.2/avr51\libgcc.a(_prologue.o)
 .text.libgcc   0x00001376        0x0 d:/program files/atmel/avr tools/avr toolchain/bin/../lib/gcc/avr/4.7.2/avr51\libgcc.a(_prologue.o)
 .text.libgcc.prologue
                0x00001376       0x38 d:/program files/atmel/avr tools/avr toolchain/bin/../lib/gcc/avr/4.7.2/avr51\libgcc.a(_prologue.o)
                0x00001376                __prologue_saves__
 .text.libgcc.builtins
                0x000013ae        0x0 d:/program files/atmel/avr tools/avr toolchain/bin/../lib/gcc/avr/4.7.2/avr51\libgcc.a(_prologue.o)
 .text.libgcc.fmul
                0x000013ae        0x0 d:/program files/atmel/avr tools/avr toolchain/bin/../lib/gcc/avr/4.7.2/avr51\libgcc.a(_prologue.o)
 .text.libgcc.mul
                0x000013ae        0x0 d:/program files/atmel/avr tools/avr toolchain/bin/../lib/gcc/avr/4.7.2/avr51\libgcc.a(_epilogue.o)
 .text.libgcc.div
                0x000013ae        0x0 d:/program files/atmel/avr tools/avr toolchain/bin/../lib/gcc/avr/4.7.2/avr51\libgcc.a(_epilogue.o)
 .text.libgcc   0x000013ae        0x0 d:/program files/atmel/avr tools/avr toolchain/bin/../lib/gcc/avr/4.7.2/avr51\libgcc.a(_epilogue.o)
 .text.libgcc.prologue
                0x000013ae       0x36 d:/program files/atmel/avr tools/avr toolchain/bin/../lib/gcc/avr/4.7.2/avr51\libgcc.a(_epilogue.o)
                0x000013ae                __epilogue_restores__
 .text.libgcc.builtins
                0x000013e4        0x0 d:/program files/atmel/avr tools/avr toolchain/bin/../lib/gcc/avr/4.7.2/avr51\libgcc.a(_epilogue.o)
 .text.libgcc.fmul
                0x000013e4        0x0 d:/program files/atmel/avr tools/avr toolchain/bin/../lib/gcc/avr/4.7.2/avr51\libgcc.a(_epilogue.o)
 .text.avr-libc
                0x000013e4       0x20 d:/program files/atmel/avr tools/avr toolchain/bin/../lib/gcc/avr/4.7.2/../../../../avr/lib/avr51\libc.a(fprintf.o)
                0x000013e4                fprintf
 .text.avr-libc
                0x00001404       0x56 d:/program files/atmel/avr tools/avr toolchain/bin/../lib/gcc/avr/4.7.2/../../../../avr/lib/avr51\libc.a(fputs.o)
                0x00001404                fputs
 .text.avr-libc.fplib
                0x0000145a        0xc d:/program files/atmel/avr tools/avr toolchain/bin/../lib/gcc/avr/4.7.2/../../../../avr/lib/avr51\libc.a(sin.o)
                0x0000145a                sin
 .text.avr-libc
                0x00001466      0x40a d:/program files/atmel/avr tools/avr toolchain/bin/../lib/gcc/avr/4.7.2/../../../../avr/lib/avr51\libc.a(vfprintf_std.o)
                0x00001466                vfprintf
 .text.avr-libc
                0x00001870       0x16 d:/program files/atmel/avr tools/avr toolchain/bin/../lib/gcc/avr/4.7.2/../../../../avr/lib/avr51\libc.a(strnlen_P.o)
                0x00001870                strnlen_P
 .text.avr-libc
                0x00001886       0x16 d:/program files/atmel/avr tools/avr toolchain/bin/../lib/gcc/avr/4.7.2/../../../../avr/lib/avr51\libc.a(strnlen.o)
                0x00001886                strnlen
 .text.avr-libc
                0x0000189c       0x58 d:/program files/atmel/avr tools/avr toolchain/bin/../lib/gcc/avr/4.7.2/../../../../avr/lib/avr51\libc.a(fputc.o)
                0x0000189c                fputc
 .text.avr-libc
                0x000018f4       0xbc d:/program files/atmel/avr tools/avr toolchain/bin/../lib/gcc/avr/4.7.2/../../../../avr/lib/avr51\libc.a(ultoa_invert.o)
                0x000018f4                __ultoa_invert
 .text.avr-libc.fplib
                0x000019b0       0x50 d:/program files/atmel/avr tools/avr toolchain/bin/../lib/gcc/avr/4.7.2/../../../../avr/lib/avr51\libc.a(fp_rempio2.o)
                0x000019b2                __fp_rempio2
 .text.avr-libc.fplib
                0x00001a00       0x22 d:/program files/atmel/avr tools/avr toolchain/bin/../lib/gcc/avr/4.7.2/../../../../avr/lib/avr51\libc.a(fp_sinus.o)
                0x00001a00                __fp_sinus
 .text.avr-libc.fplib
                0x00001a22       0x44 d:/program files/atmel/avr tools/avr toolchain/bin/../lib/gcc/avr/4.7.2/../../../../avr/lib/avr51\libc.a(fp_split3.o)
                0x00001a22                __fp_split3
                0x00001a32                __fp_splitA
 .text.avr-libc.fplib
                0x00001a66       0xc0 d:/program files/atmel/avr tools/avr toolchain/bin/../lib/gcc/avr/4.7.2/../../../../avr/lib/avr51\libc.a(addsf3x.o)
                0x00001a80                __addsf3x
 .text.avr-libc.fplib
                0x00001b26        0xc d:/program files/atmel/avr tools/avr toolchain/bin/../lib/gcc/avr/4.7.2/../../../../avr/lib/avr51\libc.a(fp_inf.o)
                0x00001b26                __fp_inf
 .text.avr-libc.fplib
                0x00001b32       0x1c d:/program files/atmel/avr tools/avr toolchain/bin/../lib/gcc/avr/4.7.2/../../../../avr/lib/avr51\libc.a(fp_mpack.o)
                0x00001b32                __fp_mpack
                0x00001b36                __fp_mpack_finite
 .text.avr-libc.fplib
                0x00001b4e        0x6 d:/program files/atmel/avr tools/avr toolchain/bin/../lib/gcc/avr/4.7.2/../../../../avr/lib/avr51\libc.a(fp_nan.o)
                0x00001b4e                __fp_nan
 .text.avr-libc.fplib
                0x00001b54       0x22 d:/program files/atmel/avr tools/avr toolchain/bin/../lib/gcc/avr/4.7.2/../../../../avr/lib/avr51\libc.a(fp_powsodd.o)
                0x00001b54                __fp_powsodd
 .text.avr-libc.fplib
                0x00001b76        0xe d:/program files/atmel/avr tools/avr toolchain/bin/../lib/gcc/avr/4.7.2/../../../../avr/lib/avr51\libc.a(fp_pscA.o)
                0x00001b76                __fp_pscA
 .text.avr-libc.fplib
                0x00001b84        0xe d:/program files/atmel/avr tools/avr toolchain/bin/../lib/gcc/avr/4.7.2/../../../../avr/lib/avr51\libc.a(fp_pscB.o)
                0x00001b84                __fp_pscB
 .text.avr-libc.fplib
                0x00001b92       0x22 d:/program files/atmel/avr tools/avr toolchain/bin/../lib/gcc/avr/4.7.2/../../../../avr/lib/avr51\libc.a(fp_round.o)
                0x00001b92                __fp_round
 .text.avr-libc.fplib
                0x00001bb4        0xe d:/program files/atmel/avr tools/avr toolchain/bin/../lib/gcc/avr/4.7.2/../../../../avr/lib/avr51\libc.a(fp_zero.o)
                0x00001bb4                __fp_zero
                0x00001bb6                __fp_szero
 .text.avr-libc.fplib
                0x00001bc2       0x4a d:/program files/atmel/avr tools/avr toolchain/bin/../lib/gcc/avr/4.7.2/../../../../avr/lib/avr51\libc.a(fp_powser.o)
                0x00001bc2                __fp_powser
 .text.avr-libc.fplib
                0x00001c0c       0xc2 d:/program files/atmel/avr tools/avr toolchain/bin/../lib/gcc/avr/4.7.2/../../../../avr/lib/avr51\libc.a(mulsf3x.o)
                0x00001c20                __mulsf3x
                0x00001c24                __mulsf3_pse
                0x00001cce                . = ALIGN (0x2)
 *(.fini9)
 .fini9         0x00001cce        0x0 d:/program files/atmel/avr tools/avr toolchain/bin/../lib/gcc/avr/4.7.2/avr51\libgcc.a(_exit.o)
                0x00001cce                _exit
                0x00001cce                exit
 *(.fini9)
 *(.fini8)
 *(.fini8)
 *(.fini7)
 *(.fini7)
 *(.fini6)
 *(.fini6)
 *(.fini5)
 *(.fini5)
 *(.fini4)
 *(.fini4)
 *(.fini3)
 *(.fini3)
 *(.fini2)
 *(.fini2)
 *(.fini1)
 *(.fini1)
 *(.fini0)
 .fini0         0x00001cce        0x4 d:/program files/atmel/avr tools/avr toolchain/bin/../lib/gcc/avr/4.7.2/avr51\libgcc.a(_exit.o)
 *(.fini0)
                0x00001cd2                _etext = .

.data           0x00800100       0x7e load address 0x00001cd2
                0x00800100                PROVIDE (__data_start, .)
 *(.data)
 .data          0x00800100        0x0 d:/program files/atmel/avr tools/avr toolchain/bin/../lib/gcc/avr/4.7.2/../../../../avr/lib/avr51/crtm1284p.o
 .data          0x00800100       0x4e KEYtestGCC644.o
                0x00800100                uart_str
                0x0080010e                low_freq
                0x00800126                high_freq
                0x0080013e                keytbl
 .data          0x0080014e        0x0 uart.o
 .data          0x0080014e        0x0 dds.o
 .data          0x0080014e        0x0 d:/program files/atmel/avr tools/avr toolchain/bin/../lib/gcc/avr/4.7.2/avr51\libgcc.a(_exit.o)
 .data          0x0080014e        0x0 d:/program files/atmel/avr tools/avr toolchain/bin/../lib/gcc/avr/4.7.2/avr51\libgcc.a(_copy_data.o)
 .data          0x0080014e        0x0 d:/program files/atmel/avr tools/avr toolchain/bin/../lib/gcc/avr/4.7.2/avr51\libgcc.a(_clear_bss.o)
 .data          0x0080014e        0x0 d:/program files/atmel/avr tools/avr toolchain/bin/../lib/gcc/avr/4.7.2/avr51\libgcc.a(_fixunssfsi.o)
 .data          0x0080014e        0x0 d:/program files/atmel/avr tools/avr toolchain/bin/../lib/gcc/avr/4.7.2/avr51\libgcc.a(_addsub_sf.o)
 .data          0x0080014e        0x0 d:/program files/atmel/avr tools/avr toolchain/bin/../lib/gcc/avr/4.7.2/avr51\libgcc.a(_mul_sf.o)
 .data          0x0080014e        0x0 d:/program files/atmel/avr tools/avr toolchain/bin/../lib/gcc/avr/4.7.2/avr51\libgcc.a(_ge_sf.o)
 .data          0x0080014e        0x0 d:/program files/atmel/avr tools/avr toolchain/bin/../lib/gcc/avr/4.7.2/avr51\libgcc.a(_si_to_sf.o)
 .data          0x0080014e        0x0 d:/program files/atmel/avr tools/avr toolchain/bin/../lib/gcc/avr/4.7.2/avr51\libgcc.a(_sf_to_si.o)
 .data          0x0080014e        0x0 d:/program files/atmel/avr tools/avr toolchain/bin/../lib/gcc/avr/4.7.2/avr51\libgcc.a(_thenan_sf.o)
 .data          0x0080014e        0x0 d:/program files/atmel/avr tools/avr toolchain/bin/../lib/gcc/avr/4.7.2/avr51\libgcc.a(_clzsi2.o)
 .data          0x0080014e        0x0 d:/program files/atmel/avr tools/avr toolchain/bin/../lib/gcc/avr/4.7.2/avr51\libgcc.a(_clzhi2.o)
 .data          0x0080014e        0x0 d:/program files/atmel/avr tools/avr toolchain/bin/../lib/gcc/avr/4.7.2/avr51\libgcc.a(_prologue.o)
 .data          0x0080014e        0x0 d:/program files/atmel/avr tools/avr toolchain/bin/../lib/gcc/avr/4.7.2/avr51\libgcc.a(_epilogue.o)
 .data          0x0080014e        0x0 d:/program files/atmel/avr tools/avr toolchain/bin/../lib/gcc/avr/4.7.2/avr51\libgcc.a(_pack_sf.o)
 .data          0x0080014e        0x0 d:/program files/atmel/avr tools/avr toolchain/bin/../lib/gcc/avr/4.7.2/avr51\libgcc.a(_unpack_sf.o)
 .data          0x0080014e        0x0 d:/program files/atmel/avr tools/avr toolchain/bin/../lib/gcc/avr/4.7.2/avr51\libgcc.a(_fpcmp_parts_sf.o)
 .data          0x0080014e        0x0 d:/program files/atmel/avr tools/avr toolchain/bin/../lib/gcc/avr/4.7.2/../../../../avr/lib/avr51\libc.a(fprintf.o)
 .data          0x0080014e        0x0 d:/program files/atmel/avr tools/avr toolchain/bin/../lib/gcc/avr/4.7.2/../../../../avr/lib/avr51\libc.a(fputs.o)
 .data          0x0080014e        0x0 d:/program files/atmel/avr tools/avr toolchain/bin/../lib/gcc/avr/4.7.2/../../../../avr/lib/avr51\libc.a(iob.o)
 .data          0x0080014e        0x0 d:/program files/atmel/avr tools/avr toolchain/bin/../lib/gcc/avr/4.7.2/../../../../avr/lib/avr51\libc.a(sin.o)
 .data          0x0080014e        0x0 d:/program files/atmel/avr tools/avr toolchain/bin/../lib/gcc/avr/4.7.2/../../../../avr/lib/avr51\libc.a(vfprintf_std.o)
 .data          0x0080014e        0x0 d:/program files/atmel/avr tools/avr toolchain/bin/../lib/gcc/avr/4.7.2/../../../../avr/lib/avr51\libc.a(strnlen_P.o)
 .data          0x0080014e        0x0 d:/program files/atmel/avr tools/avr toolchain/bin/../lib/gcc/avr/4.7.2/../../../../avr/lib/avr51\libc.a(strnlen.o)
 .data          0x0080014e        0x0 d:/program files/atmel/avr tools/avr toolchain/bin/../lib/gcc/avr/4.7.2/../../../../avr/lib/avr51\libc.a(fputc.o)
 .data          0x0080014e        0x0 d:/program files/atmel/avr tools/avr toolchain/bin/../lib/gcc/avr/4.7.2/../../../../avr/lib/avr51\libc.a(ultoa_invert.o)
 .data          0x0080014e        0x0 d:/program files/atmel/avr tools/avr toolchain/bin/../lib/gcc/avr/4.7.2/../../../../avr/lib/avr51\libc.a(fp_rempio2.o)
 .data          0x0080014e        0x0 d:/program files/atmel/avr tools/avr toolchain/bin/../lib/gcc/avr/4.7.2/../../../../avr/lib/avr51\libc.a(fp_sinus.o)
 .data          0x0080014e        0x0 d:/program files/atmel/avr tools/avr toolchain/bin/../lib/gcc/avr/4.7.2/../../../../avr/lib/avr51\libc.a(fp_split3.o)
 .data          0x0080014e        0x0 d:/program files/atmel/avr tools/avr toolchain/bin/../lib/gcc/avr/4.7.2/../../../../avr/lib/avr51\libc.a(addsf3x.o)
 .data          0x0080014e        0x0 d:/program files/atmel/avr tools/avr toolchain/bin/../lib/gcc/avr/4.7.2/../../../../avr/lib/avr51\libc.a(fp_inf.o)
 .data          0x0080014e        0x0 d:/program files/atmel/avr tools/avr toolchain/bin/../lib/gcc/avr/4.7.2/../../../../avr/lib/avr51\libc.a(fp_mpack.o)
 .data          0x0080014e        0x0 d:/program files/atmel/avr tools/avr toolchain/bin/../lib/gcc/avr/4.7.2/../../../../avr/lib/avr51\libc.a(fp_nan.o)
 .data          0x0080014e        0x0 d:/program files/atmel/avr tools/avr toolchain/bin/../lib/gcc/avr/4.7.2/../../../../avr/lib/avr51\libc.a(fp_powsodd.o)
 .data          0x0080014e        0x0 d:/program files/atmel/avr tools/avr toolchain/bin/../lib/gcc/avr/4.7.2/../../../../avr/lib/avr51\libc.a(fp_pscA.o)
 .data          0x0080014e        0x0 d:/program files/atmel/avr tools/avr toolchain/bin/../lib/gcc/avr/4.7.2/../../../../avr/lib/avr51\libc.a(fp_pscB.o)
 .data          0x0080014e        0x0 d:/program files/atmel/avr tools/avr toolchain/bin/../lib/gcc/avr/4.7.2/../../../../avr/lib/avr51\libc.a(fp_round.o)
 .data          0x0080014e        0x0 d:/program files/atmel/avr tools/avr toolchain/bin/../lib/gcc/avr/4.7.2/../../../../avr/lib/avr51\libc.a(fp_zero.o)
 .data          0x0080014e        0x0 d:/program files/atmel/avr tools/avr toolchain/bin/../lib/gcc/avr/4.7.2/../../../../avr/lib/avr51\libc.a(fp_powser.o)
 .data          0x0080014e        0x0 d:/program files/atmel/avr tools/avr toolchain/bin/../lib/gcc/avr/4.7.2/../../../../avr/lib/avr51\libc.a(mulsf3x.o)
 *(.data*)
 *(.rodata)
 .rodata        0x0080014e        0x8 d:/program files/atmel/avr tools/avr toolchain/bin/../lib/gcc/avr/4.7.2/avr51\libgcc.a(_thenan_sf.o)
                0x0080014e                __thenan_sf
 *(.rodata*)
 .rodata.str1.1
                0x00800156       0x20 KEYtestGCC644.o
 .rodata.str1.1
                0x00800176        0x8 uart.o
 *(.gnu.linkonce.d*)
                0x0080017e                . = ALIGN (0x2)
                0x0080017e                _edata = .
                0x0080017e                PROVIDE (__data_end, .)

.bss            0x0080017e      0x2a6
                0x0080017e                PROVIDE (__bss_start, .)
 *(.bss)
 .bss           0x0080017e        0x0 d:/program files/atmel/avr tools/avr toolchain/bin/../lib/gcc/avr/4.7.2/../../../../avr/lib/avr51/crtm1284p.o
 .bss           0x0080017e       0x18 KEYtestGCC644.o
                0x0080017e                mem
 .bss           0x00800196       0x52 uart.o
 .bss           0x008001e8        0x0 dds.o
 .bss           0x008001e8        0x0 d:/program files/atmel/avr tools/avr toolchain/bin/../lib/gcc/avr/4.7.2/avr51\libgcc.a(_exit.o)
 .bss           0x008001e8        0x0 d:/program files/atmel/avr tools/avr toolchain/bin/../lib/gcc/avr/4.7.2/avr51\libgcc.a(_copy_data.o)
 .bss           0x008001e8        0x0 d:/program files/atmel/avr tools/avr toolchain/bin/../lib/gcc/avr/4.7.2/avr51\libgcc.a(_clear_bss.o)
 .bss           0x008001e8        0x0 d:/program files/atmel/avr tools/avr toolchain/bin/../lib/gcc/avr/4.7.2/avr51\libgcc.a(_fixunssfsi.o)
 .bss           0x008001e8        0x0 d:/program files/atmel/avr tools/avr toolchain/bin/../lib/gcc/avr/4.7.2/avr51\libgcc.a(_addsub_sf.o)
 .bss           0x008001e8        0x0 d:/program files/atmel/avr tools/avr toolchain/bin/../lib/gcc/avr/4.7.2/avr51\libgcc.a(_mul_sf.o)
 .bss           0x008001e8        0x0 d:/program files/atmel/avr tools/avr toolchain/bin/../lib/gcc/avr/4.7.2/avr51\libgcc.a(_ge_sf.o)
 .bss           0x008001e8        0x0 d:/program files/atmel/avr tools/avr toolchain/bin/../lib/gcc/avr/4.7.2/avr51\libgcc.a(_si_to_sf.o)
 .bss           0x008001e8        0x0 d:/program files/atmel/avr tools/avr toolchain/bin/../lib/gcc/avr/4.7.2/avr51\libgcc.a(_sf_to_si.o)
 .bss           0x008001e8        0x0 d:/program files/atmel/avr tools/avr toolchain/bin/../lib/gcc/avr/4.7.2/avr51\libgcc.a(_thenan_sf.o)
 .bss           0x008001e8        0x0 d:/program files/atmel/avr tools/avr toolchain/bin/../lib/gcc/avr/4.7.2/avr51\libgcc.a(_clzsi2.o)
 .bss           0x008001e8        0x0 d:/program files/atmel/avr tools/avr toolchain/bin/../lib/gcc/avr/4.7.2/avr51\libgcc.a(_clzhi2.o)
 .bss           0x008001e8        0x0 d:/program files/atmel/avr tools/avr toolchain/bin/../lib/gcc/avr/4.7.2/avr51\libgcc.a(_prologue.o)
 .bss           0x008001e8        0x0 d:/program files/atmel/avr tools/avr toolchain/bin/../lib/gcc/avr/4.7.2/avr51\libgcc.a(_epilogue.o)
 .bss           0x008001e8        0x0 d:/program files/atmel/avr tools/avr toolchain/bin/../lib/gcc/avr/4.7.2/avr51\libgcc.a(_pack_sf.o)
 .bss           0x008001e8        0x0 d:/program files/atmel/avr tools/avr toolchain/bin/../lib/gcc/avr/4.7.2/avr51\libgcc.a(_unpack_sf.o)
 .bss           0x008001e8        0x0 d:/program files/atmel/avr tools/avr toolchain/bin/../lib/gcc/avr/4.7.2/avr51\libgcc.a(_fpcmp_parts_sf.o)
 .bss           0x008001e8        0x0 d:/program files/atmel/avr tools/avr toolchain/bin/../lib/gcc/avr/4.7.2/../../../../avr/lib/avr51\libc.a(fprintf.o)
 .bss           0x008001e8        0x0 d:/program files/atmel/avr tools/avr toolchain/bin/../lib/gcc/avr/4.7.2/../../../../avr/lib/avr51\libc.a(fputs.o)
 .bss           0x008001e8        0x0 d:/program files/atmel/avr tools/avr toolchain/bin/../lib/gcc/avr/4.7.2/../../../../avr/lib/avr51\libc.a(iob.o)
 .bss           0x008001e8        0x0 d:/program files/atmel/avr tools/avr toolchain/bin/../lib/gcc/avr/4.7.2/../../../../avr/lib/avr51\libc.a(sin.o)
 .bss           0x008001e8        0x0 d:/program files/atmel/avr tools/avr toolchain/bin/../lib/gcc/avr/4.7.2/../../../../avr/lib/avr51\libc.a(vfprintf_std.o)
 .bss           0x008001e8        0x0 d:/program files/atmel/avr tools/avr toolchain/bin/../lib/gcc/avr/4.7.2/../../../../avr/lib/avr51\libc.a(strnlen_P.o)
 .bss           0x008001e8        0x0 d:/program files/atmel/avr tools/avr toolchain/bin/../lib/gcc/avr/4.7.2/../../../../avr/lib/avr51\libc.a(strnlen.o)
 .bss           0x008001e8        0x0 d:/program files/atmel/avr tools/avr toolchain/bin/../lib/gcc/avr/4.7.2/../../../../avr/lib/avr51\libc.a(fputc.o)
 .bss           0x008001e8        0x0 d:/program files/atmel/avr tools/avr toolchain/bin/../lib/gcc/avr/4.7.2/../../../../avr/lib/avr51\libc.a(ultoa_invert.o)
 .bss           0x008001e8        0x0 d:/program files/atmel/avr tools/avr toolchain/bin/../lib/gcc/avr/4.7.2/../../../../avr/lib/avr51\libc.a(fp_rempio2.o)
 .bss           0x008001e8        0x0 d:/program files/atmel/avr tools/avr toolchain/bin/../lib/gcc/avr/4.7.2/../../../../avr/lib/avr51\libc.a(fp_sinus.o)
 .bss           0x008001e8        0x0 d:/program files/atmel/avr tools/avr toolchain/bin/../lib/gcc/avr/4.7.2/../../../../avr/lib/avr51\libc.a(fp_split3.o)
 .bss           0x008001e8        0x0 d:/program files/atmel/avr tools/avr toolchain/bin/../lib/gcc/avr/4.7.2/../../../../avr/lib/avr51\libc.a(addsf3x.o)
 .bss           0x008001e8        0x0 d:/program files/atmel/avr tools/avr toolchain/bin/../lib/gcc/avr/4.7.2/../../../../avr/lib/avr51\libc.a(fp_inf.o)
 .bss           0x008001e8        0x0 d:/program files/atmel/avr tools/avr toolchain/bin/../lib/gcc/avr/4.7.2/../../../../avr/lib/avr51\libc.a(fp_mpack.o)
 .bss           0x008001e8        0x0 d:/program files/atmel/avr tools/avr toolchain/bin/../lib/gcc/avr/4.7.2/../../../../avr/lib/avr51\libc.a(fp_nan.o)
 .bss           0x008001e8        0x0 d:/program files/atmel/avr tools/avr toolchain/bin/../lib/gcc/avr/4.7.2/../../../../avr/lib/avr51\libc.a(fp_powsodd.o)
 .bss           0x008001e8        0x0 d:/program files/atmel/avr tools/avr toolchain/bin/../lib/gcc/avr/4.7.2/../../../../avr/lib/avr51\libc.a(fp_pscA.o)
 .bss           0x008001e8        0x0 d:/program files/atmel/avr tools/avr toolchain/bin/../lib/gcc/avr/4.7.2/../../../../avr/lib/avr51\libc.a(fp_pscB.o)
 .bss           0x008001e8        0x0 d:/program files/atmel/avr tools/avr toolchain/bin/../lib/gcc/avr/4.7.2/../../../../avr/lib/avr51\libc.a(fp_round.o)
 .bss           0x008001e8        0x0 d:/program files/atmel/avr tools/avr toolchain/bin/../lib/gcc/avr/4.7.2/../../../../avr/lib/avr51\libc.a(fp_zero.o)
 .bss           0x008001e8        0x0 d:/program files/atmel/avr tools/avr toolchain/bin/../lib/gcc/avr/4.7.2/../../../../avr/lib/avr51\libc.a(fp_powser.o)
 .bss           0x008001e8        0x0 d:/program files/atmel/avr tools/avr toolchain/bin/../lib/gcc/avr/4.7.2/../../../../avr/lib/avr51\libc.a(mulsf3x.o)
 *(.bss*)
 *(COMMON)
 COMMON         0x008001e8        0xd KEYtestGCC644.o
                0x008001e8                butnum
                0x008001e9                PushFlag
                0x008001ea                dds_duration
                0x008001ec                time1
                0x008001ee                time
                0x008001f0                key
                0x008001f1                mem_index
                0x008001f3                PushState
                0x008001f4                is_playing
 COMMON         0x008001f5      0x229 dds.o
                0x008001f5                increment_a
                0x008001f9                rampTable
                0x008002f9                accumulator
                0x008002fd                increment
                0x00800301                highbyte
                0x00800302                sineTable
                0x00800402                accumulator_a
                0x00800406                sineB
                0x0080040a                changed
                0x0080040b                rampCount
                0x0080040d                accumulator_b
                0x00800411                highbyte_a
                0x00800412                count
                0x00800413                sineA
                0x00800417                increment_b
                0x0080041b                highbyte_b
                0x0080041c                sample
 COMMON         0x0080041e        0x6 d:/program files/atmel/avr tools/avr toolchain/bin/../lib/gcc/avr/4.7.2/../../../../avr/lib/avr51\libc.a(iob.o)
                0x0080041e                __iob
                0x00800424                PROVIDE (__bss_end, .)
                0x00001cd2                __data_load_start = LOADADDR (.data)
                0x00001d50                __data_load_end = (__data_load_start + SIZEOF (.data))

.noinit         0x00800424        0x0
                0x00800424                PROVIDE (__noinit_start, .)
 *(.noinit*)
                0x00800424                PROVIDE (__noinit_end, .)
                0x00800424                _end = .
                0x00800424                PROVIDE (__heap_start, .)

.eeprom         0x00810000        0x0
 *(.eeprom*)
                0x00810000                __eeprom_end = .

.fuse
 *(.fuse)
 *(.lfuse)
 *(.hfuse)
 *(.efuse)

.lock
 *(.lock*)

.signature
 *(.signature*)

.user_signatures
 *(.user_signatures*)

.stab           0x00000000     0x22a4
 *(.stab)
 .stab          0x00000000      0x6cc d:/program files/atmel/avr tools/avr toolchain/bin/../lib/gcc/avr/4.7.2/../../../../avr/lib/avr51/crtm1284p.o
 .stab          0x000006cc       0x78 d:/program files/atmel/avr tools/avr toolchain/bin/../lib/gcc/avr/4.7.2/../../../../avr/lib/avr51\libc.a(sin.o)
                                 0x84 (size before relaxing)
 .stab          0x00000744       0x9c d:/program files/atmel/avr tools/avr toolchain/bin/../lib/gcc/avr/4.7.2/../../../../avr/lib/avr51\libc.a(strnlen_P.o)
                                 0xa8 (size before relaxing)
 .stab          0x000007e0       0x9c d:/program files/atmel/avr tools/avr toolchain/bin/../lib/gcc/avr/4.7.2/../../../../avr/lib/avr51\libc.a(strnlen.o)
                                 0xa8 (size before relaxing)
 .stab          0x0000087c      0x480 d:/program files/atmel/avr tools/avr toolchain/bin/../lib/gcc/avr/4.7.2/../../../../avr/lib/avr51\libc.a(ultoa_invert.o)
                                0x48c (size before relaxing)
 .stab          0x00000cfc      0x21c d:/program files/atmel/avr tools/avr toolchain/bin/../lib/gcc/avr/4.7.2/../../../../avr/lib/avr51\libc.a(fp_rempio2.o)
                                0x228 (size before relaxing)
 .stab          0x00000f18       0xfc d:/program files/atmel/avr tools/avr toolchain/bin/../lib/gcc/avr/4.7.2/../../../../avr/lib/avr51\libc.a(fp_sinus.o)
                                0x108 (size before relaxing)
 .stab          0x00001014      0x1d4 d:/program files/atmel/avr tools/avr toolchain/bin/../lib/gcc/avr/4.7.2/../../../../avr/lib/avr51\libc.a(fp_split3.o)
                                0x1e0 (size before relaxing)
 .stab          0x000011e8      0x4bc d:/program files/atmel/avr tools/avr toolchain/bin/../lib/gcc/avr/4.7.2/../../../../avr/lib/avr51\libc.a(addsf3x.o)
                                0x4c8 (size before relaxing)
 .stab          0x000016a4       0x78 d:/program files/atmel/avr tools/avr toolchain/bin/../lib/gcc/avr/4.7.2/../../../../avr/lib/avr51\libc.a(fp_inf.o)
                                 0x84 (size before relaxing)
 .stab          0x0000171c       0xe4 d:/program files/atmel/avr tools/avr toolchain/bin/../lib/gcc/avr/4.7.2/../../../../avr/lib/avr51\libc.a(fp_mpack.o)
                                 0xf0 (size before relaxing)
 .stab          0x00001800       0x54 d:/program files/atmel/avr tools/avr toolchain/bin/../lib/gcc/avr/4.7.2/../../../../avr/lib/avr51\libc.a(fp_nan.o)
                                 0x60 (size before relaxing)
 .stab          0x00001854       0xfc d:/program files/atmel/avr tools/avr toolchain/bin/../lib/gcc/avr/4.7.2/../../../../avr/lib/avr51\libc.a(fp_powsodd.o)
                                0x108 (size before relaxing)
 .stab          0x00001950       0x84 d:/program files/atmel/avr tools/avr toolchain/bin/../lib/gcc/avr/4.7.2/../../../../avr/lib/avr51\libc.a(fp_pscA.o)
                                 0x90 (size before relaxing)
 .stab          0x000019d4       0x84 d:/program files/atmel/avr tools/avr toolchain/bin/../lib/gcc/avr/4.7.2/../../../../avr/lib/avr51\libc.a(fp_pscB.o)
                                 0x90 (size before relaxing)
 .stab          0x00001a58       0xfc d:/program files/atmel/avr tools/avr toolchain/bin/../lib/gcc/avr/4.7.2/../../../../avr/lib/avr51\libc.a(fp_round.o)
                                0x108 (size before relaxing)
 .stab          0x00001b54       0x90 d:/program files/atmel/avr tools/avr toolchain/bin/../lib/gcc/avr/4.7.2/../../../../avr/lib/avr51\libc.a(fp_zero.o)
                                 0x9c (size before relaxing)
 .stab          0x00001be4      0x1ec d:/program files/atmel/avr tools/avr toolchain/bin/../lib/gcc/avr/4.7.2/../../../../avr/lib/avr51\libc.a(fp_powser.o)
                                0x1f8 (size before relaxing)
 .stab          0x00001dd0      0x4d4 d:/program files/atmel/avr tools/avr toolchain/bin/../lib/gcc/avr/4.7.2/../../../../avr/lib/avr51\libc.a(mulsf3x.o)
                                0x4e0 (size before relaxing)

.stabstr        0x00000000      0x8d1
 *(.stabstr)
 .stabstr       0x00000000      0x8d1 d:/program files/atmel/avr tools/avr toolchain/bin/../lib/gcc/avr/4.7.2/../../../../avr/lib/avr51/crtm1284p.o

.stab.excl
 *(.stab.excl)

.stab.exclstr
 *(.stab.exclstr)

.stab.index
 *(.stab.index)

.stab.indexstr
 *(.stab.indexstr)

.comment        0x00000000       0x2f
 *(.comment)
 .comment       0x00000000       0x2f KEYtestGCC644.o
                                 0x30 (size before relaxing)
 .comment       0x00000000       0x30 uart.o
 .comment       0x00000000       0x30 dds.o
 .comment       0x00000000       0x30 d:/program files/atmel/avr tools/avr toolchain/bin/../lib/gcc/avr/4.7.2/avr51\libgcc.a(_fixunssfsi.o)
 .comment       0x00000000       0x30 d:/program files/atmel/avr tools/avr toolchain/bin/../lib/gcc/avr/4.7.2/avr51\libgcc.a(_addsub_sf.o)
 .comment       0x00000000       0x30 d:/program files/atmel/avr tools/avr toolchain/bin/../lib/gcc/avr/4.7.2/avr51\libgcc.a(_mul_sf.o)
 .comment       0x00000000       0x30 d:/program files/atmel/avr tools/avr toolchain/bin/../lib/gcc/avr/4.7.2/avr51\libgcc.a(_ge_sf.o)
 .comment       0x00000000       0x30 d:/program files/atmel/avr tools/avr toolchain/bin/../lib/gcc/avr/4.7.2/avr51\libgcc.a(_si_to_sf.o)
 .comment       0x00000000       0x30 d:/program files/atmel/avr tools/avr toolchain/bin/../lib/gcc/avr/4.7.2/avr51\libgcc.a(_sf_to_si.o)
 .comment       0x00000000       0x30 d:/program files/atmel/avr tools/avr toolchain/bin/../lib/gcc/avr/4.7.2/avr51\libgcc.a(_thenan_sf.o)
 .comment       0x00000000       0x30 d:/program files/atmel/avr tools/avr toolchain/bin/../lib/gcc/avr/4.7.2/avr51\libgcc.a(_pack_sf.o)
 .comment       0x00000000       0x30 d:/program files/atmel/avr tools/avr toolchain/bin/../lib/gcc/avr/4.7.2/avr51\libgcc.a(_unpack_sf.o)
 .comment       0x00000000       0x30 d:/program files/atmel/avr tools/avr toolchain/bin/../lib/gcc/avr/4.7.2/avr51\libgcc.a(_fpcmp_parts_sf.o)
 .comment       0x00000000       0x30 d:/program files/atmel/avr tools/avr toolchain/bin/../lib/gcc/avr/4.7.2/../../../../avr/lib/avr51\libc.a(fprintf.o)
 .comment       0x00000000       0x30 d:/program files/atmel/avr tools/avr toolchain/bin/../lib/gcc/avr/4.7.2/../../../../avr/lib/avr51\libc.a(fputs.o)
 .comment       0x00000000       0x30 d:/program files/atmel/avr tools/avr toolchain/bin/../lib/gcc/avr/4.7.2/../../../../avr/lib/avr51\libc.a(iob.o)
 .comment       0x00000000       0x30 d:/program files/atmel/avr tools/avr toolchain/bin/../lib/gcc/avr/4.7.2/../../../../avr/lib/avr51\libc.a(vfprintf_std.o)
 .comment       0x00000000       0x30 d:/program files/atmel/avr tools/avr toolchain/bin/../lib/gcc/avr/4.7.2/../../../../avr/lib/avr51\libc.a(fputc.o)

.debug
 *(.debug)

.line
 *(.line)

.debug_srcinfo
 *(.debug_srcinfo)

.debug_sfnames
 *(.debug_sfnames)

.debug_aranges  0x00000000      0x238
 *(.debug_aranges)
 .debug_aranges
                0x00000000       0x28 KEYtestGCC644.o
 .debug_aranges
                0x00000028       0x20 uart.o
 .debug_aranges
                0x00000048       0x20 dds.o
 .debug_aranges
                0x00000068       0x20 d:/program files/atmel/avr tools/avr toolchain/bin/../lib/gcc/avr/4.7.2/avr51\libgcc.a(_fixunssfsi.o)
 .debug_aranges
                0x00000088       0x20 d:/program files/atmel/avr tools/avr toolchain/bin/../lib/gcc/avr/4.7.2/avr51\libgcc.a(_addsub_sf.o)
 .debug_aranges
                0x000000a8       0x20 d:/program files/atmel/avr tools/avr toolchain/bin/../lib/gcc/avr/4.7.2/avr51\libgcc.a(_mul_sf.o)
 .debug_aranges
                0x000000c8       0x20 d:/program files/atmel/avr tools/avr toolchain/bin/../lib/gcc/avr/4.7.2/avr51\libgcc.a(_ge_sf.o)
 .debug_aranges
                0x000000e8       0x20 d:/program files/atmel/avr tools/avr toolchain/bin/../lib/gcc/avr/4.7.2/avr51\libgcc.a(_si_to_sf.o)
 .debug_aranges
                0x00000108       0x20 d:/program files/atmel/avr tools/avr toolchain/bin/../lib/gcc/avr/4.7.2/avr51\libgcc.a(_sf_to_si.o)
 .debug_aranges
                0x00000128       0x18 d:/program files/atmel/avr tools/avr toolchain/bin/../lib/gcc/avr/4.7.2/avr51\libgcc.a(_thenan_sf.o)
 .debug_aranges
                0x00000140       0x20 d:/program files/atmel/avr tools/avr toolchain/bin/../lib/gcc/avr/4.7.2/avr51\libgcc.a(_pack_sf.o)
 .debug_aranges
                0x00000160       0x20 d:/program files/atmel/avr tools/avr toolchain/bin/../lib/gcc/avr/4.7.2/avr51\libgcc.a(_unpack_sf.o)
 .debug_aranges
                0x00000180       0x20 d:/program files/atmel/avr tools/avr toolchain/bin/../lib/gcc/avr/4.7.2/avr51\libgcc.a(_fpcmp_parts_sf.o)
 .debug_aranges
                0x000001a0       0x20 d:/program files/atmel/avr tools/avr toolchain/bin/../lib/gcc/avr/4.7.2/../../../../avr/lib/avr51\libc.a(fprintf.o)
 .debug_aranges
                0x000001c0       0x20 d:/program files/atmel/avr tools/avr toolchain/bin/../lib/gcc/avr/4.7.2/../../../../avr/lib/avr51\libc.a(fputs.o)
 .debug_aranges
                0x000001e0       0x18 d:/program files/atmel/avr tools/avr toolchain/bin/../lib/gcc/avr/4.7.2/../../../../avr/lib/avr51\libc.a(iob.o)
 .debug_aranges
                0x000001f8       0x20 d:/program files/atmel/avr tools/avr toolchain/bin/../lib/gcc/avr/4.7.2/../../../../avr/lib/avr51\libc.a(vfprintf_std.o)
 .debug_aranges
                0x00000218       0x20 d:/program files/atmel/avr tools/avr toolchain/bin/../lib/gcc/avr/4.7.2/../../../../avr/lib/avr51\libc.a(fputc.o)

.debug_pubnames
 *(.debug_pubnames)

.debug_info     0x00000000     0x33a5
 *(.debug_info)
 .debug_info    0x00000000      0x4cc KEYtestGCC644.o
 .debug_info    0x000004cc      0x49f uart.o
 .debug_info    0x0000096b      0x2de dds.o
 .debug_info    0x00000c49       0xbe d:/program files/atmel/avr tools/avr toolchain/bin/../lib/gcc/avr/4.7.2/avr51\libgcc.a(_fixunssfsi.o)
 .debug_info    0x00000d07      0x589 d:/program files/atmel/avr tools/avr toolchain/bin/../lib/gcc/avr/4.7.2/avr51\libgcc.a(_addsub_sf.o)
 .debug_info    0x00001290      0x47c d:/program files/atmel/avr tools/avr toolchain/bin/../lib/gcc/avr/4.7.2/avr51\libgcc.a(_mul_sf.o)
 .debug_info    0x0000170c      0x32d d:/program files/atmel/avr tools/avr toolchain/bin/../lib/gcc/avr/4.7.2/avr51\libgcc.a(_ge_sf.o)
 .debug_info    0x00001a39      0x261 d:/program files/atmel/avr tools/avr toolchain/bin/../lib/gcc/avr/4.7.2/avr51\libgcc.a(_si_to_sf.o)
 .debug_info    0x00001c9a      0x2e6 d:/program files/atmel/avr tools/avr toolchain/bin/../lib/gcc/avr/4.7.2/avr51\libgcc.a(_sf_to_si.o)
 .debug_info    0x00001f80      0x150 d:/program files/atmel/avr tools/avr toolchain/bin/../lib/gcc/avr/4.7.2/avr51\libgcc.a(_thenan_sf.o)
 .debug_info    0x000020d0      0x2d2 d:/program files/atmel/avr tools/avr toolchain/bin/../lib/gcc/avr/4.7.2/avr51\libgcc.a(_pack_sf.o)
 .debug_info    0x000023a2      0x268 d:/program files/atmel/avr tools/avr toolchain/bin/../lib/gcc/avr/4.7.2/avr51\libgcc.a(_unpack_sf.o)
 .debug_info    0x0000260a      0x1ef d:/program files/atmel/avr tools/avr toolchain/bin/../lib/gcc/avr/4.7.2/avr51\libgcc.a(_fpcmp_parts_sf.o)
 .debug_info    0x000027f9      0x1fc d:/program files/atmel/avr tools/avr toolchain/bin/../lib/gcc/avr/4.7.2/../../../../avr/lib/avr51\libc.a(fprintf.o)
 .debug_info    0x000029f5      0x1a5 d:/program files/atmel/avr tools/avr toolchain/bin/../lib/gcc/avr/4.7.2/../../../../avr/lib/avr51\libc.a(fputs.o)
 .debug_info    0x00002b9a      0x14e d:/program files/atmel/avr tools/avr toolchain/bin/../lib/gcc/avr/4.7.2/../../../../avr/lib/avr51\libc.a(iob.o)
 .debug_info    0x00002ce8      0x549 d:/program files/atmel/avr tools/avr toolchain/bin/../lib/gcc/avr/4.7.2/../../../../avr/lib/avr51\libc.a(vfprintf_std.o)
 .debug_info    0x00003231      0x174 d:/program files/atmel/avr tools/avr toolchain/bin/../lib/gcc/avr/4.7.2/../../../../avr/lib/avr51\libc.a(fputc.o)
 *(.gnu.linkonce.wi.*)

.debug_abbrev   0x00000000     0x196a
 *(.debug_abbrev)
 .debug_abbrev  0x00000000      0x26b KEYtestGCC644.o
 .debug_abbrev  0x0000026b      0x1e7 uart.o
 .debug_abbrev  0x00000452      0x115 dds.o
 .debug_abbrev  0x00000567       0x60 d:/program files/atmel/avr tools/avr toolchain/bin/../lib/gcc/avr/4.7.2/avr51\libgcc.a(_fixunssfsi.o)
 .debug_abbrev  0x000005c7      0x215 d:/program files/atmel/avr tools/avr toolchain/bin/../lib/gcc/avr/4.7.2/avr51\libgcc.a(_addsub_sf.o)
 .debug_abbrev  0x000007dc      0x228 d:/program files/atmel/avr tools/avr toolchain/bin/../lib/gcc/avr/4.7.2/avr51\libgcc.a(_mul_sf.o)
 .debug_abbrev  0x00000a04      0x1a5 d:/program files/atmel/avr tools/avr toolchain/bin/../lib/gcc/avr/4.7.2/avr51\libgcc.a(_ge_sf.o)
 .debug_abbrev  0x00000ba9      0x19c d:/program files/atmel/avr tools/avr toolchain/bin/../lib/gcc/avr/4.7.2/avr51\libgcc.a(_si_to_sf.o)
 .debug_abbrev  0x00000d45      0x194 d:/program files/atmel/avr tools/avr toolchain/bin/../lib/gcc/avr/4.7.2/avr51\libgcc.a(_sf_to_si.o)
 .debug_abbrev  0x00000ed9       0xb6 d:/program files/atmel/avr tools/avr toolchain/bin/../lib/gcc/avr/4.7.2/avr51\libgcc.a(_thenan_sf.o)
 .debug_abbrev  0x00000f8f      0x195 d:/program files/atmel/avr tools/avr toolchain/bin/../lib/gcc/avr/4.7.2/avr51\libgcc.a(_pack_sf.o)
 .debug_abbrev  0x00001124      0x15f d:/program files/atmel/avr tools/avr toolchain/bin/../lib/gcc/avr/4.7.2/avr51\libgcc.a(_unpack_sf.o)
 .debug_abbrev  0x00001283      0x11d d:/program files/atmel/avr tools/avr toolchain/bin/../lib/gcc/avr/4.7.2/avr51\libgcc.a(_fpcmp_parts_sf.o)
 .debug_abbrev  0x000013a0      0x139 d:/program files/atmel/avr tools/avr toolchain/bin/../lib/gcc/avr/4.7.2/../../../../avr/lib/avr51\libc.a(fprintf.o)
 .debug_abbrev  0x000014d9      0x109 d:/program files/atmel/avr tools/avr toolchain/bin/../lib/gcc/avr/4.7.2/../../../../avr/lib/avr51\libc.a(fputs.o)
 .debug_abbrev  0x000015e2       0xc1 d:/program files/atmel/avr tools/avr toolchain/bin/../lib/gcc/avr/4.7.2/../../../../avr/lib/avr51\libc.a(iob.o)
 .debug_abbrev  0x000016a3      0x1d6 d:/program files/atmel/avr tools/avr toolchain/bin/../lib/gcc/avr/4.7.2/../../../../avr/lib/avr51\libc.a(vfprintf_std.o)
 .debug_abbrev  0x00001879       0xf1 d:/program files/atmel/avr tools/avr toolchain/bin/../lib/gcc/avr/4.7.2/../../../../avr/lib/avr51\libc.a(fputc.o)

.debug_line     0x00000000     0x13a9
 *(.debug_line)
 .debug_line    0x00000000      0x1d8 KEYtestGCC644.o
 .debug_line    0x000001d8      0x122 uart.o
 .debug_line    0x000002fa       0xfc dds.o
 .debug_line    0x000003f6       0x99 d:/program files/atmel/avr tools/avr toolchain/bin/../lib/gcc/avr/4.7.2/avr51\libgcc.a(_fixunssfsi.o)
 .debug_line    0x0000048f       0xfc d:/program files/atmel/avr tools/avr toolchain/bin/../lib/gcc/avr/4.7.2/avr51\libgcc.a(_addsub_sf.o)
 .debug_line    0x0000058b       0xfd d:/program files/atmel/avr tools/avr toolchain/bin/../lib/gcc/avr/4.7.2/avr51\libgcc.a(_mul_sf.o)
 .debug_line    0x00000688      0x10b d:/program files/atmel/avr tools/avr toolchain/bin/../lib/gcc/avr/4.7.2/avr51\libgcc.a(_ge_sf.o)
 .debug_line    0x00000793       0xaf d:/program files/atmel/avr tools/avr toolchain/bin/../lib/gcc/avr/4.7.2/avr51\libgcc.a(_si_to_sf.o)
 .debug_line    0x00000842       0xab d:/program files/atmel/avr tools/avr toolchain/bin/../lib/gcc/avr/4.7.2/avr51\libgcc.a(_sf_to_si.o)
 .debug_line    0x000008ed       0x83 d:/program files/atmel/avr tools/avr toolchain/bin/../lib/gcc/avr/4.7.2/avr51\libgcc.a(_thenan_sf.o)
 .debug_line    0x00000970       0xd4 d:/program files/atmel/avr tools/avr toolchain/bin/../lib/gcc/avr/4.7.2/avr51\libgcc.a(_pack_sf.o)
 .debug_line    0x00000a44       0xb7 d:/program files/atmel/avr tools/avr toolchain/bin/../lib/gcc/avr/4.7.2/avr51\libgcc.a(_unpack_sf.o)
 .debug_line    0x00000afb       0xcf d:/program files/atmel/avr tools/avr toolchain/bin/../lib/gcc/avr/4.7.2/avr51\libgcc.a(_fpcmp_parts_sf.o)
 .debug_line    0x00000bca      0x190 d:/program files/atmel/avr tools/avr toolchain/bin/../lib/gcc/avr/4.7.2/../../../../avr/lib/avr51\libc.a(fprintf.o)
 .debug_line    0x00000d5a      0x106 d:/program files/atmel/avr tools/avr toolchain/bin/../lib/gcc/avr/4.7.2/../../../../avr/lib/avr51\libc.a(fputs.o)
 .debug_line    0x00000e60       0xeb d:/program files/atmel/avr tools/avr toolchain/bin/../lib/gcc/avr/4.7.2/../../../../avr/lib/avr51\libc.a(iob.o)
 .debug_line    0x00000f4b      0x35a d:/program files/atmel/avr tools/avr toolchain/bin/../lib/gcc/avr/4.7.2/../../../../avr/lib/avr51\libc.a(vfprintf_std.o)
 .debug_line    0x000012a5      0x104 d:/program files/atmel/avr tools/avr toolchain/bin/../lib/gcc/avr/4.7.2/../../../../avr/lib/avr51\libc.a(fputc.o)

.debug_frame    0x00000000      0x510
 *(.debug_frame)
 .debug_frame   0x00000000       0x84 KEYtestGCC644.o
 .debug_frame   0x00000084       0x6c uart.o
 .debug_frame   0x000000f0       0xc4 dds.o
 .debug_frame   0x000001b4       0x44 d:/program files/atmel/avr tools/avr toolchain/bin/../lib/gcc/avr/4.7.2/avr51\libgcc.a(_fixunssfsi.o)
 .debug_frame   0x000001f8       0x78 d:/program files/atmel/avr tools/avr toolchain/bin/../lib/gcc/avr/4.7.2/avr51\libgcc.a(_addsub_sf.o)
 .debug_frame   0x00000270       0x48 d:/program files/atmel/avr tools/avr toolchain/bin/../lib/gcc/avr/4.7.2/avr51\libgcc.a(_mul_sf.o)
 .debug_frame   0x000002b8       0x2c d:/program files/atmel/avr tools/avr toolchain/bin/../lib/gcc/avr/4.7.2/avr51\libgcc.a(_ge_sf.o)
 .debug_frame   0x000002e4       0x30 d:/program files/atmel/avr tools/avr toolchain/bin/../lib/gcc/avr/4.7.2/avr51\libgcc.a(_si_to_sf.o)
 .debug_frame   0x00000314       0x30 d:/program files/atmel/avr tools/avr toolchain/bin/../lib/gcc/avr/4.7.2/avr51\libgcc.a(_sf_to_si.o)
 .debug_frame   0x00000344       0x38 d:/program files/atmel/avr tools/avr toolchain/bin/../lib/gcc/avr/4.7.2/avr51\libgcc.a(_pack_sf.o)
 .debug_frame   0x0000037c       0x34 d:/program files/atmel/avr tools/avr toolchain/bin/../lib/gcc/avr/4.7.2/avr51\libgcc.a(_unpack_sf.o)
 .debug_frame   0x000003b0       0x2c d:/program files/atmel/avr tools/avr toolchain/bin/../lib/gcc/avr/4.7.2/avr51\libgcc.a(_fpcmp_parts_sf.o)
 .debug_frame   0x000003dc       0x34 d:/program files/atmel/avr tools/avr toolchain/bin/../lib/gcc/avr/4.7.2/../../../../avr/lib/avr51\libc.a(fprintf.o)
 .debug_frame   0x00000410       0x44 d:/program files/atmel/avr tools/avr toolchain/bin/../lib/gcc/avr/4.7.2/../../../../avr/lib/avr51\libc.a(fputs.o)
 .debug_frame   0x00000454       0x84 d:/program files/atmel/avr tools/avr toolchain/bin/../lib/gcc/avr/4.7.2/../../../../avr/lib/avr51\libc.a(vfprintf_std.o)
 .debug_frame   0x000004d8       0x38 d:/program files/atmel/avr tools/avr toolchain/bin/../lib/gcc/avr/4.7.2/../../../../avr/lib/avr51\libc.a(fputc.o)

.debug_str      0x00000000      0x85d
 *(.debug_str)
 .debug_str     0x00000000      0x1c8 KEYtestGCC644.o
                                0x20f (size before relaxing)
 .debug_str     0x000001c8       0x34 uart.o
                                0x136 (size before relaxing)
 .debug_str     0x000001fc       0xca dds.o
                                0x1d1 (size before relaxing)
 .debug_str     0x000002c6       0xef d:/program files/atmel/avr tools/avr toolchain/bin/../lib/gcc/avr/4.7.2/avr51\libgcc.a(_fixunssfsi.o)
                                0x174 (size before relaxing)
 .debug_str     0x000003b5      0x1ab d:/program files/atmel/avr tools/avr toolchain/bin/../lib/gcc/avr/4.7.2/avr51\libgcc.a(_addsub_sf.o)
                                0x2af (size before relaxing)
 .debug_str     0x00000560       0x27 d:/program files/atmel/avr tools/avr toolchain/bin/../lib/gcc/avr/4.7.2/avr51\libgcc.a(_mul_sf.o)
                                0x268 (size before relaxing)
 .debug_str     0x00000587       0x1f d:/program files/atmel/avr tools/avr toolchain/bin/../lib/gcc/avr/4.7.2/avr51\libgcc.a(_ge_sf.o)
                                0x23d (size before relaxing)
 .debug_str     0x000005a6       0x27 d:/program files/atmel/avr tools/avr toolchain/bin/../lib/gcc/avr/4.7.2/avr51\libgcc.a(_si_to_sf.o)
                                0x21a (size before relaxing)
 .debug_str     0x000005cd        0xa d:/program files/atmel/avr tools/avr toolchain/bin/../lib/gcc/avr/4.7.2/avr51\libgcc.a(_sf_to_si.o)
                                0x236 (size before relaxing)
 .debug_str     0x00000000      0x1cd d:/program files/atmel/avr tools/avr toolchain/bin/../lib/gcc/avr/4.7.2/avr51\libgcc.a(_thenan_sf.o)
 .debug_str     0x000005d7        0x7 d:/program files/atmel/avr tools/avr toolchain/bin/../lib/gcc/avr/4.7.2/avr51\libgcc.a(_pack_sf.o)
                                0x22a (size before relaxing)
 .debug_str     0x00000000      0x20c d:/program files/atmel/avr tools/avr toolchain/bin/../lib/gcc/avr/4.7.2/avr51\libgcc.a(_unpack_sf.o)
 .debug_str     0x00000000      0x1f0 d:/program files/atmel/avr tools/avr toolchain/bin/../lib/gcc/avr/4.7.2/avr51\libgcc.a(_fpcmp_parts_sf.o)
 .debug_str     0x000005de       0x8e d:/program files/atmel/avr tools/avr toolchain/bin/../lib/gcc/avr/4.7.2/../../../../avr/lib/avr51\libc.a(fprintf.o)
                                0x143 (size before relaxing)
 .debug_str     0x0000066c       0x62 d:/program files/atmel/avr tools/avr toolchain/bin/../lib/gcc/avr/4.7.2/../../../../avr/lib/avr51\libc.a(fputs.o)
                                0x10d (size before relaxing)
 .debug_str     0x000006ce       0x60 d:/program files/atmel/avr tools/avr toolchain/bin/../lib/gcc/avr/4.7.2/../../../../avr/lib/avr51\libc.a(iob.o)
                                0x10d (size before relaxing)
 .debug_str     0x0000072e       0xcd d:/program files/atmel/avr tools/avr toolchain/bin/../lib/gcc/avr/4.7.2/../../../../avr/lib/avr51\libc.a(vfprintf_std.o)
                                0x1ad (size before relaxing)
 .debug_str     0x000007fb       0x62 d:/program files/atmel/avr tools/avr toolchain/bin/../lib/gcc/avr/4.7.2/../../../../avr/lib/avr51\libc.a(fputc.o)
                                0x10d (size before relaxing)

.debug_loc      0x00000000     0x19d2
 *(.debug_loc)
 .debug_loc     0x00000000      0x13a KEYtestGCC644.o
 .debug_loc     0x0000013a      0x24e uart.o
 .debug_loc     0x00000388      0x228 dds.o
 .debug_loc     0x000005b0       0xa7 d:/program files/atmel/avr tools/avr toolchain/bin/../lib/gcc/avr/4.7.2/avr51\libgcc.a(_fixunssfsi.o)
 .debug_loc     0x00000657      0x42d d:/program files/atmel/avr tools/avr toolchain/bin/../lib/gcc/avr/4.7.2/avr51\libgcc.a(_addsub_sf.o)
 .debug_loc     0x00000a84      0x21c d:/program files/atmel/avr tools/avr toolchain/bin/../lib/gcc/avr/4.7.2/avr51\libgcc.a(_mul_sf.o)
 .debug_loc     0x00000ca0       0xa1 d:/program files/atmel/avr tools/avr toolchain/bin/../lib/gcc/avr/4.7.2/avr51\libgcc.a(_ge_sf.o)
 .debug_loc     0x00000d41      0x107 d:/program files/atmel/avr tools/avr toolchain/bin/../lib/gcc/avr/4.7.2/avr51\libgcc.a(_si_to_sf.o)
 .debug_loc     0x00000e48       0x9f d:/program files/atmel/avr tools/avr toolchain/bin/../lib/gcc/avr/4.7.2/avr51\libgcc.a(_sf_to_si.o)
 .debug_loc     0x00000ee7      0x148 d:/program files/atmel/avr tools/avr toolchain/bin/../lib/gcc/avr/4.7.2/avr51\libgcc.a(_pack_sf.o)
 .debug_loc     0x0000102f       0xf9 d:/program files/atmel/avr tools/avr toolchain/bin/../lib/gcc/avr/4.7.2/avr51\libgcc.a(_unpack_sf.o)
 .debug_loc     0x00001128       0x4a d:/program files/atmel/avr tools/avr toolchain/bin/../lib/gcc/avr/4.7.2/avr51\libgcc.a(_fpcmp_parts_sf.o)
 .debug_loc     0x00001172       0x3b d:/program files/atmel/avr tools/avr toolchain/bin/../lib/gcc/avr/4.7.2/../../../../avr/lib/avr51\libc.a(fprintf.o)
 .debug_loc     0x000011ad      0x10f d:/program files/atmel/avr tools/avr toolchain/bin/../lib/gcc/avr/4.7.2/../../../../avr/lib/avr51\libc.a(fputs.o)
 .debug_loc     0x000012bc      0x623 d:/program files/atmel/avr tools/avr toolchain/bin/../lib/gcc/avr/4.7.2/../../../../avr/lib/avr51\libc.a(vfprintf_std.o)
 .debug_loc     0x000018df       0xf3 d:/program files/atmel/avr tools/avr toolchain/bin/../lib/gcc/avr/4.7.2/../../../../avr/lib/avr51\libc.a(fputc.o)

.debug_macinfo
 *(.debug_macinfo)

.debug_pubtypes
 *(.debug_pubtypes)

.debug_ranges   0x00000000       0x88
 *(.debug_ranges)
 .debug_ranges  0x00000000       0x18 KEYtestGCC644.o
 .debug_ranges  0x00000018       0x18 d:/program files/atmel/avr tools/avr toolchain/bin/../lib/gcc/avr/4.7.2/avr51\libgcc.a(_mul_sf.o)
 .debug_ranges  0x00000030       0x18 d:/program files/atmel/avr tools/avr toolchain/bin/../lib/gcc/avr/4.7.2/avr51\libgcc.a(_si_to_sf.o)
 .debug_ranges  0x00000048       0x10 d:/program files/atmel/avr tools/avr toolchain/bin/../lib/gcc/avr/4.7.2/../../../../avr/lib/avr51\libc.a(fprintf.o)
 .debug_ranges  0x00000058       0x10 d:/program files/atmel/avr tools/avr toolchain/bin/../lib/gcc/avr/4.7.2/../../../../avr/lib/avr51\libc.a(fputs.o)
 .debug_ranges  0x00000068       0x10 d:/program files/atmel/avr tools/avr toolchain/bin/../lib/gcc/avr/4.7.2/../../../../avr/lib/avr51\libc.a(vfprintf_std.o)
 .debug_ranges  0x00000078       0x10 d:/program files/atmel/avr tools/avr toolchain/bin/../lib/gcc/avr/4.7.2/../../../../avr/lib/avr51\libc.a(fputc.o)

.debug_macro
 *(.debug_macro)
OUTPUT(Lab2_DTMF.elf elf32-avr)
LOAD linker stubs
