Archive member included because of file (symbol)

d:/program files/atmel/avr tools/avr toolchain/bin/../lib/gcc/avr/4.7.2/avr51\libgcc.a(_exit.o)
                              d:/program files/atmel/avr tools/avr toolchain/bin/../lib/gcc/avr/4.7.2/../../../../avr/lib/avr51/crtm1284p.o (exit)
d:/program files/atmel/avr tools/avr toolchain/bin/../lib/gcc/avr/4.7.2/avr51\libgcc.a(_copy_data.o)
                              mainTRT_1284.o (__do_copy_data)
d:/program files/atmel/avr tools/avr toolchain/bin/../lib/gcc/avr/4.7.2/avr51\libgcc.a(_clear_bss.o)
                              mainTRT_1284.o (__do_clear_bss)
d:/program files/atmel/avr tools/avr toolchain/bin/../lib/gcc/avr/4.7.2/../../../../avr/lib/avr51\libc.a(strlcpy.o)
                              mainTRT_1284.o (strlcpy)
d:/program files/atmel/avr tools/avr toolchain/bin/../lib/gcc/avr/4.7.2/../../../../avr/lib/avr51\libc.a(fprintf.o)
                              mainTRT_1284.o (fprintf)
d:/program files/atmel/avr tools/avr toolchain/bin/../lib/gcc/avr/4.7.2/../../../../avr/lib/avr51\libc.a(fputs.o)
                              mainTRT_1284.o (fputs)
d:/program files/atmel/avr tools/avr toolchain/bin/../lib/gcc/avr/4.7.2/../../../../avr/lib/avr51\libc.a(iob.o)
                              mainTRT_1284.o (__iob)
d:/program files/atmel/avr tools/avr toolchain/bin/../lib/gcc/avr/4.7.2/../../../../avr/lib/avr51\libc.a(sprintf.o)
                              mainTRT_1284.o (sprintf)
d:/program files/atmel/avr tools/avr toolchain/bin/../lib/gcc/avr/4.7.2/../../../../avr/lib/avr51\libc.a(vfprintf_std.o)
                              d:/program files/atmel/avr tools/avr toolchain/bin/../lib/gcc/avr/4.7.2/../../../../avr/lib/avr51\libc.a(fprintf.o) (vfprintf)
d:/program files/atmel/avr tools/avr toolchain/bin/../lib/gcc/avr/4.7.2/../../../../avr/lib/avr51\libc.a(strnlen_P.o)
                              d:/program files/atmel/avr tools/avr toolchain/bin/../lib/gcc/avr/4.7.2/../../../../avr/lib/avr51\libc.a(vfprintf_std.o) (strnlen_P)
d:/program files/atmel/avr tools/avr toolchain/bin/../lib/gcc/avr/4.7.2/../../../../avr/lib/avr51\libc.a(strnlen.o)
                              d:/program files/atmel/avr tools/avr toolchain/bin/../lib/gcc/avr/4.7.2/../../../../avr/lib/avr51\libc.a(vfprintf_std.o) (strnlen)
d:/program files/atmel/avr tools/avr toolchain/bin/../lib/gcc/avr/4.7.2/../../../../avr/lib/avr51\libc.a(fputc.o)
                              d:/program files/atmel/avr tools/avr toolchain/bin/../lib/gcc/avr/4.7.2/../../../../avr/lib/avr51\libc.a(vfprintf_std.o) (fputc)
d:/program files/atmel/avr tools/avr toolchain/bin/../lib/gcc/avr/4.7.2/../../../../avr/lib/avr51\libc.a(ultoa_invert.o)
                              d:/program files/atmel/avr tools/avr toolchain/bin/../lib/gcc/avr/4.7.2/../../../../avr/lib/avr51\libc.a(vfprintf_std.o) (__ultoa_invert)

Allocating common symbols
Common symbol       size              file

args                0x4               mainTRT_1284.o
ir_tx_buffer        0x40              mainTRT_1284.o
challenge_time_string
                    0x2               mainTRT_1284.o
ir_tx_ready         0x1               mainTRT_1284.o
ir_rx_ready         0x1               mainTRT_1284.o
state               0x1               mainTRT_1284.o
lock_command        0x1               mainTRT_1284.o
error_count         0x2               mainTRT_1284.o
mode                0x1               mainTRT_1284.o
function            0x1               mainTRT_1284.o
rx_rec_time         0x4               mainTRT_1284.o
time                0x4               mainTRT_1284.o
tx_send_time        0x4               mainTRT_1284.o
kernel              0x40              mainTRT_1284.o
task_count          0x2               mainTRT_1284.o
authorization       0x1               mainTRT_1284.o
ir_rx_count         0x1               mainTRT_1284.o
ir_tx_count         0x1               mainTRT_1284.o
trt_rx_c            0x1               mainTRT_1284.o
__iob               0x6               d:/program files/atmel/avr tools/avr toolchain/bin/../lib/gcc/avr/4.7.2/../../../../avr/lib/avr51\libc.a(iob.o)
ir_rx_buffer        0x40              mainTRT_1284.o
lock_state          0x1               mainTRT_1284.o
key_state           0x1               mainTRT_1284.o

Memory Configuration

Name             Origin             Length             Attributes
text             0x00000000         0x00020000         xr
data             0x00800100         0x0000ff00         rw !x
eeprom           0x00810000         0x00010000         rw !x
fuse             0x00820000         0x00000400         rw !x
lock             0x00830000         0x00000400         rw !x
signature        0x00840000         0x00000400         rw !x
user_signatures  0x00850000         0x00000400         rw !x
*default*        0x00000000         0xffffffff

Linker script and memory map

Address of section .data set to 0x800100
LOAD d:/program files/atmel/avr tools/avr toolchain/bin/../lib/gcc/avr/4.7.2/../../../../avr/lib/avr51/crtm1284p.o
LOAD mainTRT_1284.o
LOAD d:/program files/atmel/avr tools/avr toolchain/bin/../lib/gcc/avr/4.7.2/avr51\libgcc.a
LOAD d:/program files/atmel/avr tools/avr toolchain/bin/../lib/gcc/avr/4.7.2/../../../../avr/lib/avr51\libc.a
LOAD d:/program files/atmel/avr tools/avr toolchain/bin/../lib/gcc/avr/4.7.2/avr51\libgcc.a

.hash
 *(.hash)

.dynsym
 *(.dynsym)

.dynstr
 *(.dynstr)

.gnu.version
 *(.gnu.version)

.gnu.version_d
 *(.gnu.version_d)

.gnu.version_r
 *(.gnu.version_r)

.rel.init
 *(.rel.init)

.rela.init
 *(.rela.init)

.rel.text
 *(.rel.text)
 *(.rel.text.*)
 *(.rel.gnu.linkonce.t*)

.rela.text
 *(.rela.text)
 *(.rela.text.*)
 *(.rela.gnu.linkonce.t*)

.rel.fini
 *(.rel.fini)

.rela.fini
 *(.rela.fini)

.rel.rodata
 *(.rel.rodata)
 *(.rel.rodata.*)
 *(.rel.gnu.linkonce.r*)

.rela.rodata
 *(.rela.rodata)
 *(.rela.rodata.*)
 *(.rela.gnu.linkonce.r*)

.rel.data
 *(.rel.data)
 *(.rel.data.*)
 *(.rel.gnu.linkonce.d*)

.rela.data
 *(.rela.data)
 *(.rela.data.*)
 *(.rela.gnu.linkonce.d*)

.rel.ctors
 *(.rel.ctors)

.rela.ctors
 *(.rela.ctors)

.rel.dtors
 *(.rel.dtors)

.rela.dtors
 *(.rela.dtors)

.rel.got
 *(.rel.got)

.rela.got
 *(.rela.got)

.rel.bss
 *(.rel.bss)

.rela.bss
 *(.rela.bss)

.rel.plt
 *(.rel.plt)

.rela.plt
 *(.rela.plt)

.text           0x00000000     0x13ac
 *(.vectors)
 .vectors       0x00000000       0x8c d:/program files/atmel/avr tools/avr toolchain/bin/../lib/gcc/avr/4.7.2/../../../../avr/lib/avr51/crtm1284p.o
                0x00000000                __vector_default
                0x00000000                __vectors
 *(.vectors)
 *(.progmem.gcc*)
 *(.progmem*)
                0x0000008c                . = ALIGN (0x2)
                0x0000008c                __trampolines_start = .
 *(.trampolines)
 .trampolines   0x0000008c        0x0 linker stubs
 *(.trampolines*)
                0x0000008c                __trampolines_end = .
 *(.jumptables)
 *(.jumptables*)
 *(.lowtext)
 *(.lowtext*)
                0x0000008c                __ctors_start = .
 *(.ctors)
                0x0000008c                __ctors_end = .
                0x0000008c                __dtors_start = .
 *(.dtors)
                0x0000008c                __dtors_end = .
 SORT(*)(.ctors)
 SORT(*)(.dtors)
 *(.init0)
 .init0         0x0000008c        0x0 d:/program files/atmel/avr tools/avr toolchain/bin/../lib/gcc/avr/4.7.2/../../../../avr/lib/avr51/crtm1284p.o
                0x0000008c                __init
 *(.init0)
 *(.init1)
 *(.init1)
 *(.init2)
 .init2         0x0000008c        0xc d:/program files/atmel/avr tools/avr toolchain/bin/../lib/gcc/avr/4.7.2/../../../../avr/lib/avr51/crtm1284p.o
 *(.init2)
 *(.init3)
 *(.init3)
 *(.init4)
 .init4         0x00000098       0x1a d:/program files/atmel/avr tools/avr toolchain/bin/../lib/gcc/avr/4.7.2/avr51\libgcc.a(_copy_data.o)
                0x00000098                __do_copy_data
 .init4         0x000000b2       0x10 d:/program files/atmel/avr tools/avr toolchain/bin/../lib/gcc/avr/4.7.2/avr51\libgcc.a(_clear_bss.o)
                0x000000b2                __do_clear_bss
 *(.init4)
 *(.init5)
 *(.init5)
 *(.init6)
 *(.init6)
 *(.init7)
 *(.init7)
 *(.init8)
 *(.init8)
 *(.init9)
 .init9         0x000000c2        0x8 d:/program files/atmel/avr tools/avr toolchain/bin/../lib/gcc/avr/4.7.2/../../../../avr/lib/avr51/crtm1284p.o
 *(.init9)
 *(.text)
 .text          0x000000ca        0x4 d:/program files/atmel/avr tools/avr toolchain/bin/../lib/gcc/avr/4.7.2/../../../../avr/lib/avr51/crtm1284p.o
                0x000000ca                __vector_22
                0x000000ca                __vector_1
                0x000000ca                __vector_32
                0x000000ca                __vector_34
                0x000000ca                __vector_24
                0x000000ca                __vector_12
                0x000000ca                __bad_interrupt
                0x000000ca                __vector_6
                0x000000ca                __vector_31
                0x000000ca                __vector_3
                0x000000ca                __vector_23
                0x000000ca                __vector_30
                0x000000ca                __vector_25
                0x000000ca                __vector_11
                0x000000ca                __vector_17
                0x000000ca                __vector_19
                0x000000ca                __vector_7
                0x000000ca                __vector_27
                0x000000ca                __vector_5
                0x000000ca                __vector_33
                0x000000ca                __vector_4
                0x000000ca                __vector_9
                0x000000ca                __vector_2
                0x000000ca                __vector_21
                0x000000ca                __vector_15
                0x000000ca                __vector_8
                0x000000ca                __vector_26
                0x000000ca                __vector_14
                0x000000ca                __vector_10
                0x000000ca                __vector_18
                0x000000ca                __vector_20
 .text          0x000000ce      0xbca mainTRT_1284.o
                0x000000ce                uart_putchar
                0x00000126                trt_uart_init
                0x0000014c                __vector_29
                0x000001dc                __vector_13
                0x0000045a                trtInitKernel
                0x000004d6                trtCreateTask
                0x00000576                trtCreateSemaphore
                0x00000586                trtWait
                0x000005b8                trtSignal
                0x0000064e                uart_getchar
                0x000007e6                __vector_28
                0x00000842                trtCurrentTime
                0x00000876                trtSleepUntil
                0x000008a0                IR_lock
                0x000008d6                IR_key
                0x00000900                trtGetRelease
                0x00000928                trtGetDeadline
                0x00000950                trtTerminate
                0x00000968                trtAccept
                0x00000982                __vector_16
                0x00000a54                ir_send_packet
                0x00000b20                ir_rec_packet
                0x00000bcc                initialize_IR
                0x00000c24                read_switches
 .text          0x00000c98        0x0 d:/program files/atmel/avr tools/avr toolchain/bin/../lib/gcc/avr/4.7.2/avr51\libgcc.a(_exit.o)
 .text          0x00000c98        0x0 d:/program files/atmel/avr tools/avr toolchain/bin/../lib/gcc/avr/4.7.2/avr51\libgcc.a(_copy_data.o)
 .text          0x00000c98        0x0 d:/program files/atmel/avr tools/avr toolchain/bin/../lib/gcc/avr/4.7.2/avr51\libgcc.a(_clear_bss.o)
 .text          0x00000c98        0x0 d:/program files/atmel/avr tools/avr toolchain/bin/../lib/gcc/avr/4.7.2/../../../../avr/lib/avr51\libc.a(strlcpy.o)
 .text          0x00000c98        0x0 d:/program files/atmel/avr tools/avr toolchain/bin/../lib/gcc/avr/4.7.2/../../../../avr/lib/avr51\libc.a(fprintf.o)
 .text          0x00000c98        0x0 d:/program files/atmel/avr tools/avr toolchain/bin/../lib/gcc/avr/4.7.2/../../../../avr/lib/avr51\libc.a(fputs.o)
 .text          0x00000c98        0x0 d:/program files/atmel/avr tools/avr toolchain/bin/../lib/gcc/avr/4.7.2/../../../../avr/lib/avr51\libc.a(iob.o)
 .text          0x00000c98        0x0 d:/program files/atmel/avr tools/avr toolchain/bin/../lib/gcc/avr/4.7.2/../../../../avr/lib/avr51\libc.a(sprintf.o)
 .text          0x00000c98        0x0 d:/program files/atmel/avr tools/avr toolchain/bin/../lib/gcc/avr/4.7.2/../../../../avr/lib/avr51\libc.a(vfprintf_std.o)
 .text          0x00000c98        0x0 d:/program files/atmel/avr tools/avr toolchain/bin/../lib/gcc/avr/4.7.2/../../../../avr/lib/avr51\libc.a(strnlen_P.o)
 .text          0x00000c98        0x0 d:/program files/atmel/avr tools/avr toolchain/bin/../lib/gcc/avr/4.7.2/../../../../avr/lib/avr51\libc.a(strnlen.o)
 .text          0x00000c98        0x0 d:/program files/atmel/avr tools/avr toolchain/bin/../lib/gcc/avr/4.7.2/../../../../avr/lib/avr51\libc.a(fputc.o)
 .text          0x00000c98        0x0 d:/program files/atmel/avr tools/avr toolchain/bin/../lib/gcc/avr/4.7.2/../../../../avr/lib/avr51\libc.a(ultoa_invert.o)
                0x00000c98                . = ALIGN (0x2)
 *(.text.*)
 .text.startup  0x00000c98       0xca mainTRT_1284.o
                0x00000c98                main
 .text.libgcc.mul
                0x00000d62        0x0 d:/program files/atmel/avr tools/avr toolchain/bin/../lib/gcc/avr/4.7.2/avr51\libgcc.a(_exit.o)
 .text.libgcc.div
                0x00000d62        0x0 d:/program files/atmel/avr tools/avr toolchain/bin/../lib/gcc/avr/4.7.2/avr51\libgcc.a(_exit.o)
 .text.libgcc   0x00000d62        0x0 d:/program files/atmel/avr tools/avr toolchain/bin/../lib/gcc/avr/4.7.2/avr51\libgcc.a(_exit.o)
 .text.libgcc.prologue
                0x00000d62        0x0 d:/program files/atmel/avr tools/avr toolchain/bin/../lib/gcc/avr/4.7.2/avr51\libgcc.a(_exit.o)
 .text.libgcc.builtins
                0x00000d62        0x0 d:/program files/atmel/avr tools/avr toolchain/bin/../lib/gcc/avr/4.7.2/avr51\libgcc.a(_exit.o)
 .text.libgcc.fmul
                0x00000d62        0x0 d:/program files/atmel/avr tools/avr toolchain/bin/../lib/gcc/avr/4.7.2/avr51\libgcc.a(_exit.o)
 .text.libgcc.mul
                0x00000d62        0x0 d:/program files/atmel/avr tools/avr toolchain/bin/../lib/gcc/avr/4.7.2/avr51\libgcc.a(_copy_data.o)
 .text.libgcc.div
                0x00000d62        0x0 d:/program files/atmel/avr tools/avr toolchain/bin/../lib/gcc/avr/4.7.2/avr51\libgcc.a(_copy_data.o)
 .text.libgcc   0x00000d62        0x0 d:/program files/atmel/avr tools/avr toolchain/bin/../lib/gcc/avr/4.7.2/avr51\libgcc.a(_copy_data.o)
 .text.libgcc.prologue
                0x00000d62        0x0 d:/program files/atmel/avr tools/avr toolchain/bin/../lib/gcc/avr/4.7.2/avr51\libgcc.a(_copy_data.o)
 .text.libgcc.builtins
                0x00000d62        0x0 d:/program files/atmel/avr tools/avr toolchain/bin/../lib/gcc/avr/4.7.2/avr51\libgcc.a(_copy_data.o)
 .text.libgcc.fmul
                0x00000d62        0x0 d:/program files/atmel/avr tools/avr toolchain/bin/../lib/gcc/avr/4.7.2/avr51\libgcc.a(_copy_data.o)
 .text.libgcc.mul
                0x00000d62        0x0 d:/program files/atmel/avr tools/avr toolchain/bin/../lib/gcc/avr/4.7.2/avr51\libgcc.a(_clear_bss.o)
 .text.libgcc.div
                0x00000d62        0x0 d:/program files/atmel/avr tools/avr toolchain/bin/../lib/gcc/avr/4.7.2/avr51\libgcc.a(_clear_bss.o)
 .text.libgcc   0x00000d62        0x0 d:/program files/atmel/avr tools/avr toolchain/bin/../lib/gcc/avr/4.7.2/avr51\libgcc.a(_clear_bss.o)
 .text.libgcc.prologue
                0x00000d62        0x0 d:/program files/atmel/avr tools/avr toolchain/bin/../lib/gcc/avr/4.7.2/avr51\libgcc.a(_clear_bss.o)
 .text.libgcc.builtins
                0x00000d62        0x0 d:/program files/atmel/avr tools/avr toolchain/bin/../lib/gcc/avr/4.7.2/avr51\libgcc.a(_clear_bss.o)
 .text.libgcc.fmul
                0x00000d62        0x0 d:/program files/atmel/avr tools/avr toolchain/bin/../lib/gcc/avr/4.7.2/avr51\libgcc.a(_clear_bss.o)
 .text.avr-libc
                0x00000d62       0x28 d:/program files/atmel/avr tools/avr toolchain/bin/../lib/gcc/avr/4.7.2/../../../../avr/lib/avr51\libc.a(strlcpy.o)
                0x00000d62                strlcpy
 .text.avr-libc
                0x00000d8a       0x20 d:/program files/atmel/avr tools/avr toolchain/bin/../lib/gcc/avr/4.7.2/../../../../avr/lib/avr51\libc.a(fprintf.o)
                0x00000d8a                fprintf
 .text.avr-libc
                0x00000daa       0x56 d:/program files/atmel/avr tools/avr toolchain/bin/../lib/gcc/avr/4.7.2/../../../../avr/lib/avr51\libc.a(fputs.o)
                0x00000daa                fputs
 .text.avr-libc
                0x00000e00       0x5e d:/program files/atmel/avr tools/avr toolchain/bin/../lib/gcc/avr/4.7.2/../../../../avr/lib/avr51\libc.a(sprintf.o)
                0x00000e00                sprintf
 .text.avr-libc
                0x00000e5e      0x40a d:/program files/atmel/avr tools/avr toolchain/bin/../lib/gcc/avr/4.7.2/../../../../avr/lib/avr51\libc.a(vfprintf_std.o)
                0x00000e5e                vfprintf
 .text.avr-libc
                0x00001268       0x16 d:/program files/atmel/avr tools/avr toolchain/bin/../lib/gcc/avr/4.7.2/../../../../avr/lib/avr51\libc.a(strnlen_P.o)
                0x00001268                strnlen_P
 .text.avr-libc
                0x0000127e       0x16 d:/program files/atmel/avr tools/avr toolchain/bin/../lib/gcc/avr/4.7.2/../../../../avr/lib/avr51\libc.a(strnlen.o)
                0x0000127e                strnlen
 .text.avr-libc
                0x00001294       0x58 d:/program files/atmel/avr tools/avr toolchain/bin/../lib/gcc/avr/4.7.2/../../../../avr/lib/avr51\libc.a(fputc.o)
                0x00001294                fputc
 .text.avr-libc
                0x000012ec       0xbc d:/program files/atmel/avr tools/avr toolchain/bin/../lib/gcc/avr/4.7.2/../../../../avr/lib/avr51\libc.a(ultoa_invert.o)
                0x000012ec                __ultoa_invert
                0x000013a8                . = ALIGN (0x2)
 *(.fini9)
 .fini9         0x000013a8        0x0 d:/program files/atmel/avr tools/avr toolchain/bin/../lib/gcc/avr/4.7.2/avr51\libgcc.a(_exit.o)
                0x000013a8                _exit
                0x000013a8                exit
 *(.fini9)
 *(.fini8)
 *(.fini8)
 *(.fini7)
 *(.fini7)
 *(.fini6)
 *(.fini6)
 *(.fini5)
 *(.fini5)
 *(.fini4)
 *(.fini4)
 *(.fini3)
 *(.fini3)
 *(.fini2)
 *(.fini2)
 *(.fini1)
 *(.fini1)
 *(.fini0)
 .fini0         0x000013a8        0x4 d:/program files/atmel/avr tools/avr toolchain/bin/../lib/gcc/avr/4.7.2/avr51\libgcc.a(_exit.o)
 *(.fini0)
                0x000013ac                _etext = .

.data           0x00800100       0x80 load address 0x000013ac
                0x00800100                PROVIDE (__data_start, .)
 *(.data)
 .data          0x00800100        0x0 d:/program files/atmel/avr tools/avr toolchain/bin/../lib/gcc/avr/4.7.2/../../../../avr/lib/avr51/crtm1284p.o
 .data          0x00800100        0xe mainTRT_1284.o
                0x00800100                uart_str
 .data          0x0080010e        0x0 d:/program files/atmel/avr tools/avr toolchain/bin/../lib/gcc/avr/4.7.2/avr51\libgcc.a(_exit.o)
 .data          0x0080010e        0x0 d:/program files/atmel/avr tools/avr toolchain/bin/../lib/gcc/avr/4.7.2/avr51\libgcc.a(_copy_data.o)
 .data          0x0080010e        0x0 d:/program files/atmel/avr tools/avr toolchain/bin/../lib/gcc/avr/4.7.2/avr51\libgcc.a(_clear_bss.o)
 .data          0x0080010e        0x0 d:/program files/atmel/avr tools/avr toolchain/bin/../lib/gcc/avr/4.7.2/../../../../avr/lib/avr51\libc.a(strlcpy.o)
 .data          0x0080010e        0x0 d:/program files/atmel/avr tools/avr toolchain/bin/../lib/gcc/avr/4.7.2/../../../../avr/lib/avr51\libc.a(fprintf.o)
 .data          0x0080010e        0x0 d:/program files/atmel/avr tools/avr toolchain/bin/../lib/gcc/avr/4.7.2/../../../../avr/lib/avr51\libc.a(fputs.o)
 .data          0x0080010e        0x0 d:/program files/atmel/avr tools/avr toolchain/bin/../lib/gcc/avr/4.7.2/../../../../avr/lib/avr51\libc.a(iob.o)
 .data          0x0080010e        0x0 d:/program files/atmel/avr tools/avr toolchain/bin/../lib/gcc/avr/4.7.2/../../../../avr/lib/avr51\libc.a(sprintf.o)
 .data          0x0080010e        0x0 d:/program files/atmel/avr tools/avr toolchain/bin/../lib/gcc/avr/4.7.2/../../../../avr/lib/avr51\libc.a(vfprintf_std.o)
 .data          0x0080010e        0x0 d:/program files/atmel/avr tools/avr toolchain/bin/../lib/gcc/avr/4.7.2/../../../../avr/lib/avr51\libc.a(strnlen_P.o)
 .data          0x0080010e        0x0 d:/program files/atmel/avr tools/avr toolchain/bin/../lib/gcc/avr/4.7.2/../../../../avr/lib/avr51\libc.a(strnlen.o)
 .data          0x0080010e        0x0 d:/program files/atmel/avr tools/avr toolchain/bin/../lib/gcc/avr/4.7.2/../../../../avr/lib/avr51\libc.a(fputc.o)
 .data          0x0080010e        0x0 d:/program files/atmel/avr tools/avr toolchain/bin/../lib/gcc/avr/4.7.2/../../../../avr/lib/avr51\libc.a(ultoa_invert.o)
 *(.data*)
 *(.rodata)
 *(.rodata*)
 .rodata.str1.1
                0x0080010e       0x71 mainTRT_1284.o
 *(.gnu.linkonce.d*)
                0x00800180                . = ALIGN (0x2)
 *fill*         0x0080017f        0x1 
                0x00800180                _edata = .
                0x00800180                PROVIDE (__data_end, .)

.bss            0x00800180      0x206
                0x00800180                PROVIDE (__bss_start, .)
 *(.bss)
 .bss           0x00800180        0x0 d:/program files/atmel/avr tools/avr toolchain/bin/../lib/gcc/avr/4.7.2/../../../../avr/lib/avr51/crtm1284p.o
 .bss           0x00800180      0x11e mainTRT_1284.o
 .bss           0x0080029e        0x0 d:/program files/atmel/avr tools/avr toolchain/bin/../lib/gcc/avr/4.7.2/avr51\libgcc.a(_exit.o)
 .bss           0x0080029e        0x0 d:/program files/atmel/avr tools/avr toolchain/bin/../lib/gcc/avr/4.7.2/avr51\libgcc.a(_copy_data.o)
 .bss           0x0080029e        0x0 d:/program files/atmel/avr tools/avr toolchain/bin/../lib/gcc/avr/4.7.2/avr51\libgcc.a(_clear_bss.o)
 .bss           0x0080029e        0x0 d:/program files/atmel/avr tools/avr toolchain/bin/../lib/gcc/avr/4.7.2/../../../../avr/lib/avr51\libc.a(strlcpy.o)
 .bss           0x0080029e        0x0 d:/program files/atmel/avr tools/avr toolchain/bin/../lib/gcc/avr/4.7.2/../../../../avr/lib/avr51\libc.a(fprintf.o)
 .bss           0x0080029e        0x0 d:/program files/atmel/avr tools/avr toolchain/bin/../lib/gcc/avr/4.7.2/../../../../avr/lib/avr51\libc.a(fputs.o)
 .bss           0x0080029e        0x0 d:/program files/atmel/avr tools/avr toolchain/bin/../lib/gcc/avr/4.7.2/../../../../avr/lib/avr51\libc.a(iob.o)
 .bss           0x0080029e        0x0 d:/program files/atmel/avr tools/avr toolchain/bin/../lib/gcc/avr/4.7.2/../../../../avr/lib/avr51\libc.a(sprintf.o)
 .bss           0x0080029e        0x0 d:/program files/atmel/avr tools/avr toolchain/bin/../lib/gcc/avr/4.7.2/../../../../avr/lib/avr51\libc.a(vfprintf_std.o)
 .bss           0x0080029e        0x0 d:/program files/atmel/avr tools/avr toolchain/bin/../lib/gcc/avr/4.7.2/../../../../avr/lib/avr51\libc.a(strnlen_P.o)
 .bss           0x0080029e        0x0 d:/program files/atmel/avr tools/avr toolchain/bin/../lib/gcc/avr/4.7.2/../../../../avr/lib/avr51\libc.a(strnlen.o)
 .bss           0x0080029e        0x0 d:/program files/atmel/avr tools/avr toolchain/bin/../lib/gcc/avr/4.7.2/../../../../avr/lib/avr51\libc.a(fputc.o)
 .bss           0x0080029e        0x0 d:/program files/atmel/avr tools/avr toolchain/bin/../lib/gcc/avr/4.7.2/../../../../avr/lib/avr51\libc.a(ultoa_invert.o)
 *(.bss*)
 *(COMMON)
 COMMON         0x0080029e       0xe2 mainTRT_1284.o
                0x0080029e                args
                0x008002a2                ir_tx_buffer
                0x008002e2                challenge_time_string
                0x008002e4                ir_tx_ready
                0x008002e5                ir_rx_ready
                0x008002e6                state
                0x008002e7                lock_command
                0x008002e8                error_count
                0x008002ea                mode
                0x008002eb                function
                0x008002ec                rx_rec_time
                0x008002f0                time
                0x008002f4                tx_send_time
                0x008002f8                kernel
                0x00800338                task_count
                0x0080033a                authorization
                0x0080033b                ir_rx_count
                0x0080033c                ir_tx_count
                0x0080033d                trt_rx_c
                0x0080033e                ir_rx_buffer
                0x0080037e                lock_state
                0x0080037f                key_state
 COMMON         0x00800380        0x6 d:/program files/atmel/avr tools/avr toolchain/bin/../lib/gcc/avr/4.7.2/../../../../avr/lib/avr51\libc.a(iob.o)
                0x00800380                __iob
                0x00800386                PROVIDE (__bss_end, .)
                0x000013ac                __data_load_start = LOADADDR (.data)
                0x0000142c                __data_load_end = (__data_load_start + SIZEOF (.data))

.noinit         0x00800386        0x0
                0x00800386                PROVIDE (__noinit_start, .)
 *(.noinit*)
                0x00800386                PROVIDE (__noinit_end, .)
                0x00800386                _end = .
                0x00800386                PROVIDE (__heap_start, .)

.eeprom         0x00810000        0x0
 *(.eeprom*)
                0x00810000                __eeprom_end = .

.fuse
 *(.fuse)
 *(.lfuse)
 *(.hfuse)
 *(.efuse)

.lock
 *(.lock*)

.signature
 *(.signature*)

.user_signatures
 *(.user_signatures*)

.stab           0x00000000      0xda4
 *(.stab)
 .stab          0x00000000      0x6cc d:/program files/atmel/avr tools/avr toolchain/bin/../lib/gcc/avr/4.7.2/../../../../avr/lib/avr51/crtm1284p.o
 .stab          0x000006cc      0x120 d:/program files/atmel/avr tools/avr toolchain/bin/../lib/gcc/avr/4.7.2/../../../../avr/lib/avr51\libc.a(strlcpy.o)
                                0x12c (size before relaxing)
 .stab          0x000007ec       0x9c d:/program files/atmel/avr tools/avr toolchain/bin/../lib/gcc/avr/4.7.2/../../../../avr/lib/avr51\libc.a(strnlen_P.o)
                                 0xa8 (size before relaxing)
 .stab          0x00000888       0x9c d:/program files/atmel/avr tools/avr toolchain/bin/../lib/gcc/avr/4.7.2/../../../../avr/lib/avr51\libc.a(strnlen.o)
                                 0xa8 (size before relaxing)
 .stab          0x00000924      0x480 d:/program files/atmel/avr tools/avr toolchain/bin/../lib/gcc/avr/4.7.2/../../../../avr/lib/avr51\libc.a(ultoa_invert.o)
                                0x48c (size before relaxing)

.stabstr        0x00000000      0x273
 *(.stabstr)
 .stabstr       0x00000000      0x273 d:/program files/atmel/avr tools/avr toolchain/bin/../lib/gcc/avr/4.7.2/../../../../avr/lib/avr51/crtm1284p.o

.stab.excl
 *(.stab.excl)

.stab.exclstr
 *(.stab.exclstr)

.stab.index
 *(.stab.index)

.stab.indexstr
 *(.stab.indexstr)

.comment        0x00000000       0x2f
 *(.comment)
 .comment       0x00000000       0x2f mainTRT_1284.o
                                 0x30 (size before relaxing)
 .comment       0x00000000       0x30 d:/program files/atmel/avr tools/avr toolchain/bin/../lib/gcc/avr/4.7.2/../../../../avr/lib/avr51\libc.a(fprintf.o)
 .comment       0x00000000       0x30 d:/program files/atmel/avr tools/avr toolchain/bin/../lib/gcc/avr/4.7.2/../../../../avr/lib/avr51\libc.a(fputs.o)
 .comment       0x00000000       0x30 d:/program files/atmel/avr tools/avr toolchain/bin/../lib/gcc/avr/4.7.2/../../../../avr/lib/avr51\libc.a(iob.o)
 .comment       0x00000000       0x30 d:/program files/atmel/avr tools/avr toolchain/bin/../lib/gcc/avr/4.7.2/../../../../avr/lib/avr51\libc.a(sprintf.o)
 .comment       0x00000000       0x30 d:/program files/atmel/avr tools/avr toolchain/bin/../lib/gcc/avr/4.7.2/../../../../avr/lib/avr51\libc.a(vfprintf_std.o)
 .comment       0x00000000       0x30 d:/program files/atmel/avr tools/avr toolchain/bin/../lib/gcc/avr/4.7.2/../../../../avr/lib/avr51\libc.a(fputc.o)

.debug
 *(.debug)

.line
 *(.line)

.debug_srcinfo
 *(.debug_srcinfo)

.debug_sfnames
 *(.debug_sfnames)

.debug_aranges  0x00000000       0xe0
 *(.debug_aranges)
 .debug_aranges
                0x00000000       0x28 mainTRT_1284.o
 .debug_aranges
                0x00000028       0x20 d:/program files/atmel/avr tools/avr toolchain/bin/../lib/gcc/avr/4.7.2/../../../../avr/lib/avr51\libc.a(fprintf.o)
 .debug_aranges
                0x00000048       0x20 d:/program files/atmel/avr tools/avr toolchain/bin/../lib/gcc/avr/4.7.2/../../../../avr/lib/avr51\libc.a(fputs.o)
 .debug_aranges
                0x00000068       0x18 d:/program files/atmel/avr tools/avr toolchain/bin/../lib/gcc/avr/4.7.2/../../../../avr/lib/avr51\libc.a(iob.o)
 .debug_aranges
                0x00000080       0x20 d:/program files/atmel/avr tools/avr toolchain/bin/../lib/gcc/avr/4.7.2/../../../../avr/lib/avr51\libc.a(sprintf.o)
 .debug_aranges
                0x000000a0       0x20 d:/program files/atmel/avr tools/avr toolchain/bin/../lib/gcc/avr/4.7.2/../../../../avr/lib/avr51\libc.a(vfprintf_std.o)
 .debug_aranges
                0x000000c0       0x20 d:/program files/atmel/avr tools/avr toolchain/bin/../lib/gcc/avr/4.7.2/../../../../avr/lib/avr51\libc.a(fputc.o)

.debug_pubnames
 *(.debug_pubnames)

.debug_info     0x00000000     0x1ea6
 *(.debug_info)
 .debug_info    0x00000000     0x10f6 mainTRT_1284.o
 .debug_info    0x000010f6      0x1fc d:/program files/atmel/avr tools/avr toolchain/bin/../lib/gcc/avr/4.7.2/../../../../avr/lib/avr51\libc.a(fprintf.o)
 .debug_info    0x000012f2      0x1a5 d:/program files/atmel/avr tools/avr toolchain/bin/../lib/gcc/avr/4.7.2/../../../../avr/lib/avr51\libc.a(fputs.o)
 .debug_info    0x00001497      0x14e d:/program files/atmel/avr tools/avr toolchain/bin/../lib/gcc/avr/4.7.2/../../../../avr/lib/avr51\libc.a(iob.o)
 .debug_info    0x000015e5      0x204 d:/program files/atmel/avr tools/avr toolchain/bin/../lib/gcc/avr/4.7.2/../../../../avr/lib/avr51\libc.a(sprintf.o)
 .debug_info    0x000017e9      0x549 d:/program files/atmel/avr tools/avr toolchain/bin/../lib/gcc/avr/4.7.2/../../../../avr/lib/avr51\libc.a(vfprintf_std.o)
 .debug_info    0x00001d32      0x174 d:/program files/atmel/avr tools/avr toolchain/bin/../lib/gcc/avr/4.7.2/../../../../avr/lib/avr51\libc.a(fputc.o)
 *(.gnu.linkonce.wi.*)

.debug_abbrev   0x00000000      0xb11
 *(.debug_abbrev)
 .debug_abbrev  0x00000000      0x41d mainTRT_1284.o
 .debug_abbrev  0x0000041d      0x139 d:/program files/atmel/avr tools/avr toolchain/bin/../lib/gcc/avr/4.7.2/../../../../avr/lib/avr51\libc.a(fprintf.o)
 .debug_abbrev  0x00000556      0x109 d:/program files/atmel/avr tools/avr toolchain/bin/../lib/gcc/avr/4.7.2/../../../../avr/lib/avr51\libc.a(fputs.o)
 .debug_abbrev  0x0000065f       0xc1 d:/program files/atmel/avr tools/avr toolchain/bin/../lib/gcc/avr/4.7.2/../../../../avr/lib/avr51\libc.a(iob.o)
 .debug_abbrev  0x00000720      0x12a d:/program files/atmel/avr tools/avr toolchain/bin/../lib/gcc/avr/4.7.2/../../../../avr/lib/avr51\libc.a(sprintf.o)
 .debug_abbrev  0x0000084a      0x1d6 d:/program files/atmel/avr tools/avr toolchain/bin/../lib/gcc/avr/4.7.2/../../../../avr/lib/avr51\libc.a(vfprintf_std.o)
 .debug_abbrev  0x00000a20       0xf1 d:/program files/atmel/avr tools/avr toolchain/bin/../lib/gcc/avr/4.7.2/../../../../avr/lib/avr51\libc.a(fputc.o)

.debug_line     0x00000000      0xe1e
 *(.debug_line)
 .debug_line    0x00000000      0x4ab mainTRT_1284.o
 .debug_line    0x000004ab      0x190 d:/program files/atmel/avr tools/avr toolchain/bin/../lib/gcc/avr/4.7.2/../../../../avr/lib/avr51\libc.a(fprintf.o)
 .debug_line    0x0000063b      0x106 d:/program files/atmel/avr tools/avr toolchain/bin/../lib/gcc/avr/4.7.2/../../../../avr/lib/avr51\libc.a(fputs.o)
 .debug_line    0x00000741       0xeb d:/program files/atmel/avr tools/avr toolchain/bin/../lib/gcc/avr/4.7.2/../../../../avr/lib/avr51\libc.a(iob.o)
 .debug_line    0x0000082c      0x194 d:/program files/atmel/avr tools/avr toolchain/bin/../lib/gcc/avr/4.7.2/../../../../avr/lib/avr51\libc.a(sprintf.o)
 .debug_line    0x000009c0      0x35a d:/program files/atmel/avr tools/avr toolchain/bin/../lib/gcc/avr/4.7.2/../../../../avr/lib/avr51\libc.a(vfprintf_std.o)
 .debug_line    0x00000d1a      0x104 d:/program files/atmel/avr tools/avr toolchain/bin/../lib/gcc/avr/4.7.2/../../../../avr/lib/avr51\libc.a(fputc.o)

.debug_frame    0x00000000      0x524
 *(.debug_frame)
 .debug_frame   0x00000000      0x3b0 mainTRT_1284.o
 .debug_frame   0x000003b0       0x34 d:/program files/atmel/avr tools/avr toolchain/bin/../lib/gcc/avr/4.7.2/../../../../avr/lib/avr51\libc.a(fprintf.o)
 .debug_frame   0x000003e4       0x44 d:/program files/atmel/avr tools/avr toolchain/bin/../lib/gcc/avr/4.7.2/../../../../avr/lib/avr51\libc.a(fputs.o)
 .debug_frame   0x00000428       0x40 d:/program files/atmel/avr tools/avr toolchain/bin/../lib/gcc/avr/4.7.2/../../../../avr/lib/avr51\libc.a(sprintf.o)
 .debug_frame   0x00000468       0x84 d:/program files/atmel/avr tools/avr toolchain/bin/../lib/gcc/avr/4.7.2/../../../../avr/lib/avr51\libc.a(vfprintf_std.o)
 .debug_frame   0x000004ec       0x38 d:/program files/atmel/avr tools/avr toolchain/bin/../lib/gcc/avr/4.7.2/../../../../avr/lib/avr51\libc.a(fputc.o)

.debug_str      0x00000000      0x769
 *(.debug_str)
 .debug_str     0x00000000      0x48d mainTRT_1284.o
                                0x4fb (size before relaxing)
 .debug_str     0x0000048d       0x8e d:/program files/atmel/avr tools/avr toolchain/bin/../lib/gcc/avr/4.7.2/../../../../avr/lib/avr51\libc.a(fprintf.o)
                                0x143 (size before relaxing)
 .debug_str     0x0000051b       0x62 d:/program files/atmel/avr tools/avr toolchain/bin/../lib/gcc/avr/4.7.2/../../../../avr/lib/avr51\libc.a(fputs.o)
                                0x10d (size before relaxing)
 .debug_str     0x0000057d       0x60 d:/program files/atmel/avr tools/avr toolchain/bin/../lib/gcc/avr/4.7.2/../../../../avr/lib/avr51\libc.a(iob.o)
                                0x10d (size before relaxing)
 .debug_str     0x000005dd       0x64 d:/program files/atmel/avr tools/avr toolchain/bin/../lib/gcc/avr/4.7.2/../../../../avr/lib/avr51\libc.a(sprintf.o)
                                0x13c (size before relaxing)
 .debug_str     0x00000641       0xc6 d:/program files/atmel/avr tools/avr toolchain/bin/../lib/gcc/avr/4.7.2/../../../../avr/lib/avr51\libc.a(vfprintf_std.o)
                                0x1ad (size before relaxing)
 .debug_str     0x00000707       0x62 d:/program files/atmel/avr tools/avr toolchain/bin/../lib/gcc/avr/4.7.2/../../../../avr/lib/avr51\libc.a(fputc.o)
                                0x10d (size before relaxing)

.debug_loc      0x00000000     0x19a6
 *(.debug_loc)
 .debug_loc     0x00000000     0x10e5 mainTRT_1284.o
 .debug_loc     0x000010e5       0x3b d:/program files/atmel/avr tools/avr toolchain/bin/../lib/gcc/avr/4.7.2/../../../../avr/lib/avr51\libc.a(fprintf.o)
 .debug_loc     0x00001120      0x10f d:/program files/atmel/avr tools/avr toolchain/bin/../lib/gcc/avr/4.7.2/../../../../avr/lib/avr51\libc.a(fputs.o)
 .debug_loc     0x0000122f       0x61 d:/program files/atmel/avr tools/avr toolchain/bin/../lib/gcc/avr/4.7.2/../../../../avr/lib/avr51\libc.a(sprintf.o)
 .debug_loc     0x00001290      0x623 d:/program files/atmel/avr tools/avr toolchain/bin/../lib/gcc/avr/4.7.2/../../../../avr/lib/avr51\libc.a(vfprintf_std.o)
 .debug_loc     0x000018b3       0xf3 d:/program files/atmel/avr tools/avr toolchain/bin/../lib/gcc/avr/4.7.2/../../../../avr/lib/avr51\libc.a(fputc.o)

.debug_macinfo
 *(.debug_macinfo)

.debug_pubtypes
 *(.debug_pubtypes)

.debug_ranges   0x00000000       0x80
 *(.debug_ranges)
 .debug_ranges  0x00000000       0x30 mainTRT_1284.o
 .debug_ranges  0x00000030       0x10 d:/program files/atmel/avr tools/avr toolchain/bin/../lib/gcc/avr/4.7.2/../../../../avr/lib/avr51\libc.a(fprintf.o)
 .debug_ranges  0x00000040       0x10 d:/program files/atmel/avr tools/avr toolchain/bin/../lib/gcc/avr/4.7.2/../../../../avr/lib/avr51\libc.a(fputs.o)
 .debug_ranges  0x00000050       0x10 d:/program files/atmel/avr tools/avr toolchain/bin/../lib/gcc/avr/4.7.2/../../../../avr/lib/avr51\libc.a(sprintf.o)
 .debug_ranges  0x00000060       0x10 d:/program files/atmel/avr tools/avr toolchain/bin/../lib/gcc/avr/4.7.2/../../../../avr/lib/avr51\libc.a(vfprintf_std.o)
 .debug_ranges  0x00000070       0x10 d:/program files/atmel/avr tools/avr toolchain/bin/../lib/gcc/avr/4.7.2/../../../../avr/lib/avr51\libc.a(fputc.o)

.debug_macro
 *(.debug_macro)
OUTPUT(Lab3_IR_Lock.elf elf32-avr)
LOAD linker stubs
