Archive member included because of file (symbol)

c:/winavr-20080610/bin/../lib/gcc/avr/4.3.0/avr51\libgcc.a(_udivmodhi4.o)
                              main.o (__udivmodhi4)
c:/winavr-20080610/bin/../lib/gcc/avr/4.3.0/avr51\libgcc.a(_divmodhi4.o)
                              main.o (__divmodhi4)
c:/winavr-20080610/bin/../lib/gcc/avr/4.3.0/avr51\libgcc.a(_exit.o)
                              c:/winavr-20080610/bin/../lib/gcc/avr/4.3.0/../../../../avr/lib/avr51/crtm1284p.o (exit)
c:/winavr-20080610/bin/../lib/gcc/avr/4.3.0/avr51\libgcc.a(_clear_bss.o)
                              main.o (__do_clear_bss)
c:/winavr-20080610/bin/../lib/gcc/avr/4.3.0/../../../../avr/lib/avr51\libc.a(strcmp.o)
                              main.o (strcmp)
c:/winavr-20080610/bin/../lib/gcc/avr/4.3.0/../../../../avr/lib/avr51\libc.a(fprintf.o)
                              main.o (fprintf)
c:/winavr-20080610/bin/../lib/gcc/avr/4.3.0/../../../../avr/lib/avr51\libc.a(fputc.o)
                              main.o (fputc)
c:/winavr-20080610/bin/../lib/gcc/avr/4.3.0/../../../../avr/lib/avr51\libc.a(fputs.o)
                              main.o (fputs)
c:/winavr-20080610/bin/../lib/gcc/avr/4.3.0/../../../../avr/lib/avr51\libc.a(fscanf.o)
                              main.o (fscanf)
c:/winavr-20080610/bin/../lib/gcc/avr/4.3.0/../../../../avr/lib/avr51\libc.a(iob.o)
                              main.o (__iob)
c:/winavr-20080610/bin/../lib/gcc/avr/4.3.0/../../../../avr/lib/avr51\libc.a(sprintf.o)
                              main.o (sprintf)
c:/winavr-20080610/bin/../lib/gcc/avr/4.3.0/../../../../avr/lib/avr51\libc.a(vfprintf_std.o)
                              c:/winavr-20080610/bin/../lib/gcc/avr/4.3.0/../../../../avr/lib/avr51\libc.a(fprintf.o) (vfprintf)
c:/winavr-20080610/bin/../lib/gcc/avr/4.3.0/../../../../avr/lib/avr51\libc.a(vfscanf_std.o)
                              c:/winavr-20080610/bin/../lib/gcc/avr/4.3.0/../../../../avr/lib/avr51\libc.a(fscanf.o) (vfscanf)
c:/winavr-20080610/bin/../lib/gcc/avr/4.3.0/../../../../avr/lib/avr51\libc.a(isspace.o)
                              c:/winavr-20080610/bin/../lib/gcc/avr/4.3.0/../../../../avr/lib/avr51\libc.a(vfscanf_std.o) (isspace)
c:/winavr-20080610/bin/../lib/gcc/avr/4.3.0/../../../../avr/lib/avr51\libc.a(strchr_P.o)
                              c:/winavr-20080610/bin/../lib/gcc/avr/4.3.0/../../../../avr/lib/avr51\libc.a(vfscanf_std.o) (strchr_P)
c:/winavr-20080610/bin/../lib/gcc/avr/4.3.0/../../../../avr/lib/avr51\libc.a(strnlen_P.o)
                              c:/winavr-20080610/bin/../lib/gcc/avr/4.3.0/../../../../avr/lib/avr51\libc.a(vfprintf_std.o) (strnlen_P)
c:/winavr-20080610/bin/../lib/gcc/avr/4.3.0/../../../../avr/lib/avr51\libc.a(strnlen.o)
                              c:/winavr-20080610/bin/../lib/gcc/avr/4.3.0/../../../../avr/lib/avr51\libc.a(vfprintf_std.o) (strnlen)
c:/winavr-20080610/bin/../lib/gcc/avr/4.3.0/../../../../avr/lib/avr51\libc.a(fgetc.o)
                              c:/winavr-20080610/bin/../lib/gcc/avr/4.3.0/../../../../avr/lib/avr51\libc.a(vfscanf_std.o) (fgetc)
c:/winavr-20080610/bin/../lib/gcc/avr/4.3.0/../../../../avr/lib/avr51\libc.a(ungetc.o)
                              c:/winavr-20080610/bin/../lib/gcc/avr/4.3.0/../../../../avr/lib/avr51\libc.a(vfscanf_std.o) (ungetc)
c:/winavr-20080610/bin/../lib/gcc/avr/4.3.0/../../../../avr/lib/avr51\libc.a(ultoa_invert.o)
                              c:/winavr-20080610/bin/../lib/gcc/avr/4.3.0/../../../../avr/lib/avr51\libc.a(vfprintf_std.o) (__ultoa_invert)
c:/winavr-20080610/bin/../lib/gcc/avr/4.3.0/../../../../avr/lib/avr51\libc.a(cty_isfalse.o)
                              c:/winavr-20080610/bin/../lib/gcc/avr/4.3.0/../../../../avr/lib/avr51\libc.a(isspace.o) (__ctype_isfalse)
c:/winavr-20080610/bin/../lib/gcc/avr/4.3.0/avr51\libgcc.a(_prologue.o)
                              c:/winavr-20080610/bin/../lib/gcc/avr/4.3.0/../../../../avr/lib/avr51\libc.a(fprintf.o) (__prologue_saves__)
c:/winavr-20080610/bin/../lib/gcc/avr/4.3.0/avr51\libgcc.a(_epilogue.o)
                              c:/winavr-20080610/bin/../lib/gcc/avr/4.3.0/../../../../avr/lib/avr51\libc.a(fprintf.o) (__epilogue_restores__)

Allocating common symbols
Common symbol       size              file

args                0x4               main.o
dTemp               0x2               main.o
lcd_buffer          0x11              main.o
time_rem            0x2               main.o
kernel              0x40              main.o
trt_rx_c            0x1               main.o
__iob               0x6               c:/winavr-20080610/bin/../lib/gcc/avr/4.3.0/../../../../avr/lib/avr51\libc.a(iob.o)
cTemp               0x2               main.o

Memory Configuration

Name             Origin             Length             Attributes
text             0x00000000         0x00020000         xr
data             0x00800060         0x0000ffa0         rw !x
eeprom           0x00810000         0x00010000         rw !x
fuse             0x00820000         0x00000400         rw !x
lock             0x00830000         0x00000400         rw !x
signature        0x00840000         0x00000400         rw !x
*default*        0x00000000         0xffffffff

Linker script and memory map

Address of section .data set to 0x800100
LOAD c:/winavr-20080610/bin/../lib/gcc/avr/4.3.0/../../../../avr/lib/avr51/crtm1284p.o
LOAD main.o
LOAD c:/winavr-20080610/bin/../lib/gcc/avr/4.3.0/avr51\libgcc.a
LOAD c:/winavr-20080610/bin/../lib/gcc/avr/4.3.0/../../../../avr/lib/avr51\libc.a
LOAD c:/winavr-20080610/bin/../lib/gcc/avr/4.3.0/avr51\libgcc.a

.hash
 *(.hash)

.dynsym
 *(.dynsym)

.dynstr
 *(.dynstr)

.gnu.version
 *(.gnu.version)

.gnu.version_d
 *(.gnu.version_d)

.gnu.version_r
 *(.gnu.version_r)

.rel.init
 *(.rel.init)

.rela.init
 *(.rela.init)

.rel.text
 *(.rel.text)
 *(.rel.text.*)
 *(.rel.gnu.linkonce.t*)

.rela.text
 *(.rela.text)
 *(.rela.text.*)
 *(.rela.gnu.linkonce.t*)

.rel.fini
 *(.rel.fini)

.rela.fini
 *(.rela.fini)

.rel.rodata
 *(.rel.rodata)
 *(.rel.rodata.*)
 *(.rel.gnu.linkonce.r*)

.rela.rodata
 *(.rela.rodata)
 *(.rela.rodata.*)
 *(.rela.gnu.linkonce.r*)

.rel.data
 *(.rel.data)
 *(.rel.data.*)
 *(.rel.gnu.linkonce.d*)

.rela.data
 *(.rela.data)
 *(.rela.data.*)
 *(.rela.gnu.linkonce.d*)

.rel.ctors
 *(.rel.ctors)

.rela.ctors
 *(.rela.ctors)

.rel.dtors
 *(.rel.dtors)

.rela.dtors
 *(.rela.dtors)

.rel.got
 *(.rel.got)

.rela.got
 *(.rela.got)

.rel.bss
 *(.rel.bss)

.rela.bss
 *(.rela.bss)

.rel.plt
 *(.rel.plt)

.rela.plt
 *(.rela.plt)

.text           0x00000000     0x1e6a
 *(.vectors)
 .vectors       0x00000000       0x8c c:/winavr-20080610/bin/../lib/gcc/avr/4.3.0/../../../../avr/lib/avr51/crtm1284p.o
                0x00000000                __vectors
                0x00000000                __vector_default
 *(.vectors)
 *(.progmem.gcc*)
 *(.progmem*)
 .progmem.data  0x0000008c       0x54 main.o
                0x000000cc                LCD_line1
                0x000000d6                LCD_line2
                0x0000008c                LcdCustomChar
 .progmem.data  0x000000e0        0xc c:/winavr-20080610/bin/../lib/gcc/avr/4.3.0/../../../../avr/lib/avr51\libc.a(vfscanf_std.o)
                0x000000ec                . = ALIGN (0x2)
                0x000000ec                __trampolines_start = .
 *(.trampolines)
 .trampolines   0x000000ec        0x0 linker stubs
 *(.trampolines*)
                0x000000ec                __trampolines_end = .
 *(.jumptables)
 *(.jumptables*)
 *(.lowtext)
 *(.lowtext*)
                0x000000ec                __ctors_start = .
 *(.ctors)
                0x000000ec                __ctors_end = .
                0x000000ec                __dtors_start = .
 *(.dtors)
                0x000000ec                __dtors_end = .
 SORT(*)(.ctors)
 SORT(*)(.dtors)
 *(.init0)
 .init0         0x000000ec        0x0 c:/winavr-20080610/bin/../lib/gcc/avr/4.3.0/../../../../avr/lib/avr51/crtm1284p.o
                0x000000ec                __init
 *(.init0)
 *(.init1)
 *(.init1)
 *(.init2)
 .init2         0x000000ec        0xc c:/winavr-20080610/bin/../lib/gcc/avr/4.3.0/../../../../avr/lib/avr51/crtm1284p.o
 *(.init2)
 *(.init3)
 *(.init3)
 *(.init4)
 .init4         0x000000f8       0x1a c:/winavr-20080610/bin/../lib/gcc/avr/4.3.0/../../../../avr/lib/avr51/crtm1284p.o
                0x000000f8                __do_copy_data
 .init4         0x00000112       0x10 c:/winavr-20080610/bin/../lib/gcc/avr/4.3.0/avr51\libgcc.a(_clear_bss.o)
                0x00000112                __do_clear_bss
 *(.init4)
 *(.init5)
 *(.init5)
 *(.init6)
 *(.init6)
 *(.init7)
 *(.init7)
 *(.init8)
 *(.init8)
 *(.init9)
 .init9         0x00000122        0x8 c:/winavr-20080610/bin/../lib/gcc/avr/4.3.0/../../../../avr/lib/avr51/crtm1284p.o
 *(.init9)
 *(.text)
 .text          0x0000012a        0x4 c:/winavr-20080610/bin/../lib/gcc/avr/4.3.0/../../../../avr/lib/avr51/crtm1284p.o
                0x0000012a                __vector_22
                0x0000012a                __vector_28
                0x0000012a                __vector_32
                0x0000012a                __vector_34
                0x0000012a                __vector_24
                0x0000012a                __vector_12
                0x0000012a                __bad_interrupt
                0x0000012a                __vector_6
                0x0000012a                __vector_31
                0x0000012a                __vector_3
                0x0000012a                __vector_23
                0x0000012a                __vector_30
                0x0000012a                __vector_25
                0x0000012a                __vector_17
                0x0000012a                __vector_19
                0x0000012a                __vector_7
                0x0000012a                __vector_27
                0x0000012a                __vector_5
                0x0000012a                __vector_33
                0x0000012a                __vector_4
                0x0000012a                __vector_9
                0x0000012a                __vector_2
                0x0000012a                __vector_15
                0x0000012a                __vector_29
                0x0000012a                __vector_8
                0x0000012a                __vector_26
                0x0000012a                __vector_14
                0x0000012a                __vector_10
                0x0000012a                __vector_16
                0x0000012a                __vector_18
 .text          0x0000012e     0x107a main.o
                0x00000b34                LCDinit
                0x00000cd4                __vector_1
                0x00000c1c                LCDcursorLeft
                0x00000c04                LCDcursorOFF
                0x000005e6                trtCurrentTime
                0x00000f2a                lcdComm
                0x00000bf4                LCDcursorOn
                0x000006ea                trt_uart_init
                0x00000616                trtSleepUntil
                0x00000a2c                LCDsendCommand
                0x000004fe                trtWait
                0x0000053e                trtSignal
                0x00000bd8                LCDshiftRight
                0x00000ce8                __vector_11
                0x00000432                trtCreateTask
                0x00000852                uart_getchar
                0x0000012e                __vector_13
                0x00000c38                LCDcursorRight
                0x00000aec                LCDdefinechar
                0x00000bbc                LCDshiftLeft
                0x000006d0                trtAccept
                0x000009ea                LCDsendChar
                0x00000676                trtGetDeadline
                0x00000d62                adjustTemp
                0x00000dbe                main
                0x00000c14                LCDvisible
                0x00000a6e                LCDhome
                0x00000642                trtGetRelease
                0x00000abe                CopyStringtoLCD
                0x000004ee                trtCreateSemaphore
                0x00000710                __vector_21
                0x00000c54                LCDprogressBar
                0x00000bfc                LCDcursorOnBlink
                0x00000aa0                LCDGotoXY
                0x000006aa                trtTerminate
                0x00000d12                initialize
                0x00000a66                LCDclr
                0x000003b6                trtInitKernel
                0x00000a76                LCDstring
                0x00000cfc                init_lcd
                0x00001026                serialComm
                0x00000c0c                LCDblank
                0x000007f8                __vector_20
                0x000007a0                uart_putchar
 .text          0x000011a8        0x0 c:/winavr-20080610/bin/../lib/gcc/avr/4.3.0/avr51\libgcc.a(_udivmodhi4.o)
 .text          0x000011a8        0x0 c:/winavr-20080610/bin/../lib/gcc/avr/4.3.0/avr51\libgcc.a(_divmodhi4.o)
 .text          0x000011a8        0x0 c:/winavr-20080610/bin/../lib/gcc/avr/4.3.0/avr51\libgcc.a(_exit.o)
 .text          0x000011a8        0x0 c:/winavr-20080610/bin/../lib/gcc/avr/4.3.0/avr51\libgcc.a(_clear_bss.o)
 .text          0x000011a8       0x12 c:/winavr-20080610/bin/../lib/gcc/avr/4.3.0/../../../../avr/lib/avr51\libc.a(strcmp.o)
                0x000011a8                strcmp
 .text          0x000011ba       0x26 c:/winavr-20080610/bin/../lib/gcc/avr/4.3.0/../../../../avr/lib/avr51\libc.a(fprintf.o)
                0x000011ba                fprintf
 .text          0x000011e0       0x58 c:/winavr-20080610/bin/../lib/gcc/avr/4.3.0/../../../../avr/lib/avr51\libc.a(fputc.o)
                0x000011e0                fputc
 .text          0x00001238       0x52 c:/winavr-20080610/bin/../lib/gcc/avr/4.3.0/../../../../avr/lib/avr51\libc.a(fputs.o)
                0x00001238                fputs
 .text          0x0000128a       0x26 c:/winavr-20080610/bin/../lib/gcc/avr/4.3.0/../../../../avr/lib/avr51\libc.a(fscanf.o)
                0x0000128a                fscanf
 .text          0x000012b0        0x0 c:/winavr-20080610/bin/../lib/gcc/avr/4.3.0/../../../../avr/lib/avr51\libc.a(iob.o)
 .text          0x000012b0       0x46 c:/winavr-20080610/bin/../lib/gcc/avr/4.3.0/../../../../avr/lib/avr51\libc.a(sprintf.o)
                0x000012b0                sprintf
 .text          0x000012f6      0x3be c:/winavr-20080610/bin/../lib/gcc/avr/4.3.0/../../../../avr/lib/avr51\libc.a(vfprintf_std.o)
                0x000012f6                vfprintf
 .text          0x000016b4      0x52a c:/winavr-20080610/bin/../lib/gcc/avr/4.3.0/../../../../avr/lib/avr51\libc.a(vfscanf_std.o)
                0x000019bc                vfscanf
 .text          0x00001bde        0x0 c:/winavr-20080610/bin/../lib/gcc/avr/4.3.0/../../../../avr/lib/avr51\libc.a(isspace.o)
 .text          0x00001bde       0x16 c:/winavr-20080610/bin/../lib/gcc/avr/4.3.0/../../../../avr/lib/avr51\libc.a(strchr_P.o)
                0x00001bde                strchr_P
 .text          0x00001bf4       0x16 c:/winavr-20080610/bin/../lib/gcc/avr/4.3.0/../../../../avr/lib/avr51\libc.a(strnlen_P.o)
                0x00001bf4                strnlen_P
 .text          0x00001c0a       0x16 c:/winavr-20080610/bin/../lib/gcc/avr/4.3.0/../../../../avr/lib/avr51\libc.a(strnlen.o)
                0x00001c0a                strnlen
 .text          0x00001c20       0x84 c:/winavr-20080610/bin/../lib/gcc/avr/4.3.0/../../../../avr/lib/avr51\libc.a(fgetc.o)
                0x00001c20                fgetc
 .text          0x00001ca4       0x34 c:/winavr-20080610/bin/../lib/gcc/avr/4.3.0/../../../../avr/lib/avr51\libc.a(ungetc.o)
                0x00001ca4                ungetc
 .text          0x00001cd8       0xbc c:/winavr-20080610/bin/../lib/gcc/avr/4.3.0/../../../../avr/lib/avr51\libc.a(ultoa_invert.o)
                0x00001cd8                __ultoa_invert
 .text          0x00001d94        0x0 c:/winavr-20080610/bin/../lib/gcc/avr/4.3.0/../../../../avr/lib/avr51\libc.a(cty_isfalse.o)
 .text          0x00001d94        0x0 c:/winavr-20080610/bin/../lib/gcc/avr/4.3.0/avr51\libgcc.a(_prologue.o)
 .text          0x00001d94        0x0 c:/winavr-20080610/bin/../lib/gcc/avr/4.3.0/avr51\libgcc.a(_epilogue.o)
                0x00001d94                . = ALIGN (0x2)
 *(.text.*)
 .text.libgcc   0x00001d94       0x28 c:/winavr-20080610/bin/../lib/gcc/avr/4.3.0/avr51\libgcc.a(_udivmodhi4.o)
                0x00001d94                __udivmodhi4
 .text.libgcc   0x00001dbc       0x26 c:/winavr-20080610/bin/../lib/gcc/avr/4.3.0/avr51\libgcc.a(_divmodhi4.o)
                0x00001dbc                __divmodhi4
                0x00001dbc                _div
 .text.libgcc   0x00001de2        0x0 c:/winavr-20080610/bin/../lib/gcc/avr/4.3.0/avr51\libgcc.a(_exit.o)
 .text.libgcc   0x00001de2        0x0 c:/winavr-20080610/bin/../lib/gcc/avr/4.3.0/avr51\libgcc.a(_clear_bss.o)
 .text.ctype    0x00001de2       0x10 c:/winavr-20080610/bin/../lib/gcc/avr/4.3.0/../../../../avr/lib/avr51\libc.a(isspace.o)
                0x00001de2                isspace
 .text.ctype    0x00001df2        0x6 c:/winavr-20080610/bin/../lib/gcc/avr/4.3.0/../../../../avr/lib/avr51\libc.a(cty_isfalse.o)
                0x00001df6                __ctype_istrue
                0x00001df2                __ctype_isfalse
 .text.libgcc   0x00001df8       0x38 c:/winavr-20080610/bin/../lib/gcc/avr/4.3.0/avr51\libgcc.a(_prologue.o)
                0x00001df8                __prologue_saves__
 .text.libgcc   0x00001e30       0x36 c:/winavr-20080610/bin/../lib/gcc/avr/4.3.0/avr51\libgcc.a(_epilogue.o)
                0x00001e30                __epilogue_restores__
                0x00001e66                . = ALIGN (0x2)
 *(.fini9)
 .fini9         0x00001e66        0x0 c:/winavr-20080610/bin/../lib/gcc/avr/4.3.0/avr51\libgcc.a(_exit.o)
                0x00001e66                exit
                0x00001e66                _exit
 *(.fini9)
 *(.fini8)
 *(.fini8)
 *(.fini7)
 *(.fini7)
 *(.fini6)
 *(.fini6)
 *(.fini5)
 *(.fini5)
 *(.fini4)
 *(.fini4)
 *(.fini3)
 *(.fini3)
 *(.fini2)
 *(.fini2)
 *(.fini1)
 *(.fini1)
 *(.fini0)
 .fini0         0x00001e66        0x4 c:/winavr-20080610/bin/../lib/gcc/avr/4.3.0/avr51\libgcc.a(_exit.o)
 *(.fini0)
                0x00001e6a                _etext = .

.data           0x00800100       0x90 load address 0x00001e6a
                0x00800100                PROVIDE (__data_start, .)
 *(.data)
 .data          0x00800100        0x0 c:/winavr-20080610/bin/../lib/gcc/avr/4.3.0/../../../../avr/lib/avr51/crtm1284p.o
 .data          0x00800100       0x90 main.o
                0x00800182                uart0
 .data          0x00800190        0x0 c:/winavr-20080610/bin/../lib/gcc/avr/4.3.0/avr51\libgcc.a(_udivmodhi4.o)
 .data          0x00800190        0x0 c:/winavr-20080610/bin/../lib/gcc/avr/4.3.0/avr51\libgcc.a(_divmodhi4.o)
 .data          0x00800190        0x0 c:/winavr-20080610/bin/../lib/gcc/avr/4.3.0/avr51\libgcc.a(_exit.o)
 .data          0x00800190        0x0 c:/winavr-20080610/bin/../lib/gcc/avr/4.3.0/avr51\libgcc.a(_clear_bss.o)
 .data          0x00800190        0x0 c:/winavr-20080610/bin/../lib/gcc/avr/4.3.0/../../../../avr/lib/avr51\libc.a(strcmp.o)
 .data          0x00800190        0x0 c:/winavr-20080610/bin/../lib/gcc/avr/4.3.0/../../../../avr/lib/avr51\libc.a(fprintf.o)
 .data          0x00800190        0x0 c:/winavr-20080610/bin/../lib/gcc/avr/4.3.0/../../../../avr/lib/avr51\libc.a(fputc.o)
 .data          0x00800190        0x0 c:/winavr-20080610/bin/../lib/gcc/avr/4.3.0/../../../../avr/lib/avr51\libc.a(fputs.o)
 .data          0x00800190        0x0 c:/winavr-20080610/bin/../lib/gcc/avr/4.3.0/../../../../avr/lib/avr51\libc.a(fscanf.o)
 .data          0x00800190        0x0 c:/winavr-20080610/bin/../lib/gcc/avr/4.3.0/../../../../avr/lib/avr51\libc.a(iob.o)
 .data          0x00800190        0x0 c:/winavr-20080610/bin/../lib/gcc/avr/4.3.0/../../../../avr/lib/avr51\libc.a(sprintf.o)
 .data          0x00800190        0x0 c:/winavr-20080610/bin/../lib/gcc/avr/4.3.0/../../../../avr/lib/avr51\libc.a(vfprintf_std.o)
 .data          0x00800190        0x0 c:/winavr-20080610/bin/../lib/gcc/avr/4.3.0/../../../../avr/lib/avr51\libc.a(vfscanf_std.o)
 .data          0x00800190        0x0 c:/winavr-20080610/bin/../lib/gcc/avr/4.3.0/../../../../avr/lib/avr51\libc.a(isspace.o)
 .data          0x00800190        0x0 c:/winavr-20080610/bin/../lib/gcc/avr/4.3.0/../../../../avr/lib/avr51\libc.a(strchr_P.o)
 .data          0x00800190        0x0 c:/winavr-20080610/bin/../lib/gcc/avr/4.3.0/../../../../avr/lib/avr51\libc.a(strnlen_P.o)
 .data          0x00800190        0x0 c:/winavr-20080610/bin/../lib/gcc/avr/4.3.0/../../../../avr/lib/avr51\libc.a(strnlen.o)
 .data          0x00800190        0x0 c:/winavr-20080610/bin/../lib/gcc/avr/4.3.0/../../../../avr/lib/avr51\libc.a(fgetc.o)
 .data          0x00800190        0x0 c:/winavr-20080610/bin/../lib/gcc/avr/4.3.0/../../../../avr/lib/avr51\libc.a(ungetc.o)
 .data          0x00800190        0x0 c:/winavr-20080610/bin/../lib/gcc/avr/4.3.0/../../../../avr/lib/avr51\libc.a(ultoa_invert.o)
 .data          0x00800190        0x0 c:/winavr-20080610/bin/../lib/gcc/avr/4.3.0/../../../../avr/lib/avr51\libc.a(cty_isfalse.o)
 .data          0x00800190        0x0 c:/winavr-20080610/bin/../lib/gcc/avr/4.3.0/avr51\libgcc.a(_prologue.o)
 .data          0x00800190        0x0 c:/winavr-20080610/bin/../lib/gcc/avr/4.3.0/avr51\libgcc.a(_epilogue.o)
 *(.data*)
 *(.rodata)
 *(.rodata*)
 *(.gnu.linkonce.d*)
                0x00800190                . = ALIGN (0x2)
                0x00800190                _edata = .
                0x00800190                PROVIDE (__data_end, .)

.bss            0x00800190      0x180 load address 0x00001efa
                0x00800190                PROVIDE (__bss_start, .)
 *(.bss)
 .bss           0x00800190        0x0 c:/winavr-20080610/bin/../lib/gcc/avr/4.3.0/../../../../avr/lib/avr51/crtm1284p.o
 .bss           0x00800190      0x11e main.o
 .bss           0x008002ae        0x0 c:/winavr-20080610/bin/../lib/gcc/avr/4.3.0/avr51\libgcc.a(_udivmodhi4.o)
 .bss           0x008002ae        0x0 c:/winavr-20080610/bin/../lib/gcc/avr/4.3.0/avr51\libgcc.a(_divmodhi4.o)
 .bss           0x008002ae        0x0 c:/winavr-20080610/bin/../lib/gcc/avr/4.3.0/avr51\libgcc.a(_exit.o)
 .bss           0x008002ae        0x0 c:/winavr-20080610/bin/../lib/gcc/avr/4.3.0/avr51\libgcc.a(_clear_bss.o)
 .bss           0x008002ae        0x0 c:/winavr-20080610/bin/../lib/gcc/avr/4.3.0/../../../../avr/lib/avr51\libc.a(strcmp.o)
 .bss           0x008002ae        0x0 c:/winavr-20080610/bin/../lib/gcc/avr/4.3.0/../../../../avr/lib/avr51\libc.a(fprintf.o)
 .bss           0x008002ae        0x0 c:/winavr-20080610/bin/../lib/gcc/avr/4.3.0/../../../../avr/lib/avr51\libc.a(fputc.o)
 .bss           0x008002ae        0x0 c:/winavr-20080610/bin/../lib/gcc/avr/4.3.0/../../../../avr/lib/avr51\libc.a(fputs.o)
 .bss           0x008002ae        0x0 c:/winavr-20080610/bin/../lib/gcc/avr/4.3.0/../../../../avr/lib/avr51\libc.a(fscanf.o)
 .bss           0x008002ae        0x0 c:/winavr-20080610/bin/../lib/gcc/avr/4.3.0/../../../../avr/lib/avr51\libc.a(iob.o)
 .bss           0x008002ae        0x0 c:/winavr-20080610/bin/../lib/gcc/avr/4.3.0/../../../../avr/lib/avr51\libc.a(sprintf.o)
 .bss           0x008002ae        0x0 c:/winavr-20080610/bin/../lib/gcc/avr/4.3.0/../../../../avr/lib/avr51\libc.a(vfprintf_std.o)
 .bss           0x008002ae        0x0 c:/winavr-20080610/bin/../lib/gcc/avr/4.3.0/../../../../avr/lib/avr51\libc.a(vfscanf_std.o)
 .bss           0x008002ae        0x0 c:/winavr-20080610/bin/../lib/gcc/avr/4.3.0/../../../../avr/lib/avr51\libc.a(isspace.o)
 .bss           0x008002ae        0x0 c:/winavr-20080610/bin/../lib/gcc/avr/4.3.0/../../../../avr/lib/avr51\libc.a(strchr_P.o)
 .bss           0x008002ae        0x0 c:/winavr-20080610/bin/../lib/gcc/avr/4.3.0/../../../../avr/lib/avr51\libc.a(strnlen_P.o)
 .bss           0x008002ae        0x0 c:/winavr-20080610/bin/../lib/gcc/avr/4.3.0/../../../../avr/lib/avr51\libc.a(strnlen.o)
 .bss           0x008002ae        0x0 c:/winavr-20080610/bin/../lib/gcc/avr/4.3.0/../../../../avr/lib/avr51\libc.a(fgetc.o)
 .bss           0x008002ae        0x0 c:/winavr-20080610/bin/../lib/gcc/avr/4.3.0/../../../../avr/lib/avr51\libc.a(ungetc.o)
 .bss           0x008002ae        0x0 c:/winavr-20080610/bin/../lib/gcc/avr/4.3.0/../../../../avr/lib/avr51\libc.a(ultoa_invert.o)
 .bss           0x008002ae        0x0 c:/winavr-20080610/bin/../lib/gcc/avr/4.3.0/../../../../avr/lib/avr51\libc.a(cty_isfalse.o)
 .bss           0x008002ae        0x0 c:/winavr-20080610/bin/../lib/gcc/avr/4.3.0/avr51\libgcc.a(_prologue.o)
 .bss           0x008002ae        0x0 c:/winavr-20080610/bin/../lib/gcc/avr/4.3.0/avr51\libgcc.a(_epilogue.o)
 *(.bss*)
 *(COMMON)
 COMMON         0x008002ae       0x5c main.o
                0x008002ae                args
                0x008002b2                dTemp
                0x008002b4                lcd_buffer
                0x008002c5                time_rem
                0x008002c7                kernel
                0x00800307                trt_rx_c
                0x00800308                cTemp
 COMMON         0x0080030a        0x6 c:/winavr-20080610/bin/../lib/gcc/avr/4.3.0/../../../../avr/lib/avr51\libc.a(iob.o)
                0x0080030a                __iob
                0x00800310                PROVIDE (__bss_end, .)
                0x00001e6a                __data_load_start = LOADADDR (.data)
                0x00001efa                __data_load_end = (__data_load_start + SIZEOF (.data))

.noinit         0x00800310        0x0
                0x00800310                PROVIDE (__noinit_start, .)
 *(.noinit*)
                0x00800310                PROVIDE (__noinit_end, .)
                0x00800310                _end = .
                0x00800310                PROVIDE (__heap_start, .)

.eeprom         0x00810000        0x0
 *(.eeprom*)
                0x00810000                __eeprom_end = .

.fuse
 *(.fuse)
 *(.lfuse)
 *(.hfuse)
 *(.efuse)

.lock
 *(.lock*)

.signature
 *(.signature*)

.stab
 *(.stab)

.stabstr
 *(.stabstr)

.stab.excl
 *(.stab.excl)

.stab.exclstr
 *(.stab.exclstr)

.stab.index
 *(.stab.index)

.stab.indexstr
 *(.stab.indexstr)

.comment
 *(.comment)

.debug
 *(.debug)

.line
 *(.line)

.debug_srcinfo
 *(.debug_srcinfo)

.debug_sfnames
 *(.debug_sfnames)

.debug_aranges  0x00000000       0x20
 *(.debug_aranges)
 .debug_aranges
                0x00000000       0x20 main.o

.debug_pubnames
                0x00000000      0x360
 *(.debug_pubnames)
 .debug_pubnames
                0x00000000      0x360 main.o

.debug_info     0x00000000     0x11a8
 *(.debug_info)
 .debug_info    0x00000000     0x11a8 main.o
 *(.gnu.linkonce.wi.*)

.debug_abbrev   0x00000000      0x362
 *(.debug_abbrev)
 .debug_abbrev  0x00000000      0x362 main.o

.debug_line     0x00000000      0xee3
 *(.debug_line)
 .debug_line    0x00000000      0xee3 main.o

.debug_frame    0x00000000      0x2d0
 *(.debug_frame)
 .debug_frame   0x00000000      0x2d0 main.o

.debug_str      0x00000000      0x48d
 *(.debug_str)
 .debug_str     0x00000000      0x48d main.o
                                0x4f0 (size before relaxing)

.debug_loc      0x00000000      0xc22
 *(.debug_loc)
 .debug_loc     0x00000000      0xc22 main.o

.debug_macinfo
 *(.debug_macinfo)
OUTPUT(Lab5.elf elf32-avr)
LOAD linker stubs
