Archive member included because of file (symbol)

c:/winavr-20080610/bin/../lib/gcc/avr/4.3.0/avr51\libgcc.a(_udivmodhi4.o)
                              main.o (__udivmodhi4)
c:/winavr-20080610/bin/../lib/gcc/avr/4.3.0/avr51\libgcc.a(_divmodhi4.o)
                              main.o (__divmodhi4)
c:/winavr-20080610/bin/../lib/gcc/avr/4.3.0/avr51\libgcc.a(_exit.o)
                              c:/winavr-20080610/bin/../lib/gcc/avr/4.3.0/../../../../avr/lib/avr51/crtm1284p.o (exit)
c:/winavr-20080610/bin/../lib/gcc/avr/4.3.0/avr51\libgcc.a(_clear_bss.o)
                              main.o (__do_clear_bss)
c:/winavr-20080610/bin/../lib/gcc/avr/4.3.0/avr51\libgcc.a(_div_sf.o)
                              main.o (__divsf3)
c:/winavr-20080610/bin/../lib/gcc/avr/4.3.0/avr51\libgcc.a(_sf_to_si.o)
                              main.o (__fixsfsi)
c:/winavr-20080610/bin/../lib/gcc/avr/4.3.0/avr51\libgcc.a(_thenan_sf.o)
                              c:/winavr-20080610/bin/../lib/gcc/avr/4.3.0/avr51\libgcc.a(_div_sf.o) (__thenan_sf)
c:/winavr-20080610/bin/../lib/gcc/avr/4.3.0/avr51\libgcc.a(_usi_to_sf.o)
                              main.o (__floatunsisf)
c:/winavr-20080610/bin/../lib/gcc/avr/4.3.0/avr51\libgcc.a(_prologue.o)
                              c:/winavr-20080610/bin/../lib/gcc/avr/4.3.0/avr51\libgcc.a(_div_sf.o) (__prologue_saves__)
c:/winavr-20080610/bin/../lib/gcc/avr/4.3.0/avr51\libgcc.a(_epilogue.o)
                              c:/winavr-20080610/bin/../lib/gcc/avr/4.3.0/avr51\libgcc.a(_div_sf.o) (__epilogue_restores__)
c:/winavr-20080610/bin/../lib/gcc/avr/4.3.0/avr51\libgcc.a(_clzsi2.o)
                              c:/winavr-20080610/bin/../lib/gcc/avr/4.3.0/avr51\libgcc.a(_usi_to_sf.o) (__clzsi2)
c:/winavr-20080610/bin/../lib/gcc/avr/4.3.0/avr51\libgcc.a(_pack_sf.o)
                              c:/winavr-20080610/bin/../lib/gcc/avr/4.3.0/avr51\libgcc.a(_div_sf.o) (__pack_f)
c:/winavr-20080610/bin/../lib/gcc/avr/4.3.0/avr51\libgcc.a(_unpack_sf.o)
                              c:/winavr-20080610/bin/../lib/gcc/avr/4.3.0/avr51\libgcc.a(_div_sf.o) (__unpack_f)
c:/winavr-20080610/bin/../lib/gcc/avr/4.3.0/avr51\libgcc.a(_clz.o)
                              c:/winavr-20080610/bin/../lib/gcc/avr/4.3.0/avr51\libgcc.a(_clzsi2.o) (__clz_tab)
c:/winavr-20080610/bin/../lib/gcc/avr/4.3.0/../../../../avr/lib/avr51\libc.a(strcmp.o)
                              main.o (strcmp)
c:/winavr-20080610/bin/../lib/gcc/avr/4.3.0/../../../../avr/lib/avr51\libc.a(fputc.o)
                              main.o (fputc)
c:/winavr-20080610/bin/../lib/gcc/avr/4.3.0/../../../../avr/lib/avr51\libc.a(fputs.o)
                              main.o (fputs)
c:/winavr-20080610/bin/../lib/gcc/avr/4.3.0/../../../../avr/lib/avr51\libc.a(fscanf.o)
                              main.o (fscanf)
c:/winavr-20080610/bin/../lib/gcc/avr/4.3.0/../../../../avr/lib/avr51\libc.a(iob.o)
                              main.o (__iob)
c:/winavr-20080610/bin/../lib/gcc/avr/4.3.0/../../../../avr/lib/avr51\libc.a(sprintf.o)
                              main.o (sprintf)
c:/winavr-20080610/bin/../lib/gcc/avr/4.3.0/../../../../avr/lib/avr51\libc.a(vfprintf_std.o)
                              c:/winavr-20080610/bin/../lib/gcc/avr/4.3.0/../../../../avr/lib/avr51\libc.a(sprintf.o) (vfprintf)
c:/winavr-20080610/bin/../lib/gcc/avr/4.3.0/../../../../avr/lib/avr51\libc.a(vfscanf_std.o)
                              c:/winavr-20080610/bin/../lib/gcc/avr/4.3.0/../../../../avr/lib/avr51\libc.a(fscanf.o) (vfscanf)
c:/winavr-20080610/bin/../lib/gcc/avr/4.3.0/../../../../avr/lib/avr51\libc.a(isspace.o)
                              c:/winavr-20080610/bin/../lib/gcc/avr/4.3.0/../../../../avr/lib/avr51\libc.a(vfscanf_std.o) (isspace)
c:/winavr-20080610/bin/../lib/gcc/avr/4.3.0/../../../../avr/lib/avr51\libc.a(strchr_P.o)
                              c:/winavr-20080610/bin/../lib/gcc/avr/4.3.0/../../../../avr/lib/avr51\libc.a(vfscanf_std.o) (strchr_P)
c:/winavr-20080610/bin/../lib/gcc/avr/4.3.0/../../../../avr/lib/avr51\libc.a(strnlen_P.o)
                              c:/winavr-20080610/bin/../lib/gcc/avr/4.3.0/../../../../avr/lib/avr51\libc.a(vfprintf_std.o) (strnlen_P)
c:/winavr-20080610/bin/../lib/gcc/avr/4.3.0/../../../../avr/lib/avr51\libc.a(strnlen.o)
                              c:/winavr-20080610/bin/../lib/gcc/avr/4.3.0/../../../../avr/lib/avr51\libc.a(vfprintf_std.o) (strnlen)
c:/winavr-20080610/bin/../lib/gcc/avr/4.3.0/../../../../avr/lib/avr51\libc.a(fgetc.o)
                              c:/winavr-20080610/bin/../lib/gcc/avr/4.3.0/../../../../avr/lib/avr51\libc.a(vfscanf_std.o) (fgetc)
c:/winavr-20080610/bin/../lib/gcc/avr/4.3.0/../../../../avr/lib/avr51\libc.a(ungetc.o)
                              c:/winavr-20080610/bin/../lib/gcc/avr/4.3.0/../../../../avr/lib/avr51\libc.a(vfscanf_std.o) (ungetc)
c:/winavr-20080610/bin/../lib/gcc/avr/4.3.0/../../../../avr/lib/avr51\libc.a(ultoa_invert.o)
                              c:/winavr-20080610/bin/../lib/gcc/avr/4.3.0/../../../../avr/lib/avr51\libc.a(vfprintf_std.o) (__ultoa_invert)
c:/winavr-20080610/bin/../lib/gcc/avr/4.3.0/../../../../avr/lib/avr51\libc.a(cty_isfalse.o)
                              c:/winavr-20080610/bin/../lib/gcc/avr/4.3.0/../../../../avr/lib/avr51\libc.a(isspace.o) (__ctype_isfalse)

Allocating common symbols
Common symbol       size              file

args                0x4               main.o
msec                0x2               main.o
count_en            0x2               main.o
dTemp               0x2               main.o
lcd_buffer          0x11              main.o
time_rem            0x2               main.o
kernel              0x40              main.o
trt_rx_c            0x1               main.o
__iob               0x6               c:/winavr-20080610/bin/../lib/gcc/avr/4.3.0/../../../../avr/lib/avr51\libc.a(iob.o)
cTemp               0x2               main.o

Memory Configuration

Name             Origin             Length             Attributes
text             0x00000000         0x00020000         xr
data             0x00800060         0x0000ffa0         rw !x
eeprom           0x00810000         0x00010000         rw !x
fuse             0x00820000         0x00000400         rw !x
lock             0x00830000         0x00000400         rw !x
signature        0x00840000         0x00000400         rw !x
*default*        0x00000000         0xffffffff

Linker script and memory map

Address of section .data set to 0x800100
LOAD c:/winavr-20080610/bin/../lib/gcc/avr/4.3.0/../../../../avr/lib/avr51/crtm1284p.o
LOAD main.o
LOAD c:/winavr-20080610/bin/../lib/gcc/avr/4.3.0/avr51\libgcc.a
LOAD c:/winavr-20080610/bin/../lib/gcc/avr/4.3.0/../../../../avr/lib/avr51\libc.a
LOAD c:/winavr-20080610/bin/../lib/gcc/avr/4.3.0/avr51\libgcc.a

.hash
 *(.hash)

.dynsym
 *(.dynsym)

.dynstr
 *(.dynstr)

.gnu.version
 *(.gnu.version)

.gnu.version_d
 *(.gnu.version_d)

.gnu.version_r
 *(.gnu.version_r)

.rel.init
 *(.rel.init)

.rela.init
 *(.rela.init)

.rel.text
 *(.rel.text)
 *(.rel.text.*)
 *(.rel.gnu.linkonce.t*)

.rela.text
 *(.rela.text)
 *(.rela.text.*)
 *(.rela.gnu.linkonce.t*)

.rel.fini
 *(.rel.fini)

.rela.fini
 *(.rela.fini)

.rel.rodata
 *(.rel.rodata)
 *(.rel.rodata.*)
 *(.rel.gnu.linkonce.r*)

.rela.rodata
 *(.rela.rodata)
 *(.rela.rodata.*)
 *(.rela.gnu.linkonce.r*)

.rel.data
 *(.rel.data)
 *(.rel.data.*)
 *(.rel.gnu.linkonce.d*)

.rela.data
 *(.rela.data)
 *(.rela.data.*)
 *(.rela.gnu.linkonce.d*)

.rel.ctors
 *(.rel.ctors)

.rela.ctors
 *(.rela.ctors)

.rel.dtors
 *(.rel.dtors)

.rela.dtors
 *(.rela.dtors)

.rel.got
 *(.rel.got)

.rela.got
 *(.rela.got)

.rel.bss
 *(.rel.bss)

.rela.bss
 *(.rela.bss)

.rel.plt
 *(.rel.plt)

.rela.plt
 *(.rela.plt)

.text           0x00000000     0x25d4
 *(.vectors)
 .vectors       0x00000000       0x8c c:/winavr-20080610/bin/../lib/gcc/avr/4.3.0/../../../../avr/lib/avr51/crtm1284p.o
                0x00000000                __vectors
                0x00000000                __vector_default
 *(.vectors)
 *(.progmem.gcc*)
 *(.progmem*)
 .progmem.data  0x0000008c       0x54 main.o
                0x000000cc                LCD_line1
                0x000000d6                LCD_line2
                0x0000008c                LcdCustomChar
 .progmem.data  0x000000e0        0xc c:/winavr-20080610/bin/../lib/gcc/avr/4.3.0/../../../../avr/lib/avr51\libc.a(vfscanf_std.o)
                0x000000ec                . = ALIGN (0x2)
                0x000000ec                __trampolines_start = .
 *(.trampolines)
 .trampolines   0x000000ec        0x0 linker stubs
 *(.trampolines*)
                0x000000ec                __trampolines_end = .
 *(.jumptables)
 *(.jumptables*)
 *(.lowtext)
 *(.lowtext*)
                0x000000ec                __ctors_start = .
 *(.ctors)
                0x000000ec                __ctors_end = .
                0x000000ec                __dtors_start = .
 *(.dtors)
                0x000000ec                __dtors_end = .
 SORT(*)(.ctors)
 SORT(*)(.dtors)
 *(.init0)
 .init0         0x000000ec        0x0 c:/winavr-20080610/bin/../lib/gcc/avr/4.3.0/../../../../avr/lib/avr51/crtm1284p.o
                0x000000ec                __init
 *(.init0)
 *(.init1)
 *(.init1)
 *(.init2)
 .init2         0x000000ec        0xc c:/winavr-20080610/bin/../lib/gcc/avr/4.3.0/../../../../avr/lib/avr51/crtm1284p.o
 *(.init2)
 *(.init3)
 *(.init3)
 *(.init4)
 .init4         0x000000f8       0x1a c:/winavr-20080610/bin/../lib/gcc/avr/4.3.0/../../../../avr/lib/avr51/crtm1284p.o
                0x000000f8                __do_copy_data
 .init4         0x00000112       0x10 c:/winavr-20080610/bin/../lib/gcc/avr/4.3.0/avr51\libgcc.a(_clear_bss.o)
                0x00000112                __do_clear_bss
 *(.init4)
 *(.init5)
 *(.init5)
 *(.init6)
 *(.init6)
 *(.init7)
 *(.init7)
 *(.init8)
 *(.init8)
 *(.init9)
 .init9         0x00000122        0x8 c:/winavr-20080610/bin/../lib/gcc/avr/4.3.0/../../../../avr/lib/avr51/crtm1284p.o
 *(.init9)
 *(.text)
 .text          0x0000012a        0x4 c:/winavr-20080610/bin/../lib/gcc/avr/4.3.0/../../../../avr/lib/avr51/crtm1284p.o
                0x0000012a                __vector_22
                0x0000012a                __vector_28
                0x0000012a                __vector_1
                0x0000012a                __vector_32
                0x0000012a                __vector_34
                0x0000012a                __vector_24
                0x0000012a                __vector_12
                0x0000012a                __bad_interrupt
                0x0000012a                __vector_6
                0x0000012a                __vector_31
                0x0000012a                __vector_3
                0x0000012a                __vector_23
                0x0000012a                __vector_30
                0x0000012a                __vector_25
                0x0000012a                __vector_11
                0x0000012a                __vector_17
                0x0000012a                __vector_19
                0x0000012a                __vector_7
                0x0000012a                __vector_27
                0x0000012a                __vector_5
                0x0000012a                __vector_33
                0x0000012a                __vector_4
                0x0000012a                __vector_9
                0x0000012a                __vector_2
                0x0000012a                __vector_15
                0x0000012a                __vector_29
                0x0000012a                __vector_8
                0x0000012a                __vector_26
                0x0000012a                __vector_14
                0x0000012a                __vector_10
                0x0000012a                __vector_18
 .text          0x0000012e     0x11e4 main.o
                0x00000dce                read_adc
                0x00000b34                LCDinit
                0x00000c1c                LCDcursorLeft
                0x00000c04                LCDcursorOFF
                0x000005e6                trtCurrentTime
                0x000010f2                lcdComm
                0x00000bf4                LCDcursorOn
                0x000006ea                trt_uart_init
                0x00000616                trtSleepUntil
                0x00000a2c                LCDsendCommand
                0x000004fe                trtWait
                0x0000053e                trtSignal
                0x00000bd8                LCDshiftRight
                0x00000432                trtCreateTask
                0x00000852                uart_getchar
                0x0000012e                __vector_13
                0x00000c38                LCDcursorRight
                0x00000aec                LCDdefinechar
                0x00000bbc                LCDshiftLeft
                0x000006d0                trtAccept
                0x000009ea                LCDsendChar
                0x00000676                trtGetDeadline
                0x00000e9a                adjustTemp
                0x00000fae                main
                0x00000c14                LCDvisible
                0x00000a6e                LCDhome
                0x00000642                trtGetRelease
                0x00000abe                CopyStringtoLCD
                0x000004ee                trtCreateSemaphore
                0x00000dac                adc_init
                0x00000710                __vector_21
                0x00000c54                LCDprogressBar
                0x00000bfc                LCDcursorOnBlink
                0x00000aa0                LCDGotoXY
                0x000006aa                trtTerminate
                0x00000e00                initialize
                0x00000a66                LCDclr
                0x000003b6                trtInitKernel
                0x00000a76                LCDstring
                0x00000d96                init_lcd
                0x000011ee                serialComm
                0x00000cd4                __vector_16
                0x00000c0c                LCDblank
                0x000007f8                __vector_20
                0x000007a0                uart_putchar
 .text          0x00001312        0x0 c:/winavr-20080610/bin/../lib/gcc/avr/4.3.0/avr51\libgcc.a(_udivmodhi4.o)
 .text          0x00001312        0x0 c:/winavr-20080610/bin/../lib/gcc/avr/4.3.0/avr51\libgcc.a(_divmodhi4.o)
 .text          0x00001312        0x0 c:/winavr-20080610/bin/../lib/gcc/avr/4.3.0/avr51\libgcc.a(_exit.o)
 .text          0x00001312        0x0 c:/winavr-20080610/bin/../lib/gcc/avr/4.3.0/avr51\libgcc.a(_clear_bss.o)
 .text          0x00001312      0x154 c:/winavr-20080610/bin/../lib/gcc/avr/4.3.0/avr51\libgcc.a(_div_sf.o)
                0x00001312                __divsf3
 .text          0x00001466       0xa8 c:/winavr-20080610/bin/../lib/gcc/avr/4.3.0/avr51\libgcc.a(_sf_to_si.o)
                0x00001466                __fixsfsi
 .text          0x0000150e        0x0 c:/winavr-20080610/bin/../lib/gcc/avr/4.3.0/avr51\libgcc.a(_thenan_sf.o)
 .text          0x0000150e       0xf2 c:/winavr-20080610/bin/../lib/gcc/avr/4.3.0/avr51\libgcc.a(_usi_to_sf.o)
                0x0000150e                __floatunsisf
 .text          0x00001600        0x0 c:/winavr-20080610/bin/../lib/gcc/avr/4.3.0/avr51\libgcc.a(_prologue.o)
 .text          0x00001600        0x0 c:/winavr-20080610/bin/../lib/gcc/avr/4.3.0/avr51\libgcc.a(_epilogue.o)
 .text          0x00001600       0x9e c:/winavr-20080610/bin/../lib/gcc/avr/4.3.0/avr51\libgcc.a(_clzsi2.o)
                0x00001600                __clzsi2
 .text          0x0000169e      0x1aa c:/winavr-20080610/bin/../lib/gcc/avr/4.3.0/avr51\libgcc.a(_pack_sf.o)
                0x0000169e                __pack_f
 .text          0x00001848       0xf0 c:/winavr-20080610/bin/../lib/gcc/avr/4.3.0/avr51\libgcc.a(_unpack_sf.o)
                0x00001848                __unpack_f
 .text          0x00001938        0x0 c:/winavr-20080610/bin/../lib/gcc/avr/4.3.0/avr51\libgcc.a(_clz.o)
 .text          0x00001938       0x12 c:/winavr-20080610/bin/../lib/gcc/avr/4.3.0/../../../../avr/lib/avr51\libc.a(strcmp.o)
                0x00001938                strcmp
 .text          0x0000194a       0x58 c:/winavr-20080610/bin/../lib/gcc/avr/4.3.0/../../../../avr/lib/avr51\libc.a(fputc.o)
                0x0000194a                fputc
 .text          0x000019a2       0x52 c:/winavr-20080610/bin/../lib/gcc/avr/4.3.0/../../../../avr/lib/avr51\libc.a(fputs.o)
                0x000019a2                fputs
 .text          0x000019f4       0x26 c:/winavr-20080610/bin/../lib/gcc/avr/4.3.0/../../../../avr/lib/avr51\libc.a(fscanf.o)
                0x000019f4                fscanf
 .text          0x00001a1a        0x0 c:/winavr-20080610/bin/../lib/gcc/avr/4.3.0/../../../../avr/lib/avr51\libc.a(iob.o)
 .text          0x00001a1a       0x46 c:/winavr-20080610/bin/../lib/gcc/avr/4.3.0/../../../../avr/lib/avr51\libc.a(sprintf.o)
                0x00001a1a                sprintf
 .text          0x00001a60      0x3be c:/winavr-20080610/bin/../lib/gcc/avr/4.3.0/../../../../avr/lib/avr51\libc.a(vfprintf_std.o)
                0x00001a60                vfprintf
 .text          0x00001e1e      0x52a c:/winavr-20080610/bin/../lib/gcc/avr/4.3.0/../../../../avr/lib/avr51\libc.a(vfscanf_std.o)
                0x00002126                vfscanf
 .text          0x00002348        0x0 c:/winavr-20080610/bin/../lib/gcc/avr/4.3.0/../../../../avr/lib/avr51\libc.a(isspace.o)
 .text          0x00002348       0x16 c:/winavr-20080610/bin/../lib/gcc/avr/4.3.0/../../../../avr/lib/avr51\libc.a(strchr_P.o)
                0x00002348                strchr_P
 .text          0x0000235e       0x16 c:/winavr-20080610/bin/../lib/gcc/avr/4.3.0/../../../../avr/lib/avr51\libc.a(strnlen_P.o)
                0x0000235e                strnlen_P
 .text          0x00002374       0x16 c:/winavr-20080610/bin/../lib/gcc/avr/4.3.0/../../../../avr/lib/avr51\libc.a(strnlen.o)
                0x00002374                strnlen
 .text          0x0000238a       0x84 c:/winavr-20080610/bin/../lib/gcc/avr/4.3.0/../../../../avr/lib/avr51\libc.a(fgetc.o)
                0x0000238a                fgetc
 .text          0x0000240e       0x34 c:/winavr-20080610/bin/../lib/gcc/avr/4.3.0/../../../../avr/lib/avr51\libc.a(ungetc.o)
                0x0000240e                ungetc
 .text          0x00002442       0xbc c:/winavr-20080610/bin/../lib/gcc/avr/4.3.0/../../../../avr/lib/avr51\libc.a(ultoa_invert.o)
                0x00002442                __ultoa_invert
 .text          0x000024fe        0x0 c:/winavr-20080610/bin/../lib/gcc/avr/4.3.0/../../../../avr/lib/avr51\libc.a(cty_isfalse.o)
                0x000024fe                . = ALIGN (0x2)
 *(.text.*)
 .text.libgcc   0x000024fe       0x28 c:/winavr-20080610/bin/../lib/gcc/avr/4.3.0/avr51\libgcc.a(_udivmodhi4.o)
                0x000024fe                __udivmodhi4
 .text.libgcc   0x00002526       0x26 c:/winavr-20080610/bin/../lib/gcc/avr/4.3.0/avr51\libgcc.a(_divmodhi4.o)
                0x00002526                __divmodhi4
                0x00002526                _div
 .text.libgcc   0x0000254c        0x0 c:/winavr-20080610/bin/../lib/gcc/avr/4.3.0/avr51\libgcc.a(_exit.o)
 .text.libgcc   0x0000254c        0x0 c:/winavr-20080610/bin/../lib/gcc/avr/4.3.0/avr51\libgcc.a(_clear_bss.o)
 .text.libgcc   0x0000254c       0x38 c:/winavr-20080610/bin/../lib/gcc/avr/4.3.0/avr51\libgcc.a(_prologue.o)
                0x0000254c                __prologue_saves__
 .text.libgcc   0x00002584       0x36 c:/winavr-20080610/bin/../lib/gcc/avr/4.3.0/avr51\libgcc.a(_epilogue.o)
                0x00002584                __epilogue_restores__
 .text.ctype    0x000025ba       0x10 c:/winavr-20080610/bin/../lib/gcc/avr/4.3.0/../../../../avr/lib/avr51\libc.a(isspace.o)
                0x000025ba                isspace
 .text.ctype    0x000025ca        0x6 c:/winavr-20080610/bin/../lib/gcc/avr/4.3.0/../../../../avr/lib/avr51\libc.a(cty_isfalse.o)
                0x000025ce                __ctype_istrue
                0x000025ca                __ctype_isfalse
                0x000025d0                . = ALIGN (0x2)
 *(.fini9)
 .fini9         0x000025d0        0x0 c:/winavr-20080610/bin/../lib/gcc/avr/4.3.0/avr51\libgcc.a(_exit.o)
                0x000025d0                exit
                0x000025d0                _exit
 *(.fini9)
 *(.fini8)
 *(.fini8)
 *(.fini7)
 *(.fini7)
 *(.fini6)
 *(.fini6)
 *(.fini5)
 *(.fini5)
 *(.fini4)
 *(.fini4)
 *(.fini3)
 *(.fini3)
 *(.fini2)
 *(.fini2)
 *(.fini1)
 *(.fini1)
 *(.fini0)
 .fini0         0x000025d0        0x4 c:/winavr-20080610/bin/../lib/gcc/avr/4.3.0/avr51\libgcc.a(_exit.o)
 *(.fini0)
                0x000025d4                _etext = .

.data           0x00800100      0x1d6 load address 0x000025d4
                0x00800100                PROVIDE (__data_start, .)
 *(.data)
 .data          0x00800100        0x0 c:/winavr-20080610/bin/../lib/gcc/avr/4.3.0/../../../../avr/lib/avr51/crtm1284p.o
 .data          0x00800100       0xcd main.o
                0x008001bf                uart0
 .data          0x008001cd        0x0 c:/winavr-20080610/bin/../lib/gcc/avr/4.3.0/avr51\libgcc.a(_udivmodhi4.o)
 .data          0x008001cd        0x0 c:/winavr-20080610/bin/../lib/gcc/avr/4.3.0/avr51\libgcc.a(_divmodhi4.o)
 .data          0x008001cd        0x0 c:/winavr-20080610/bin/../lib/gcc/avr/4.3.0/avr51\libgcc.a(_exit.o)
 .data          0x008001cd        0x0 c:/winavr-20080610/bin/../lib/gcc/avr/4.3.0/avr51\libgcc.a(_clear_bss.o)
 .data          0x008001cd        0x0 c:/winavr-20080610/bin/../lib/gcc/avr/4.3.0/avr51\libgcc.a(_div_sf.o)
 .data          0x008001cd        0x0 c:/winavr-20080610/bin/../lib/gcc/avr/4.3.0/avr51\libgcc.a(_sf_to_si.o)
 .data          0x008001cd        0x8 c:/winavr-20080610/bin/../lib/gcc/avr/4.3.0/avr51\libgcc.a(_thenan_sf.o)
                0x008001cd                __thenan_sf
 .data          0x008001d5        0x0 c:/winavr-20080610/bin/../lib/gcc/avr/4.3.0/avr51\libgcc.a(_usi_to_sf.o)
 .data          0x008001d5        0x0 c:/winavr-20080610/bin/../lib/gcc/avr/4.3.0/avr51\libgcc.a(_prologue.o)
 .data          0x008001d5        0x0 c:/winavr-20080610/bin/../lib/gcc/avr/4.3.0/avr51\libgcc.a(_epilogue.o)
 .data          0x008001d5        0x0 c:/winavr-20080610/bin/../lib/gcc/avr/4.3.0/avr51\libgcc.a(_clzsi2.o)
 .data          0x008001d5        0x0 c:/winavr-20080610/bin/../lib/gcc/avr/4.3.0/avr51\libgcc.a(_pack_sf.o)
 .data          0x008001d5        0x0 c:/winavr-20080610/bin/../lib/gcc/avr/4.3.0/avr51\libgcc.a(_unpack_sf.o)
 .data          0x008001d5      0x100 c:/winavr-20080610/bin/../lib/gcc/avr/4.3.0/avr51\libgcc.a(_clz.o)
                0x008001d5                __clz_tab
 .data          0x008002d5        0x0 c:/winavr-20080610/bin/../lib/gcc/avr/4.3.0/../../../../avr/lib/avr51\libc.a(strcmp.o)
 .data          0x008002d5        0x0 c:/winavr-20080610/bin/../lib/gcc/avr/4.3.0/../../../../avr/lib/avr51\libc.a(fputc.o)
 .data          0x008002d5        0x0 c:/winavr-20080610/bin/../lib/gcc/avr/4.3.0/../../../../avr/lib/avr51\libc.a(fputs.o)
 .data          0x008002d5        0x0 c:/winavr-20080610/bin/../lib/gcc/avr/4.3.0/../../../../avr/lib/avr51\libc.a(fscanf.o)
 .data          0x008002d5        0x0 c:/winavr-20080610/bin/../lib/gcc/avr/4.3.0/../../../../avr/lib/avr51\libc.a(iob.o)
 .data          0x008002d5        0x0 c:/winavr-20080610/bin/../lib/gcc/avr/4.3.0/../../../../avr/lib/avr51\libc.a(sprintf.o)
 .data          0x008002d5        0x0 c:/winavr-20080610/bin/../lib/gcc/avr/4.3.0/../../../../avr/lib/avr51\libc.a(vfprintf_std.o)
 .data          0x008002d5        0x0 c:/winavr-20080610/bin/../lib/gcc/avr/4.3.0/../../../../avr/lib/avr51\libc.a(vfscanf_std.o)
 .data          0x008002d5        0x0 c:/winavr-20080610/bin/../lib/gcc/avr/4.3.0/../../../../avr/lib/avr51\libc.a(isspace.o)
 .data          0x008002d5        0x0 c:/winavr-20080610/bin/../lib/gcc/avr/4.3.0/../../../../avr/lib/avr51\libc.a(strchr_P.o)
 .data          0x008002d5        0x0 c:/winavr-20080610/bin/../lib/gcc/avr/4.3.0/../../../../avr/lib/avr51\libc.a(strnlen_P.o)
 .data          0x008002d5        0x0 c:/winavr-20080610/bin/../lib/gcc/avr/4.3.0/../../../../avr/lib/avr51\libc.a(strnlen.o)
 .data          0x008002d5        0x0 c:/winavr-20080610/bin/../lib/gcc/avr/4.3.0/../../../../avr/lib/avr51\libc.a(fgetc.o)
 .data          0x008002d5        0x0 c:/winavr-20080610/bin/../lib/gcc/avr/4.3.0/../../../../avr/lib/avr51\libc.a(ungetc.o)
 .data          0x008002d5        0x0 c:/winavr-20080610/bin/../lib/gcc/avr/4.3.0/../../../../avr/lib/avr51\libc.a(ultoa_invert.o)
 .data          0x008002d5        0x0 c:/winavr-20080610/bin/../lib/gcc/avr/4.3.0/../../../../avr/lib/avr51\libc.a(cty_isfalse.o)
 *(.data*)
 *(.rodata)
 *(.rodata*)
 *(.gnu.linkonce.d*)
                0x008002d6                . = ALIGN (0x2)
 *fill*         0x008002d5        0x1 00
                0x008002d6                _edata = .
                0x008002d6                PROVIDE (__data_end, .)

.bss            0x008002d6      0x184 load address 0x000027aa
                0x008002d6                PROVIDE (__bss_start, .)
 *(.bss)
 .bss           0x008002d6        0x0 c:/winavr-20080610/bin/../lib/gcc/avr/4.3.0/../../../../avr/lib/avr51/crtm1284p.o
 .bss           0x008002d6      0x11e main.o
 .bss           0x008003f4        0x0 c:/winavr-20080610/bin/../lib/gcc/avr/4.3.0/avr51\libgcc.a(_udivmodhi4.o)
 .bss           0x008003f4        0x0 c:/winavr-20080610/bin/../lib/gcc/avr/4.3.0/avr51\libgcc.a(_divmodhi4.o)
 .bss           0x008003f4        0x0 c:/winavr-20080610/bin/../lib/gcc/avr/4.3.0/avr51\libgcc.a(_exit.o)
 .bss           0x008003f4        0x0 c:/winavr-20080610/bin/../lib/gcc/avr/4.3.0/avr51\libgcc.a(_clear_bss.o)
 .bss           0x008003f4        0x0 c:/winavr-20080610/bin/../lib/gcc/avr/4.3.0/avr51\libgcc.a(_div_sf.o)
 .bss           0x008003f4        0x0 c:/winavr-20080610/bin/../lib/gcc/avr/4.3.0/avr51\libgcc.a(_sf_to_si.o)
 .bss           0x008003f4        0x0 c:/winavr-20080610/bin/../lib/gcc/avr/4.3.0/avr51\libgcc.a(_thenan_sf.o)
 .bss           0x008003f4        0x0 c:/winavr-20080610/bin/../lib/gcc/avr/4.3.0/avr51\libgcc.a(_usi_to_sf.o)
 .bss           0x008003f4        0x0 c:/winavr-20080610/bin/../lib/gcc/avr/4.3.0/avr51\libgcc.a(_prologue.o)
 .bss           0x008003f4        0x0 c:/winavr-20080610/bin/../lib/gcc/avr/4.3.0/avr51\libgcc.a(_epilogue.o)
 .bss           0x008003f4        0x0 c:/winavr-20080610/bin/../lib/gcc/avr/4.3.0/avr51\libgcc.a(_clzsi2.o)
 .bss           0x008003f4        0x0 c:/winavr-20080610/bin/../lib/gcc/avr/4.3.0/avr51\libgcc.a(_pack_sf.o)
 .bss           0x008003f4        0x0 c:/winavr-20080610/bin/../lib/gcc/avr/4.3.0/avr51\libgcc.a(_unpack_sf.o)
 .bss           0x008003f4        0x0 c:/winavr-20080610/bin/../lib/gcc/avr/4.3.0/avr51\libgcc.a(_clz.o)
 .bss           0x008003f4        0x0 c:/winavr-20080610/bin/../lib/gcc/avr/4.3.0/../../../../avr/lib/avr51\libc.a(strcmp.o)
 .bss           0x008003f4        0x0 c:/winavr-20080610/bin/../lib/gcc/avr/4.3.0/../../../../avr/lib/avr51\libc.a(fputc.o)
 .bss           0x008003f4        0x0 c:/winavr-20080610/bin/../lib/gcc/avr/4.3.0/../../../../avr/lib/avr51\libc.a(fputs.o)
 .bss           0x008003f4        0x0 c:/winavr-20080610/bin/../lib/gcc/avr/4.3.0/../../../../avr/lib/avr51\libc.a(fscanf.o)
 .bss           0x008003f4        0x0 c:/winavr-20080610/bin/../lib/gcc/avr/4.3.0/../../../../avr/lib/avr51\libc.a(iob.o)
 .bss           0x008003f4        0x0 c:/winavr-20080610/bin/../lib/gcc/avr/4.3.0/../../../../avr/lib/avr51\libc.a(sprintf.o)
 .bss           0x008003f4        0x0 c:/winavr-20080610/bin/../lib/gcc/avr/4.3.0/../../../../avr/lib/avr51\libc.a(vfprintf_std.o)
 .bss           0x008003f4        0x0 c:/winavr-20080610/bin/../lib/gcc/avr/4.3.0/../../../../avr/lib/avr51\libc.a(vfscanf_std.o)
 .bss           0x008003f4        0x0 c:/winavr-20080610/bin/../lib/gcc/avr/4.3.0/../../../../avr/lib/avr51\libc.a(isspace.o)
 .bss           0x008003f4        0x0 c:/winavr-20080610/bin/../lib/gcc/avr/4.3.0/../../../../avr/lib/avr51\libc.a(strchr_P.o)
 .bss           0x008003f4        0x0 c:/winavr-20080610/bin/../lib/gcc/avr/4.3.0/../../../../avr/lib/avr51\libc.a(strnlen_P.o)
 .bss           0x008003f4        0x0 c:/winavr-20080610/bin/../lib/gcc/avr/4.3.0/../../../../avr/lib/avr51\libc.a(strnlen.o)
 .bss           0x008003f4        0x0 c:/winavr-20080610/bin/../lib/gcc/avr/4.3.0/../../../../avr/lib/avr51\libc.a(fgetc.o)
 .bss           0x008003f4        0x0 c:/winavr-20080610/bin/../lib/gcc/avr/4.3.0/../../../../avr/lib/avr51\libc.a(ungetc.o)
 .bss           0x008003f4        0x0 c:/winavr-20080610/bin/../lib/gcc/avr/4.3.0/../../../../avr/lib/avr51\libc.a(ultoa_invert.o)
 .bss           0x008003f4        0x0 c:/winavr-20080610/bin/../lib/gcc/avr/4.3.0/../../../../avr/lib/avr51\libc.a(cty_isfalse.o)
 *(.bss*)
 *(COMMON)
 COMMON         0x008003f4       0x60 main.o
                0x008003f4                args
                0x008003f8                msec
                0x008003fa                count_en
                0x008003fc                dTemp
                0x008003fe                lcd_buffer
                0x0080040f                time_rem
                0x00800411                kernel
                0x00800451                trt_rx_c
                0x00800452                cTemp
 COMMON         0x00800454        0x6 c:/winavr-20080610/bin/../lib/gcc/avr/4.3.0/../../../../avr/lib/avr51\libc.a(iob.o)
                0x00800454                __iob
                0x0080045a                PROVIDE (__bss_end, .)
                0x000025d4                __data_load_start = LOADADDR (.data)
                0x000027aa                __data_load_end = (__data_load_start + SIZEOF (.data))

.noinit         0x0080045a        0x0
                0x0080045a                PROVIDE (__noinit_start, .)
 *(.noinit*)
                0x0080045a                PROVIDE (__noinit_end, .)
                0x0080045a                _end = .
                0x0080045a                PROVIDE (__heap_start, .)

.eeprom         0x00810000        0x0
 *(.eeprom*)
                0x00810000                __eeprom_end = .

.fuse
 *(.fuse)
 *(.lfuse)
 *(.hfuse)
 *(.efuse)

.lock
 *(.lock*)

.signature
 *(.signature*)

.stab
 *(.stab)

.stabstr
 *(.stabstr)

.stab.excl
 *(.stab.excl)

.stab.exclstr
 *(.stab.exclstr)

.stab.index
 *(.stab.index)

.stab.indexstr
 *(.stab.indexstr)

.comment
 *(.comment)

.debug
 *(.debug)

.line
 *(.line)

.debug_srcinfo
 *(.debug_srcinfo)

.debug_sfnames
 *(.debug_sfnames)

.debug_aranges  0x00000000       0x20
 *(.debug_aranges)
 .debug_aranges
                0x00000000       0x20 main.o

.debug_pubnames
                0x00000000      0x381
 *(.debug_pubnames)
 .debug_pubnames
                0x00000000      0x381 main.o

.debug_info     0x00000000     0x1246
 *(.debug_info)
 .debug_info    0x00000000     0x1246 main.o
 *(.gnu.linkonce.wi.*)

.debug_abbrev   0x00000000      0x368
 *(.debug_abbrev)
 .debug_abbrev  0x00000000      0x368 main.o

.debug_line     0x00000000     0x106a
 *(.debug_line)
 .debug_line    0x00000000     0x106a main.o

.debug_frame    0x00000000      0x2e0
 *(.debug_frame)
 .debug_frame   0x00000000      0x2e0 main.o

.debug_str      0x00000000      0x4b1
 *(.debug_str)
 .debug_str     0x00000000      0x4b1 main.o
                                0x514 (size before relaxing)

.debug_loc      0x00000000      0xc4d
 *(.debug_loc)
 .debug_loc     0x00000000      0xc4d main.o

.debug_macinfo
 *(.debug_macinfo)
OUTPUT(Lab5.elf elf32-avr)
LOAD linker stubs
