Archive member included because of file (symbol)

c:/winavr-20100110/bin/../lib/gcc/avr/4.3.3/avr51\libgcc.a(_udivmodhi4.o)
                              main.o (__udivmodhi4)
c:/winavr-20100110/bin/../lib/gcc/avr/4.3.3/avr51\libgcc.a(_divmodhi4.o)
                              main.o (__divmodhi4)
c:/winavr-20100110/bin/../lib/gcc/avr/4.3.3/avr51\libgcc.a(_exit.o)
                              c:/winavr-20100110/bin/../lib/gcc/avr/4.3.3/../../../../avr/lib/avr51/crtm1284p.o (exit)
c:/winavr-20100110/bin/../lib/gcc/avr/4.3.3/avr51\libgcc.a(_clear_bss.o)
                              main.o (__do_clear_bss)
c:/winavr-20100110/bin/../lib/gcc/avr/4.3.3/avr51\libgcc.a(_div_sf.o)
                              main.o (__divsf3)
c:/winavr-20100110/bin/../lib/gcc/avr/4.3.3/avr51\libgcc.a(_sf_to_si.o)
                              main.o (__fixsfsi)
c:/winavr-20100110/bin/../lib/gcc/avr/4.3.3/avr51\libgcc.a(_thenan_sf.o)
                              c:/winavr-20100110/bin/../lib/gcc/avr/4.3.3/avr51\libgcc.a(_div_sf.o) (__thenan_sf)
c:/winavr-20100110/bin/../lib/gcc/avr/4.3.3/avr51\libgcc.a(_usi_to_sf.o)
                              main.o (__floatunsisf)
c:/winavr-20100110/bin/../lib/gcc/avr/4.3.3/avr51\libgcc.a(_prologue.o)
                              c:/winavr-20100110/bin/../lib/gcc/avr/4.3.3/avr51\libgcc.a(_div_sf.o) (__prologue_saves__)
c:/winavr-20100110/bin/../lib/gcc/avr/4.3.3/avr51\libgcc.a(_epilogue.o)
                              c:/winavr-20100110/bin/../lib/gcc/avr/4.3.3/avr51\libgcc.a(_div_sf.o) (__epilogue_restores__)
c:/winavr-20100110/bin/../lib/gcc/avr/4.3.3/avr51\libgcc.a(_clzsi2.o)
                              c:/winavr-20100110/bin/../lib/gcc/avr/4.3.3/avr51\libgcc.a(_usi_to_sf.o) (__clzsi2)
c:/winavr-20100110/bin/../lib/gcc/avr/4.3.3/avr51\libgcc.a(_pack_sf.o)
                              c:/winavr-20100110/bin/../lib/gcc/avr/4.3.3/avr51\libgcc.a(_div_sf.o) (__pack_f)
c:/winavr-20100110/bin/../lib/gcc/avr/4.3.3/avr51\libgcc.a(_unpack_sf.o)
                              c:/winavr-20100110/bin/../lib/gcc/avr/4.3.3/avr51\libgcc.a(_div_sf.o) (__unpack_f)
c:/winavr-20100110/bin/../lib/gcc/avr/4.3.3/avr51\libgcc.a(_clz.o)
                              c:/winavr-20100110/bin/../lib/gcc/avr/4.3.3/avr51\libgcc.a(_clzsi2.o) (__clz_tab)
c:/winavr-20100110/bin/../lib/gcc/avr/4.3.3/../../../../avr/lib/avr51\libc.a(strcmp.o)
                              main.o (strcmp)
c:/winavr-20100110/bin/../lib/gcc/avr/4.3.3/../../../../avr/lib/avr51\libc.a(fputc.o)
                              main.o (fputc)
c:/winavr-20100110/bin/../lib/gcc/avr/4.3.3/../../../../avr/lib/avr51\libc.a(fputs.o)
                              main.o (fputs)
c:/winavr-20100110/bin/../lib/gcc/avr/4.3.3/../../../../avr/lib/avr51\libc.a(fscanf.o)
                              main.o (fscanf)
c:/winavr-20100110/bin/../lib/gcc/avr/4.3.3/../../../../avr/lib/avr51\libc.a(iob.o)
                              main.o (__iob)
c:/winavr-20100110/bin/../lib/gcc/avr/4.3.3/../../../../avr/lib/avr51\libc.a(sprintf.o)
                              main.o (sprintf)
c:/winavr-20100110/bin/../lib/gcc/avr/4.3.3/../../../../avr/lib/avr51\libc.a(vfprintf_std.o)
                              c:/winavr-20100110/bin/../lib/gcc/avr/4.3.3/../../../../avr/lib/avr51\libc.a(sprintf.o) (vfprintf)
c:/winavr-20100110/bin/../lib/gcc/avr/4.3.3/../../../../avr/lib/avr51\libc.a(vfscanf_std.o)
                              c:/winavr-20100110/bin/../lib/gcc/avr/4.3.3/../../../../avr/lib/avr51\libc.a(fscanf.o) (vfscanf)
c:/winavr-20100110/bin/../lib/gcc/avr/4.3.3/../../../../avr/lib/avr51\libc.a(isspace.o)
                              c:/winavr-20100110/bin/../lib/gcc/avr/4.3.3/../../../../avr/lib/avr51\libc.a(vfscanf_std.o) (isspace)
c:/winavr-20100110/bin/../lib/gcc/avr/4.3.3/../../../../avr/lib/avr51\libc.a(strchr_P.o)
                              c:/winavr-20100110/bin/../lib/gcc/avr/4.3.3/../../../../avr/lib/avr51\libc.a(vfscanf_std.o) (strchr_P)
c:/winavr-20100110/bin/../lib/gcc/avr/4.3.3/../../../../avr/lib/avr51\libc.a(strnlen_P.o)
                              c:/winavr-20100110/bin/../lib/gcc/avr/4.3.3/../../../../avr/lib/avr51\libc.a(vfprintf_std.o) (strnlen_P)
c:/winavr-20100110/bin/../lib/gcc/avr/4.3.3/../../../../avr/lib/avr51\libc.a(strnlen.o)
                              c:/winavr-20100110/bin/../lib/gcc/avr/4.3.3/../../../../avr/lib/avr51\libc.a(vfprintf_std.o) (strnlen)
c:/winavr-20100110/bin/../lib/gcc/avr/4.3.3/../../../../avr/lib/avr51\libc.a(fgetc.o)
                              c:/winavr-20100110/bin/../lib/gcc/avr/4.3.3/../../../../avr/lib/avr51\libc.a(vfscanf_std.o) (fgetc)
c:/winavr-20100110/bin/../lib/gcc/avr/4.3.3/../../../../avr/lib/avr51\libc.a(ungetc.o)
                              c:/winavr-20100110/bin/../lib/gcc/avr/4.3.3/../../../../avr/lib/avr51\libc.a(vfscanf_std.o) (ungetc)
c:/winavr-20100110/bin/../lib/gcc/avr/4.3.3/../../../../avr/lib/avr51\libc.a(ultoa_invert.o)
                              c:/winavr-20100110/bin/../lib/gcc/avr/4.3.3/../../../../avr/lib/avr51\libc.a(vfprintf_std.o) (__ultoa_invert)
c:/winavr-20100110/bin/../lib/gcc/avr/4.3.3/../../../../avr/lib/avr51\libc.a(cty_isfalse.o)
                              c:/winavr-20100110/bin/../lib/gcc/avr/4.3.3/../../../../avr/lib/avr51\libc.a(isspace.o) (__ctype_isfalse)

Allocating common symbols
Common symbol       size              file

args                0x4               main.o
msec                0x2               main.o
count_en            0x2               main.o
dTemp               0x2               main.o
lcd_buffer          0x11              main.o
time_rem            0x2               main.o
kernel              0x40              main.o
trt_rx_c            0x1               main.o
__iob               0x6               c:/winavr-20100110/bin/../lib/gcc/avr/4.3.3/../../../../avr/lib/avr51\libc.a(iob.o)
cTemp               0x2               main.o

Memory Configuration

Name             Origin             Length             Attributes
text             0x00000000         0x00020000         xr
data             0x00800060         0x0000ffa0         rw !x
eeprom           0x00810000         0x00010000         rw !x
fuse             0x00820000         0x00000400         rw !x
lock             0x00830000         0x00000400         rw !x
signature        0x00840000         0x00000400         rw !x
*default*        0x00000000         0xffffffff

Linker script and memory map

Address of section .data set to 0x800100
LOAD c:/winavr-20100110/bin/../lib/gcc/avr/4.3.3/../../../../avr/lib/avr51/crtm1284p.o
LOAD main.o
LOAD c:/winavr-20100110/bin/../lib/gcc/avr/4.3.3/avr51\libgcc.a
LOAD c:/winavr-20100110/bin/../lib/gcc/avr/4.3.3/../../../../avr/lib/avr51\libc.a
LOAD c:/winavr-20100110/bin/../lib/gcc/avr/4.3.3/avr51\libgcc.a

.hash
 *(.hash)

.dynsym
 *(.dynsym)

.dynstr
 *(.dynstr)

.gnu.version
 *(.gnu.version)

.gnu.version_d
 *(.gnu.version_d)

.gnu.version_r
 *(.gnu.version_r)

.rel.init
 *(.rel.init)

.rela.init
 *(.rela.init)

.rel.text
 *(.rel.text)
 *(.rel.text.*)
 *(.rel.gnu.linkonce.t*)

.rela.text
 *(.rela.text)
 *(.rela.text.*)
 *(.rela.gnu.linkonce.t*)

.rel.fini
 *(.rel.fini)

.rela.fini
 *(.rela.fini)

.rel.rodata
 *(.rel.rodata)
 *(.rel.rodata.*)
 *(.rel.gnu.linkonce.r*)

.rela.rodata
 *(.rela.rodata)
 *(.rela.rodata.*)
 *(.rela.gnu.linkonce.r*)

.rel.data
 *(.rel.data)
 *(.rel.data.*)
 *(.rel.gnu.linkonce.d*)

.rela.data
 *(.rela.data)
 *(.rela.data.*)
 *(.rela.gnu.linkonce.d*)

.rel.ctors
 *(.rel.ctors)

.rela.ctors
 *(.rela.ctors)

.rel.dtors
 *(.rel.dtors)

.rela.dtors
 *(.rela.dtors)

.rel.got
 *(.rel.got)

.rela.got
 *(.rela.got)

.rel.bss
 *(.rel.bss)

.rela.bss
 *(.rela.bss)

.rel.plt
 *(.rel.plt)

.rela.plt
 *(.rela.plt)

.text           0x00000000     0x266e
 *(.vectors)
 .vectors       0x00000000       0x8c c:/winavr-20100110/bin/../lib/gcc/avr/4.3.3/../../../../avr/lib/avr51/crtm1284p.o
                0x00000000                __vectors
                0x00000000                __vector_default
 *(.vectors)
 *(.progmem.gcc*)
 *(.progmem*)
 .progmem.data  0x0000008c       0x54 main.o
                0x000000cc                LCD_line1
                0x000000d6                LCD_line2
                0x0000008c                LcdCustomChar
 .progmem.data  0x000000e0        0xc c:/winavr-20100110/bin/../lib/gcc/avr/4.3.3/../../../../avr/lib/avr51\libc.a(vfscanf_std.o)
                0x000000ec                . = ALIGN (0x2)
                0x000000ec                __trampolines_start = .
 *(.trampolines)
 .trampolines   0x000000ec        0x0 linker stubs
 *(.trampolines*)
                0x000000ec                __trampolines_end = .
 *(.jumptables)
 *(.jumptables*)
 *(.lowtext)
 *(.lowtext*)
                0x000000ec                __ctors_start = .
 *(.ctors)
                0x000000ec                __ctors_end = .
                0x000000ec                __dtors_start = .
 *(.dtors)
                0x000000ec                __dtors_end = .
 SORT(*)(.ctors)
 SORT(*)(.dtors)
 *(.init0)
 .init0         0x000000ec        0x0 c:/winavr-20100110/bin/../lib/gcc/avr/4.3.3/../../../../avr/lib/avr51/crtm1284p.o
                0x000000ec                __init
 *(.init0)
 *(.init1)
 *(.init1)
 *(.init2)
 .init2         0x000000ec        0xc c:/winavr-20100110/bin/../lib/gcc/avr/4.3.3/../../../../avr/lib/avr51/crtm1284p.o
 *(.init2)
 *(.init3)
 *(.init3)
 *(.init4)
 .init4         0x000000f8       0x1a c:/winavr-20100110/bin/../lib/gcc/avr/4.3.3/../../../../avr/lib/avr51/crtm1284p.o
                0x000000f8                __do_copy_data
 .init4         0x00000112       0x10 c:/winavr-20100110/bin/../lib/gcc/avr/4.3.3/avr51\libgcc.a(_clear_bss.o)
                0x00000112                __do_clear_bss
 *(.init4)
 *(.init5)
 *(.init5)
 *(.init6)
 *(.init6)
 *(.init7)
 *(.init7)
 *(.init8)
 *(.init8)
 *(.init9)
 .init9         0x00000122        0x8 c:/winavr-20100110/bin/../lib/gcc/avr/4.3.3/../../../../avr/lib/avr51/crtm1284p.o
 *(.init9)
 *(.text)
 .text          0x0000012a        0x4 c:/winavr-20100110/bin/../lib/gcc/avr/4.3.3/../../../../avr/lib/avr51/crtm1284p.o
                0x0000012a                __vector_22
                0x0000012a                __vector_28
                0x0000012a                __vector_1
                0x0000012a                __vector_32
                0x0000012a                __vector_34
                0x0000012a                __vector_24
                0x0000012a                __vector_12
                0x0000012a                __bad_interrupt
                0x0000012a                __vector_6
                0x0000012a                __vector_31
                0x0000012a                __vector_3
                0x0000012a                __vector_23
                0x0000012a                __vector_30
                0x0000012a                __vector_25
                0x0000012a                __vector_11
                0x0000012a                __vector_17
                0x0000012a                __vector_19
                0x0000012a                __vector_7
                0x0000012a                __vector_27
                0x0000012a                __vector_5
                0x0000012a                __vector_33
                0x0000012a                __vector_4
                0x0000012a                __vector_9
                0x0000012a                __vector_2
                0x0000012a                __vector_15
                0x0000012a                __vector_29
                0x0000012a                __vector_8
                0x0000012a                __vector_26
                0x0000012a                __vector_14
                0x0000012a                __vector_10
                0x0000012a                __vector_18
 .text          0x0000012e     0x1196 main.o
                0x00000d0a                read_adc
                0x00000b32                LCDinit
                0x00000c1a                LCDcursorLeft
                0x00000c02                LCDcursorOFF
                0x000005e6                trtCurrentTime
                0x00001054                lcdComm
                0x00000bf2                LCDcursorOn
                0x000006ea                trt_uart_init
                0x00000616                trtSleepUntil
                0x00000a2a                LCDsendCommand
                0x000004fe                trtWait
                0x0000053e                trtSignal
                0x00000bd6                LCDshiftRight
                0x00000432                trtCreateTask
                0x00000852                uart_getchar
                0x0000012e                __vector_13
                0x00000c36                LCDcursorRight
                0x00000aea                LCDdefinechar
                0x00000bba                LCDshiftLeft
                0x000006d0                trtAccept
                0x000009e8                LCDsendChar
                0x00000676                trtGetDeadline
                0x00000e7a                adjustTemp
                0x00000dba                main
                0x00000c12                LCDvisible
                0x00000a6c                LCDhome
                0x00000642                trtGetRelease
                0x00000abc                CopyStringtoLCD
                0x000004ee                trtCreateSemaphore
                0x00000ce8                adc_init
                0x00000710                __vector_21
                0x00000c52                LCDprogressBar
                0x00000bfa                LCDcursorOnBlink
                0x00000a9e                LCDGotoXY
                0x000006aa                trtTerminate
                0x00000d3c                initialize
                0x00000a64                LCDclr
                0x000003b6                trtInitKernel
                0x00000a74                LCDstring
                0x00000cd2                init_lcd
                0x00001184                serialComm
                0x00000f82                __vector_16
                0x00000c0a                LCDblank
                0x000007f8                __vector_20
                0x000007a0                uart_putchar
 .text          0x000012c4        0x0 c:/winavr-20100110/bin/../lib/gcc/avr/4.3.3/avr51\libgcc.a(_udivmodhi4.o)
 .text          0x000012c4        0x0 c:/winavr-20100110/bin/../lib/gcc/avr/4.3.3/avr51\libgcc.a(_divmodhi4.o)
 .text          0x000012c4        0x0 c:/winavr-20100110/bin/../lib/gcc/avr/4.3.3/avr51\libgcc.a(_exit.o)
 .text          0x000012c4        0x0 c:/winavr-20100110/bin/../lib/gcc/avr/4.3.3/avr51\libgcc.a(_clear_bss.o)
 .text          0x000012c4      0x158 c:/winavr-20100110/bin/../lib/gcc/avr/4.3.3/avr51\libgcc.a(_div_sf.o)
                0x000012c4                __divsf3
 .text          0x0000141c       0xa8 c:/winavr-20100110/bin/../lib/gcc/avr/4.3.3/avr51\libgcc.a(_sf_to_si.o)
                0x0000141c                __fixsfsi
 .text          0x000014c4        0x0 c:/winavr-20100110/bin/../lib/gcc/avr/4.3.3/avr51\libgcc.a(_thenan_sf.o)
 .text          0x000014c4       0xf2 c:/winavr-20100110/bin/../lib/gcc/avr/4.3.3/avr51\libgcc.a(_usi_to_sf.o)
                0x000014c4                __floatunsisf
 .text          0x000015b6        0x0 c:/winavr-20100110/bin/../lib/gcc/avr/4.3.3/avr51\libgcc.a(_prologue.o)
 .text          0x000015b6        0x0 c:/winavr-20100110/bin/../lib/gcc/avr/4.3.3/avr51\libgcc.a(_epilogue.o)
 .text          0x000015b6       0x9e c:/winavr-20100110/bin/../lib/gcc/avr/4.3.3/avr51\libgcc.a(_clzsi2.o)
                0x000015b6                __clzsi2
 .text          0x00001654      0x1aa c:/winavr-20100110/bin/../lib/gcc/avr/4.3.3/avr51\libgcc.a(_pack_sf.o)
                0x00001654                __pack_f
 .text          0x000017fe       0xf0 c:/winavr-20100110/bin/../lib/gcc/avr/4.3.3/avr51\libgcc.a(_unpack_sf.o)
                0x000017fe                __unpack_f
 .text          0x000018ee        0x0 c:/winavr-20100110/bin/../lib/gcc/avr/4.3.3/avr51\libgcc.a(_clz.o)
 .text          0x000018ee        0x0 c:/winavr-20100110/bin/../lib/gcc/avr/4.3.3/../../../../avr/lib/avr51\libc.a(strcmp.o)
 .text          0x000018ee        0x0 c:/winavr-20100110/bin/../lib/gcc/avr/4.3.3/../../../../avr/lib/avr51\libc.a(fputc.o)
 .text          0x000018ee        0x0 c:/winavr-20100110/bin/../lib/gcc/avr/4.3.3/../../../../avr/lib/avr51\libc.a(fputs.o)
 .text          0x000018ee        0x0 c:/winavr-20100110/bin/../lib/gcc/avr/4.3.3/../../../../avr/lib/avr51\libc.a(fscanf.o)
 .text          0x000018ee        0x0 c:/winavr-20100110/bin/../lib/gcc/avr/4.3.3/../../../../avr/lib/avr51\libc.a(iob.o)
 .text          0x000018ee        0x0 c:/winavr-20100110/bin/../lib/gcc/avr/4.3.3/../../../../avr/lib/avr51\libc.a(sprintf.o)
 .text          0x000018ee        0x0 c:/winavr-20100110/bin/../lib/gcc/avr/4.3.3/../../../../avr/lib/avr51\libc.a(vfprintf_std.o)
 .text          0x000018ee        0x0 c:/winavr-20100110/bin/../lib/gcc/avr/4.3.3/../../../../avr/lib/avr51\libc.a(vfscanf_std.o)
 .text          0x000018ee        0x0 c:/winavr-20100110/bin/../lib/gcc/avr/4.3.3/../../../../avr/lib/avr51\libc.a(isspace.o)
 .text          0x000018ee        0x0 c:/winavr-20100110/bin/../lib/gcc/avr/4.3.3/../../../../avr/lib/avr51\libc.a(strchr_P.o)
 .text          0x000018ee        0x0 c:/winavr-20100110/bin/../lib/gcc/avr/4.3.3/../../../../avr/lib/avr51\libc.a(strnlen_P.o)
 .text          0x000018ee        0x0 c:/winavr-20100110/bin/../lib/gcc/avr/4.3.3/../../../../avr/lib/avr51\libc.a(strnlen.o)
 .text          0x000018ee        0x0 c:/winavr-20100110/bin/../lib/gcc/avr/4.3.3/../../../../avr/lib/avr51\libc.a(fgetc.o)
 .text          0x000018ee        0x0 c:/winavr-20100110/bin/../lib/gcc/avr/4.3.3/../../../../avr/lib/avr51\libc.a(ungetc.o)
 .text          0x000018ee        0x0 c:/winavr-20100110/bin/../lib/gcc/avr/4.3.3/../../../../avr/lib/avr51\libc.a(ultoa_invert.o)
 .text          0x000018ee        0x0 c:/winavr-20100110/bin/../lib/gcc/avr/4.3.3/../../../../avr/lib/avr51\libc.a(cty_isfalse.o)
                0x000018ee                . = ALIGN (0x2)
 *(.text.*)
 .text.libgcc   0x000018ee       0x28 c:/winavr-20100110/bin/../lib/gcc/avr/4.3.3/avr51\libgcc.a(_udivmodhi4.o)
                0x000018ee                __udivmodhi4
 .text.libgcc   0x00001916       0x26 c:/winavr-20100110/bin/../lib/gcc/avr/4.3.3/avr51\libgcc.a(_divmodhi4.o)
                0x00001916                __divmodhi4
                0x00001916                _div
 .text.libgcc   0x0000193c        0x0 c:/winavr-20100110/bin/../lib/gcc/avr/4.3.3/avr51\libgcc.a(_exit.o)
 .text.libgcc   0x0000193c        0x0 c:/winavr-20100110/bin/../lib/gcc/avr/4.3.3/avr51\libgcc.a(_clear_bss.o)
 .text.libgcc   0x0000193c       0x38 c:/winavr-20100110/bin/../lib/gcc/avr/4.3.3/avr51\libgcc.a(_prologue.o)
                0x0000193c                __prologue_saves__
 .text.libgcc   0x00001974       0x36 c:/winavr-20100110/bin/../lib/gcc/avr/4.3.3/avr51\libgcc.a(_epilogue.o)
                0x00001974                __epilogue_restores__
 .text.avr-libc
                0x000019aa       0x12 c:/winavr-20100110/bin/../lib/gcc/avr/4.3.3/../../../../avr/lib/avr51\libc.a(strcmp.o)
                0x000019aa                strcmp
 .text.avr-libc
                0x000019bc       0x58 c:/winavr-20100110/bin/../lib/gcc/avr/4.3.3/../../../../avr/lib/avr51\libc.a(fputc.o)
                0x000019bc                fputc
 .text.avr-libc
                0x00001a14       0x56 c:/winavr-20100110/bin/../lib/gcc/avr/4.3.3/../../../../avr/lib/avr51\libc.a(fputs.o)
                0x00001a14                fputs
 .text.avr-libc
                0x00001a6a       0x22 c:/winavr-20100110/bin/../lib/gcc/avr/4.3.3/../../../../avr/lib/avr51\libc.a(fscanf.o)
                0x00001a6a                fscanf
 .text.avr-libc
                0x00001a8c       0x62 c:/winavr-20100110/bin/../lib/gcc/avr/4.3.3/../../../../avr/lib/avr51\libc.a(sprintf.o)
                0x00001a8c                sprintf
 .text.avr-libc
                0x00001aee      0x40c c:/winavr-20100110/bin/../lib/gcc/avr/4.3.3/../../../../avr/lib/avr51\libc.a(vfprintf_std.o)
                0x00001aee                vfprintf
 .text.avr-libc
                0x00001efa      0x5a4 c:/winavr-20100110/bin/../lib/gcc/avr/4.3.3/../../../../avr/lib/avr51\libc.a(vfscanf_std.o)
                0x00002258                vfscanf
 .text.avr-libc
                0x0000249e       0x10 c:/winavr-20100110/bin/../lib/gcc/avr/4.3.3/../../../../avr/lib/avr51\libc.a(isspace.o)
                0x0000249e                isspace
 .text.avr-libc
                0x000024ae       0x16 c:/winavr-20100110/bin/../lib/gcc/avr/4.3.3/../../../../avr/lib/avr51\libc.a(strchr_P.o)
                0x000024ae                strchr_P
 .text.avr-libc
                0x000024c4       0x16 c:/winavr-20100110/bin/../lib/gcc/avr/4.3.3/../../../../avr/lib/avr51\libc.a(strnlen_P.o)
                0x000024c4                strnlen_P
 .text.avr-libc
                0x000024da       0x16 c:/winavr-20100110/bin/../lib/gcc/avr/4.3.3/../../../../avr/lib/avr51\libc.a(strnlen.o)
                0x000024da                strnlen
 .text.avr-libc
                0x000024f0       0x84 c:/winavr-20100110/bin/../lib/gcc/avr/4.3.3/../../../../avr/lib/avr51\libc.a(fgetc.o)
                0x000024f0                fgetc
 .text.avr-libc
                0x00002574       0x34 c:/winavr-20100110/bin/../lib/gcc/avr/4.3.3/../../../../avr/lib/avr51\libc.a(ungetc.o)
                0x00002574                ungetc
 .text.avr-libc
                0x000025a8       0xbc c:/winavr-20100110/bin/../lib/gcc/avr/4.3.3/../../../../avr/lib/avr51\libc.a(ultoa_invert.o)
                0x000025a8                __ultoa_invert
 .text.avr-libc
                0x00002664        0x6 c:/winavr-20100110/bin/../lib/gcc/avr/4.3.3/../../../../avr/lib/avr51\libc.a(cty_isfalse.o)
                0x00002668                __ctype_istrue
                0x00002664                __ctype_isfalse
                0x0000266a                . = ALIGN (0x2)
 *(.fini9)
 .fini9         0x0000266a        0x0 c:/winavr-20100110/bin/../lib/gcc/avr/4.3.3/avr51\libgcc.a(_exit.o)
                0x0000266a                exit
                0x0000266a                _exit
 *(.fini9)
 *(.fini8)
 *(.fini8)
 *(.fini7)
 *(.fini7)
 *(.fini6)
 *(.fini6)
 *(.fini5)
 *(.fini5)
 *(.fini4)
 *(.fini4)
 *(.fini3)
 *(.fini3)
 *(.fini2)
 *(.fini2)
 *(.fini1)
 *(.fini1)
 *(.fini0)
 .fini0         0x0000266a        0x4 c:/winavr-20100110/bin/../lib/gcc/avr/4.3.3/avr51\libgcc.a(_exit.o)
 *(.fini0)
                0x0000266e                _etext = .

.data           0x00800100      0x222 load address 0x0000266e
                0x00800100                PROVIDE (__data_start, .)
 *(.data)
 .data          0x00800100        0x0 c:/winavr-20100110/bin/../lib/gcc/avr/4.3.3/../../../../avr/lib/avr51/crtm1284p.o
 .data          0x00800100      0x119 main.o
                0x0080020b                uart0
 .data          0x00800219        0x0 c:/winavr-20100110/bin/../lib/gcc/avr/4.3.3/avr51\libgcc.a(_udivmodhi4.o)
 .data          0x00800219        0x0 c:/winavr-20100110/bin/../lib/gcc/avr/4.3.3/avr51\libgcc.a(_divmodhi4.o)
 .data          0x00800219        0x0 c:/winavr-20100110/bin/../lib/gcc/avr/4.3.3/avr51\libgcc.a(_exit.o)
 .data          0x00800219        0x0 c:/winavr-20100110/bin/../lib/gcc/avr/4.3.3/avr51\libgcc.a(_clear_bss.o)
 .data          0x00800219        0x0 c:/winavr-20100110/bin/../lib/gcc/avr/4.3.3/avr51\libgcc.a(_div_sf.o)
 .data          0x00800219        0x0 c:/winavr-20100110/bin/../lib/gcc/avr/4.3.3/avr51\libgcc.a(_sf_to_si.o)
 .data          0x00800219        0x8 c:/winavr-20100110/bin/../lib/gcc/avr/4.3.3/avr51\libgcc.a(_thenan_sf.o)
                0x00800219                __thenan_sf
 .data          0x00800221        0x0 c:/winavr-20100110/bin/../lib/gcc/avr/4.3.3/avr51\libgcc.a(_usi_to_sf.o)
 .data          0x00800221        0x0 c:/winavr-20100110/bin/../lib/gcc/avr/4.3.3/avr51\libgcc.a(_prologue.o)
 .data          0x00800221        0x0 c:/winavr-20100110/bin/../lib/gcc/avr/4.3.3/avr51\libgcc.a(_epilogue.o)
 .data          0x00800221        0x0 c:/winavr-20100110/bin/../lib/gcc/avr/4.3.3/avr51\libgcc.a(_clzsi2.o)
 .data          0x00800221        0x0 c:/winavr-20100110/bin/../lib/gcc/avr/4.3.3/avr51\libgcc.a(_pack_sf.o)
 .data          0x00800221        0x0 c:/winavr-20100110/bin/../lib/gcc/avr/4.3.3/avr51\libgcc.a(_unpack_sf.o)
 .data          0x00800221      0x100 c:/winavr-20100110/bin/../lib/gcc/avr/4.3.3/avr51\libgcc.a(_clz.o)
                0x00800221                __clz_tab
 .data          0x00800321        0x0 c:/winavr-20100110/bin/../lib/gcc/avr/4.3.3/../../../../avr/lib/avr51\libc.a(strcmp.o)
 .data          0x00800321        0x0 c:/winavr-20100110/bin/../lib/gcc/avr/4.3.3/../../../../avr/lib/avr51\libc.a(fputc.o)
 .data          0x00800321        0x0 c:/winavr-20100110/bin/../lib/gcc/avr/4.3.3/../../../../avr/lib/avr51\libc.a(fputs.o)
 .data          0x00800321        0x0 c:/winavr-20100110/bin/../lib/gcc/avr/4.3.3/../../../../avr/lib/avr51\libc.a(fscanf.o)
 .data          0x00800321        0x0 c:/winavr-20100110/bin/../lib/gcc/avr/4.3.3/../../../../avr/lib/avr51\libc.a(iob.o)
 .data          0x00800321        0x0 c:/winavr-20100110/bin/../lib/gcc/avr/4.3.3/../../../../avr/lib/avr51\libc.a(sprintf.o)
 .data          0x00800321        0x0 c:/winavr-20100110/bin/../lib/gcc/avr/4.3.3/../../../../avr/lib/avr51\libc.a(vfprintf_std.o)
 .data          0x00800321        0x0 c:/winavr-20100110/bin/../lib/gcc/avr/4.3.3/../../../../avr/lib/avr51\libc.a(vfscanf_std.o)
 .data          0x00800321        0x0 c:/winavr-20100110/bin/../lib/gcc/avr/4.3.3/../../../../avr/lib/avr51\libc.a(isspace.o)
 .data          0x00800321        0x0 c:/winavr-20100110/bin/../lib/gcc/avr/4.3.3/../../../../avr/lib/avr51\libc.a(strchr_P.o)
 .data          0x00800321        0x0 c:/winavr-20100110/bin/../lib/gcc/avr/4.3.3/../../../../avr/lib/avr51\libc.a(strnlen_P.o)
 .data          0x00800321        0x0 c:/winavr-20100110/bin/../lib/gcc/avr/4.3.3/../../../../avr/lib/avr51\libc.a(strnlen.o)
 .data          0x00800321        0x0 c:/winavr-20100110/bin/../lib/gcc/avr/4.3.3/../../../../avr/lib/avr51\libc.a(fgetc.o)
 .data          0x00800321        0x0 c:/winavr-20100110/bin/../lib/gcc/avr/4.3.3/../../../../avr/lib/avr51\libc.a(ungetc.o)
 .data          0x00800321        0x0 c:/winavr-20100110/bin/../lib/gcc/avr/4.3.3/../../../../avr/lib/avr51\libc.a(ultoa_invert.o)
 .data          0x00800321        0x0 c:/winavr-20100110/bin/../lib/gcc/avr/4.3.3/../../../../avr/lib/avr51\libc.a(cty_isfalse.o)
 *(.data*)
 *(.rodata)
 *(.rodata*)
 *(.gnu.linkonce.d*)
                0x00800322                . = ALIGN (0x2)
 *fill*         0x00800321        0x1 00
                0x00800322                _edata = .
                0x00800322                PROVIDE (__data_end, .)

.bss            0x00800322      0x184
                0x00800322                PROVIDE (__bss_start, .)
 *(.bss)
 .bss           0x00800322        0x0 c:/winavr-20100110/bin/../lib/gcc/avr/4.3.3/../../../../avr/lib/avr51/crtm1284p.o
 .bss           0x00800322      0x11e main.o
 .bss           0x00800440        0x0 c:/winavr-20100110/bin/../lib/gcc/avr/4.3.3/avr51\libgcc.a(_udivmodhi4.o)
 .bss           0x00800440        0x0 c:/winavr-20100110/bin/../lib/gcc/avr/4.3.3/avr51\libgcc.a(_divmodhi4.o)
 .bss           0x00800440        0x0 c:/winavr-20100110/bin/../lib/gcc/avr/4.3.3/avr51\libgcc.a(_exit.o)
 .bss           0x00800440        0x0 c:/winavr-20100110/bin/../lib/gcc/avr/4.3.3/avr51\libgcc.a(_clear_bss.o)
 .bss           0x00800440        0x0 c:/winavr-20100110/bin/../lib/gcc/avr/4.3.3/avr51\libgcc.a(_div_sf.o)
 .bss           0x00800440        0x0 c:/winavr-20100110/bin/../lib/gcc/avr/4.3.3/avr51\libgcc.a(_sf_to_si.o)
 .bss           0x00800440        0x0 c:/winavr-20100110/bin/../lib/gcc/avr/4.3.3/avr51\libgcc.a(_thenan_sf.o)
 .bss           0x00800440        0x0 c:/winavr-20100110/bin/../lib/gcc/avr/4.3.3/avr51\libgcc.a(_usi_to_sf.o)
 .bss           0x00800440        0x0 c:/winavr-20100110/bin/../lib/gcc/avr/4.3.3/avr51\libgcc.a(_prologue.o)
 .bss           0x00800440        0x0 c:/winavr-20100110/bin/../lib/gcc/avr/4.3.3/avr51\libgcc.a(_epilogue.o)
 .bss           0x00800440        0x0 c:/winavr-20100110/bin/../lib/gcc/avr/4.3.3/avr51\libgcc.a(_clzsi2.o)
 .bss           0x00800440        0x0 c:/winavr-20100110/bin/../lib/gcc/avr/4.3.3/avr51\libgcc.a(_pack_sf.o)
 .bss           0x00800440        0x0 c:/winavr-20100110/bin/../lib/gcc/avr/4.3.3/avr51\libgcc.a(_unpack_sf.o)
 .bss           0x00800440        0x0 c:/winavr-20100110/bin/../lib/gcc/avr/4.3.3/avr51\libgcc.a(_clz.o)
 .bss           0x00800440        0x0 c:/winavr-20100110/bin/../lib/gcc/avr/4.3.3/../../../../avr/lib/avr51\libc.a(strcmp.o)
 .bss           0x00800440        0x0 c:/winavr-20100110/bin/../lib/gcc/avr/4.3.3/../../../../avr/lib/avr51\libc.a(fputc.o)
 .bss           0x00800440        0x0 c:/winavr-20100110/bin/../lib/gcc/avr/4.3.3/../../../../avr/lib/avr51\libc.a(fputs.o)
 .bss           0x00800440        0x0 c:/winavr-20100110/bin/../lib/gcc/avr/4.3.3/../../../../avr/lib/avr51\libc.a(fscanf.o)
 .bss           0x00800440        0x0 c:/winavr-20100110/bin/../lib/gcc/avr/4.3.3/../../../../avr/lib/avr51\libc.a(iob.o)
 .bss           0x00800440        0x0 c:/winavr-20100110/bin/../lib/gcc/avr/4.3.3/../../../../avr/lib/avr51\libc.a(sprintf.o)
 .bss           0x00800440        0x0 c:/winavr-20100110/bin/../lib/gcc/avr/4.3.3/../../../../avr/lib/avr51\libc.a(vfprintf_std.o)
 .bss           0x00800440        0x0 c:/winavr-20100110/bin/../lib/gcc/avr/4.3.3/../../../../avr/lib/avr51\libc.a(vfscanf_std.o)
 .bss           0x00800440        0x0 c:/winavr-20100110/bin/../lib/gcc/avr/4.3.3/../../../../avr/lib/avr51\libc.a(isspace.o)
 .bss           0x00800440        0x0 c:/winavr-20100110/bin/../lib/gcc/avr/4.3.3/../../../../avr/lib/avr51\libc.a(strchr_P.o)
 .bss           0x00800440        0x0 c:/winavr-20100110/bin/../lib/gcc/avr/4.3.3/../../../../avr/lib/avr51\libc.a(strnlen_P.o)
 .bss           0x00800440        0x0 c:/winavr-20100110/bin/../lib/gcc/avr/4.3.3/../../../../avr/lib/avr51\libc.a(strnlen.o)
 .bss           0x00800440        0x0 c:/winavr-20100110/bin/../lib/gcc/avr/4.3.3/../../../../avr/lib/avr51\libc.a(fgetc.o)
 .bss           0x00800440        0x0 c:/winavr-20100110/bin/../lib/gcc/avr/4.3.3/../../../../avr/lib/avr51\libc.a(ungetc.o)
 .bss           0x00800440        0x0 c:/winavr-20100110/bin/../lib/gcc/avr/4.3.3/../../../../avr/lib/avr51\libc.a(ultoa_invert.o)
 .bss           0x00800440        0x0 c:/winavr-20100110/bin/../lib/gcc/avr/4.3.3/../../../../avr/lib/avr51\libc.a(cty_isfalse.o)
 *(.bss*)
 *(COMMON)
 COMMON         0x00800440       0x60 main.o
                0x00800440                args
                0x00800444                msec
                0x00800446                count_en
                0x00800448                dTemp
                0x0080044a                lcd_buffer
                0x0080045b                time_rem
                0x0080045d                kernel
                0x0080049d                trt_rx_c
                0x0080049e                cTemp
 COMMON         0x008004a0        0x6 c:/winavr-20100110/bin/../lib/gcc/avr/4.3.3/../../../../avr/lib/avr51\libc.a(iob.o)
                0x008004a0                __iob
                0x008004a6                PROVIDE (__bss_end, .)
                0x0000266e                __data_load_start = LOADADDR (.data)
                0x00002890                __data_load_end = (__data_load_start + SIZEOF (.data))

.noinit         0x008004a6        0x0
                0x008004a6                PROVIDE (__noinit_start, .)
 *(.noinit*)
                0x008004a6                PROVIDE (__noinit_end, .)
                0x008004a6                _end = .
                0x008004a6                PROVIDE (__heap_start, .)

.eeprom         0x00810000        0x0
 *(.eeprom*)
                0x00810000                __eeprom_end = .

.fuse
 *(.fuse)
 *(.lfuse)
 *(.hfuse)
 *(.efuse)

.lock
 *(.lock*)

.signature
 *(.signature*)

.stab
 *(.stab)

.stabstr
 *(.stabstr)

.stab.excl
 *(.stab.excl)

.stab.exclstr
 *(.stab.exclstr)

.stab.index
 *(.stab.index)

.stab.indexstr
 *(.stab.indexstr)

.comment
 *(.comment)

.debug
 *(.debug)

.line
 *(.line)

.debug_srcinfo
 *(.debug_srcinfo)

.debug_sfnames
 *(.debug_sfnames)

.debug_aranges  0x00000000       0xe0
 *(.debug_aranges)
 .debug_aranges
                0x00000000       0x20 main.o
 .debug_aranges
                0x00000020       0x20 c:/winavr-20100110/bin/../lib/gcc/avr/4.3.3/avr51\libgcc.a(_div_sf.o)
 .debug_aranges
                0x00000040       0x20 c:/winavr-20100110/bin/../lib/gcc/avr/4.3.3/avr51\libgcc.a(_sf_to_si.o)
 .debug_aranges
                0x00000060       0x20 c:/winavr-20100110/bin/../lib/gcc/avr/4.3.3/avr51\libgcc.a(_usi_to_sf.o)
 .debug_aranges
                0x00000080       0x20 c:/winavr-20100110/bin/../lib/gcc/avr/4.3.3/avr51\libgcc.a(_clzsi2.o)
 .debug_aranges
                0x000000a0       0x20 c:/winavr-20100110/bin/../lib/gcc/avr/4.3.3/avr51\libgcc.a(_pack_sf.o)
 .debug_aranges
                0x000000c0       0x20 c:/winavr-20100110/bin/../lib/gcc/avr/4.3.3/avr51\libgcc.a(_unpack_sf.o)

.debug_pubnames
                0x00000000      0x485
 *(.debug_pubnames)
 .debug_pubnames
                0x00000000      0x381 main.o
 .debug_pubnames
                0x00000381       0x1f c:/winavr-20100110/bin/../lib/gcc/avr/4.3.3/avr51\libgcc.a(_div_sf.o)
 .debug_pubnames
                0x000003a0       0x20 c:/winavr-20100110/bin/../lib/gcc/avr/4.3.3/avr51\libgcc.a(_sf_to_si.o)
 .debug_pubnames
                0x000003c0       0x22 c:/winavr-20100110/bin/../lib/gcc/avr/4.3.3/avr51\libgcc.a(_thenan_sf.o)
 .debug_pubnames
                0x000003e2       0x24 c:/winavr-20100110/bin/../lib/gcc/avr/4.3.3/avr51\libgcc.a(_usi_to_sf.o)
 .debug_pubnames
                0x00000406       0x1f c:/winavr-20100110/bin/../lib/gcc/avr/4.3.3/avr51\libgcc.a(_clzsi2.o)
 .debug_pubnames
                0x00000425       0x1f c:/winavr-20100110/bin/../lib/gcc/avr/4.3.3/avr51\libgcc.a(_pack_sf.o)
 .debug_pubnames
                0x00000444       0x21 c:/winavr-20100110/bin/../lib/gcc/avr/4.3.3/avr51\libgcc.a(_unpack_sf.o)
 .debug_pubnames
                0x00000465       0x20 c:/winavr-20100110/bin/../lib/gcc/avr/4.3.3/avr51\libgcc.a(_clz.o)

.debug_info     0x00000000     0x2293
 *(.debug_info)
 .debug_info    0x00000000     0x11c5 main.o
 .debug_info    0x000011c5      0x3fc c:/winavr-20100110/bin/../lib/gcc/avr/4.3.3/avr51\libgcc.a(_div_sf.o)
 .debug_info    0x000015c1      0x2b0 c:/winavr-20100110/bin/../lib/gcc/avr/4.3.3/avr51\libgcc.a(_sf_to_si.o)
 .debug_info    0x00001871      0x12c c:/winavr-20100110/bin/../lib/gcc/avr/4.3.3/avr51\libgcc.a(_thenan_sf.o)
 .debug_info    0x0000199d      0x206 c:/winavr-20100110/bin/../lib/gcc/avr/4.3.3/avr51\libgcc.a(_usi_to_sf.o)
 .debug_info    0x00001ba3      0x117 c:/winavr-20100110/bin/../lib/gcc/avr/4.3.3/avr51\libgcc.a(_clzsi2.o)
 .debug_info    0x00001cba      0x2df c:/winavr-20100110/bin/../lib/gcc/avr/4.3.3/avr51\libgcc.a(_pack_sf.o)
 .debug_info    0x00001f99      0x251 c:/winavr-20100110/bin/../lib/gcc/avr/4.3.3/avr51\libgcc.a(_unpack_sf.o)
 .debug_info    0x000021ea       0xa9 c:/winavr-20100110/bin/../lib/gcc/avr/4.3.3/avr51\libgcc.a(_clz.o)
 *(.gnu.linkonce.wi.*)

.debug_abbrev   0x00000000      0xd1d
 *(.debug_abbrev)
 .debug_abbrev  0x00000000      0x342 main.o
 .debug_abbrev  0x00000342      0x216 c:/winavr-20100110/bin/../lib/gcc/avr/4.3.3/avr51\libgcc.a(_div_sf.o)
 .debug_abbrev  0x00000558      0x17f c:/winavr-20100110/bin/../lib/gcc/avr/4.3.3/avr51\libgcc.a(_sf_to_si.o)
 .debug_abbrev  0x000006d7       0xad c:/winavr-20100110/bin/../lib/gcc/avr/4.3.3/avr51\libgcc.a(_thenan_sf.o)
 .debug_abbrev  0x00000784      0x157 c:/winavr-20100110/bin/../lib/gcc/avr/4.3.3/avr51\libgcc.a(_usi_to_sf.o)
 .debug_abbrev  0x000008db       0xc4 c:/winavr-20100110/bin/../lib/gcc/avr/4.3.3/avr51\libgcc.a(_clzsi2.o)
 .debug_abbrev  0x0000099f      0x1c0 c:/winavr-20100110/bin/../lib/gcc/avr/4.3.3/avr51\libgcc.a(_pack_sf.o)
 .debug_abbrev  0x00000b5f      0x154 c:/winavr-20100110/bin/../lib/gcc/avr/4.3.3/avr51\libgcc.a(_unpack_sf.o)
 .debug_abbrev  0x00000cb3       0x6a c:/winavr-20100110/bin/../lib/gcc/avr/4.3.3/avr51\libgcc.a(_clz.o)

.debug_line     0x00000000     0x1865
 *(.debug_line)
 .debug_line    0x00000000      0xfce main.o
 .debug_line    0x00000fce      0x1d5 c:/winavr-20100110/bin/../lib/gcc/avr/4.3.3/avr51\libgcc.a(_div_sf.o)
 .debug_line    0x000011a3      0x109 c:/winavr-20100110/bin/../lib/gcc/avr/4.3.3/avr51\libgcc.a(_sf_to_si.o)
 .debug_line    0x000012ac       0x90 c:/winavr-20100110/bin/../lib/gcc/avr/4.3.3/avr51\libgcc.a(_thenan_sf.o)
 .debug_line    0x0000133c      0x133 c:/winavr-20100110/bin/../lib/gcc/avr/4.3.3/avr51\libgcc.a(_usi_to_sf.o)
 .debug_line    0x0000146f       0xa5 c:/winavr-20100110/bin/../lib/gcc/avr/4.3.3/avr51\libgcc.a(_clzsi2.o)
 .debug_line    0x00001514      0x18a c:/winavr-20100110/bin/../lib/gcc/avr/4.3.3/avr51\libgcc.a(_pack_sf.o)
 .debug_line    0x0000169e      0x14b c:/winavr-20100110/bin/../lib/gcc/avr/4.3.3/avr51\libgcc.a(_unpack_sf.o)
 .debug_line    0x000017e9       0x7c c:/winavr-20100110/bin/../lib/gcc/avr/4.3.3/avr51\libgcc.a(_clz.o)

.debug_frame    0x00000000      0x3a0
 *(.debug_frame)
 .debug_frame   0x00000000      0x2e0 main.o
 .debug_frame   0x000002e0       0x20 c:/winavr-20100110/bin/../lib/gcc/avr/4.3.3/avr51\libgcc.a(_div_sf.o)
 .debug_frame   0x00000300       0x20 c:/winavr-20100110/bin/../lib/gcc/avr/4.3.3/avr51\libgcc.a(_sf_to_si.o)
 .debug_frame   0x00000320       0x20 c:/winavr-20100110/bin/../lib/gcc/avr/4.3.3/avr51\libgcc.a(_usi_to_sf.o)
 .debug_frame   0x00000340       0x20 c:/winavr-20100110/bin/../lib/gcc/avr/4.3.3/avr51\libgcc.a(_clzsi2.o)
 .debug_frame   0x00000360       0x20 c:/winavr-20100110/bin/../lib/gcc/avr/4.3.3/avr51\libgcc.a(_pack_sf.o)
 .debug_frame   0x00000380       0x20 c:/winavr-20100110/bin/../lib/gcc/avr/4.3.3/avr51\libgcc.a(_unpack_sf.o)

.debug_str      0x00000000      0x6ba
 *(.debug_str)
 .debug_str     0x00000000      0x4b1 main.o
                                0x514 (size before relaxing)
 .debug_str     0x000004b1      0x167 c:/winavr-20100110/bin/../lib/gcc/avr/4.3.3/avr51\libgcc.a(_div_sf.o)
                                0x1c9 (size before relaxing)
 .debug_str     0x00000618        0xa c:/winavr-20100110/bin/../lib/gcc/avr/4.3.3/avr51\libgcc.a(_sf_to_si.o)
                                0x19f (size before relaxing)
 .debug_str     0x00000000      0x104 c:/winavr-20100110/bin/../lib/gcc/avr/4.3.3/avr51\libgcc.a(_thenan_sf.o)
 .debug_str     0x00000622       0x21 c:/winavr-20100110/bin/../lib/gcc/avr/4.3.3/avr51\libgcc.a(_usi_to_sf.o)
                                0x178 (size before relaxing)
 .debug_str     0x00000643       0x5c c:/winavr-20100110/bin/../lib/gcc/avr/4.3.3/avr51\libgcc.a(_clzsi2.o)
                                0x112 (size before relaxing)
 .debug_str     0x0000069f       0x10 c:/winavr-20100110/bin/../lib/gcc/avr/4.3.3/avr51\libgcc.a(_pack_sf.o)
                                0x19e (size before relaxing)
 .debug_str     0x000006af        0xb c:/winavr-20100110/bin/../lib/gcc/avr/4.3.3/avr51\libgcc.a(_unpack_sf.o)
                                0x180 (size before relaxing)
 .debug_str     0x00000000       0xf5 c:/winavr-20100110/bin/../lib/gcc/avr/4.3.3/avr51\libgcc.a(_clz.o)

.debug_loc      0x00000000     0x1015
 *(.debug_loc)
 .debug_loc     0x00000000      0xc0d main.o
 .debug_loc     0x00000c0d       0xc0 c:/winavr-20100110/bin/../lib/gcc/avr/4.3.3/avr51\libgcc.a(_div_sf.o)
 .debug_loc     0x00000ccd       0x7e c:/winavr-20100110/bin/../lib/gcc/avr/4.3.3/avr51\libgcc.a(_sf_to_si.o)
 .debug_loc     0x00000d4b       0x4c c:/winavr-20100110/bin/../lib/gcc/avr/4.3.3/avr51\libgcc.a(_usi_to_sf.o)
 .debug_loc     0x00000d97       0x94 c:/winavr-20100110/bin/../lib/gcc/avr/4.3.3/avr51\libgcc.a(_clzsi2.o)
 .debug_loc     0x00000e2b      0x13e c:/winavr-20100110/bin/../lib/gcc/avr/4.3.3/avr51\libgcc.a(_pack_sf.o)
 .debug_loc     0x00000f69       0xac c:/winavr-20100110/bin/../lib/gcc/avr/4.3.3/avr51\libgcc.a(_unpack_sf.o)

.debug_macinfo
 *(.debug_macinfo)
OUTPUT(Lab5.elf elf32-avr)
LOAD linker stubs
